Archive member included to satisfy reference by file (symbol)

c:/st/stm32cubeide_1.10.1/stm32cubeide/plugins/com.st.stm32cube.ide.mcu.externaltools.gnu-tools-for-stm32.10.3-2021.10.win32_1.0.0.202111181127/tools/bin/../lib/gcc/arm-none-eabi/10.3.1/../../../../arm-none-eabi/lib/thumb/v7e-m+fp/hard\libc_nano.a(lib_a-errno.o)
                              ./Core/Src/syscalls.o (__errno)
c:/st/stm32cubeide_1.10.1/stm32cubeide/plugins/com.st.stm32cube.ide.mcu.externaltools.gnu-tools-for-stm32.10.3-2021.10.win32_1.0.0.202111181127/tools/bin/../lib/gcc/arm-none-eabi/10.3.1/../../../../arm-none-eabi/lib/thumb/v7e-m+fp/hard\libc_nano.a(lib_a-exit.o)
                              c:/st/stm32cubeide_1.10.1/stm32cubeide/plugins/com.st.stm32cube.ide.mcu.externaltools.gnu-tools-for-stm32.10.3-2021.10.win32_1.0.0.202111181127/tools/bin/../lib/gcc/arm-none-eabi/10.3.1/../../../../arm-none-eabi/lib/thumb/v7e-m+fp/hard/crt0.o (exit)
c:/st/stm32cubeide_1.10.1/stm32cubeide/plugins/com.st.stm32cube.ide.mcu.externaltools.gnu-tools-for-stm32.10.3-2021.10.win32_1.0.0.202111181127/tools/bin/../lib/gcc/arm-none-eabi/10.3.1/../../../../arm-none-eabi/lib/thumb/v7e-m+fp/hard\libc_nano.a(lib_a-impure.o)
                              c:/st/stm32cubeide_1.10.1/stm32cubeide/plugins/com.st.stm32cube.ide.mcu.externaltools.gnu-tools-for-stm32.10.3-2021.10.win32_1.0.0.202111181127/tools/bin/../lib/gcc/arm-none-eabi/10.3.1/../../../../arm-none-eabi/lib/thumb/v7e-m+fp/hard\libc_nano.a(lib_a-exit.o) (_global_impure_ptr)
c:/st/stm32cubeide_1.10.1/stm32cubeide/plugins/com.st.stm32cube.ide.mcu.externaltools.gnu-tools-for-stm32.10.3-2021.10.win32_1.0.0.202111181127/tools/bin/../lib/gcc/arm-none-eabi/10.3.1/../../../../arm-none-eabi/lib/thumb/v7e-m+fp/hard\libc_nano.a(lib_a-init.o)
                              c:/st/stm32cubeide_1.10.1/stm32cubeide/plugins/com.st.stm32cube.ide.mcu.externaltools.gnu-tools-for-stm32.10.3-2021.10.win32_1.0.0.202111181127/tools/bin/../lib/gcc/arm-none-eabi/10.3.1/../../../../arm-none-eabi/lib/thumb/v7e-m+fp/hard/crt0.o (__libc_init_array)
c:/st/stm32cubeide_1.10.1/stm32cubeide/plugins/com.st.stm32cube.ide.mcu.externaltools.gnu-tools-for-stm32.10.3-2021.10.win32_1.0.0.202111181127/tools/bin/../lib/gcc/arm-none-eabi/10.3.1/../../../../arm-none-eabi/lib/thumb/v7e-m+fp/hard\libc_nano.a(lib_a-memcpy-stub.o)
                              ./Middlewares/Third_Party/FreeRTOS/Source/CMSIS_RTOS_V2/cmsis_os2.o (memcpy)
c:/st/stm32cubeide_1.10.1/stm32cubeide/plugins/com.st.stm32cube.ide.mcu.externaltools.gnu-tools-for-stm32.10.3-2021.10.win32_1.0.0.202111181127/tools/bin/../lib/gcc/arm-none-eabi/10.3.1/../../../../arm-none-eabi/lib/thumb/v7e-m+fp/hard\libc_nano.a(lib_a-memset.o)
                              c:/st/stm32cubeide_1.10.1/stm32cubeide/plugins/com.st.stm32cube.ide.mcu.externaltools.gnu-tools-for-stm32.10.3-2021.10.win32_1.0.0.202111181127/tools/bin/../lib/gcc/arm-none-eabi/10.3.1/../../../../arm-none-eabi/lib/thumb/v7e-m+fp/hard/crt0.o (memset)
c:/st/stm32cubeide_1.10.1/stm32cubeide/plugins/com.st.stm32cube.ide.mcu.externaltools.gnu-tools-for-stm32.10.3-2021.10.win32_1.0.0.202111181127/tools/bin/../lib/gcc/arm-none-eabi/10.3.1/thumb/v7e-m+fp/hard\libgcc.a(_aeabi_ldivmod.o)
                              ./Drivers/STM32F4xx_HAL_Driver/Src/stm32f4xx_hal_rcc.o (__aeabi_ldivmod)
c:/st/stm32cubeide_1.10.1/stm32cubeide/plugins/com.st.stm32cube.ide.mcu.externaltools.gnu-tools-for-stm32.10.3-2021.10.win32_1.0.0.202111181127/tools/bin/../lib/gcc/arm-none-eabi/10.3.1/thumb/v7e-m+fp/hard\libgcc.a(_aeabi_uldivmod.o)
                              ./Drivers/STM32F4xx_HAL_Driver/Src/stm32f4xx_hal_rcc.o (__aeabi_uldivmod)
c:/st/stm32cubeide_1.10.1/stm32cubeide/plugins/com.st.stm32cube.ide.mcu.externaltools.gnu-tools-for-stm32.10.3-2021.10.win32_1.0.0.202111181127/tools/bin/../lib/gcc/arm-none-eabi/10.3.1/thumb/v7e-m+fp/hard\libgcc.a(_udivmoddi4.o)
                              c:/st/stm32cubeide_1.10.1/stm32cubeide/plugins/com.st.stm32cube.ide.mcu.externaltools.gnu-tools-for-stm32.10.3-2021.10.win32_1.0.0.202111181127/tools/bin/../lib/gcc/arm-none-eabi/10.3.1/thumb/v7e-m+fp/hard\libgcc.a(_aeabi_ldivmod.o) (__udivmoddi4)
c:/st/stm32cubeide_1.10.1/stm32cubeide/plugins/com.st.stm32cube.ide.mcu.externaltools.gnu-tools-for-stm32.10.3-2021.10.win32_1.0.0.202111181127/tools/bin/../lib/gcc/arm-none-eabi/10.3.1/thumb/v7e-m+fp/hard\libgcc.a(_dvmd_tls.o)
                              c:/st/stm32cubeide_1.10.1/stm32cubeide/plugins/com.st.stm32cube.ide.mcu.externaltools.gnu-tools-for-stm32.10.3-2021.10.win32_1.0.0.202111181127/tools/bin/../lib/gcc/arm-none-eabi/10.3.1/thumb/v7e-m+fp/hard\libgcc.a(_aeabi_ldivmod.o) (__aeabi_ldiv0)

Discarded input sections

 .text          0x0000000000000000        0x0 c:/st/stm32cubeide_1.10.1/stm32cubeide/plugins/com.st.stm32cube.ide.mcu.externaltools.gnu-tools-for-stm32.10.3-2021.10.win32_1.0.0.202111181127/tools/bin/../lib/gcc/arm-none-eabi/10.3.1/thumb/v7e-m+fp/hard/crti.o
[...]
Memory Configuration

Name             Origin             Length             Attributes
RAM              0x0000000020000000 0x0000000000020000 xrw
FLASH            0x0000000008000000 0x0000000000080000 xr
*default*        0x0000000000000000 0xffffffffffffffff

Linker script and memory map

LOAD c:/st/stm32cubeide_1.10.1/stm32cubeide/plugins/com.st.stm32cube.ide.mcu.externaltools.gnu-tools-for-stm32.10.3-2021.10.win32_1.0.0.202111181127/tools/bin/../lib/gcc/arm-none-eabi/10.3.1/thumb/v7e-m+fp/hard/crti.o
LOAD c:/st/stm32cubeide_1.10.1/stm32cubeide/plugins/com.st.stm32cube.ide.mcu.externaltools.gnu-tools-for-stm32.10.3-2021.10.win32_1.0.0.202111181127/tools/bin/../lib/gcc/arm-none-eabi/10.3.1/thumb/v7e-m+fp/hard/crtbegin.o
LOAD c:/st/stm32cubeide_1.10.1/stm32cubeide/plugins/com.st.stm32cube.ide.mcu.externaltools.gnu-tools-for-stm32.10.3-2021.10.win32_1.0.0.202111181127/tools/bin/../lib/gcc/arm-none-eabi/10.3.1/../../../../arm-none-eabi/lib/thumb/v7e-m+fp/hard/crt0.o
LOAD ./Core/Src/freertos.o
LOAD ./Core/Src/keyboard.o
LOAD ./Core/Src/main.o
LOAD ./Core/Src/semaforo.o
LOAD ./Core/Src/stm32f4xx_hal_msp.o
LOAD ./Core/Src/stm32f4xx_it.o
LOAD ./Core/Src/syscalls.o
LOAD ./Core/Src/sysmem.o
LOAD ./Core/Src/system_stm32f4xx.o
LOAD ./Core/Src/uart.o
LOAD ./Core/Startup/startup_stm32f411retx.o
LOAD ./Drivers/STM32F4xx_HAL_Driver/Src/stm32f4xx_hal.o
LOAD ./Drivers/STM32F4xx_HAL_Driver/Src/stm32f4xx_hal_cortex.o
LOAD ./Drivers/STM32F4xx_HAL_Driver/Src/stm32f4xx_hal_dma.o
LOAD ./Drivers/STM32F4xx_HAL_Driver/Src/stm32f4xx_hal_dma_ex.o
LOAD ./Drivers/STM32F4xx_HAL_Driver/Src/stm32f4xx_hal_exti.o
LOAD ./Drivers/STM32F4xx_HAL_Driver/Src/stm32f4xx_hal_flash.o
LOAD ./Drivers/STM32F4xx_HAL_Driver/Src/stm32f4xx_hal_flash_ex.o
LOAD ./Drivers/STM32F4xx_HAL_Driver/Src/stm32f4xx_hal_flash_ramfunc.o
LOAD ./Drivers/STM32F4xx_HAL_Driver/Src/stm32f4xx_hal_gpio.o
LOAD ./Drivers/STM32F4xx_HAL_Driver/Src/stm32f4xx_hal_pwr.o
LOAD ./Drivers/STM32F4xx_HAL_Driver/Src/stm32f4xx_hal_pwr_ex.o
LOAD ./Drivers/STM32F4xx_HAL_Driver/Src/stm32f4xx_hal_rcc.o
LOAD ./Drivers/STM32F4xx_HAL_Driver/Src/stm32f4xx_hal_rcc_ex.o
LOAD ./Drivers/STM32F4xx_HAL_Driver/Src/stm32f4xx_hal_uart.o
LOAD ./Middlewares/Third_Party/FreeRTOS/Source/CMSIS_RTOS_V2/cmsis_os2.o
LOAD ./Middlewares/Third_Party/FreeRTOS/Source/croutine.o
LOAD ./Middlewares/Third_Party/FreeRTOS/Source/event_groups.o
LOAD ./Middlewares/Third_Party/FreeRTOS/Source/list.o
LOAD ./Middlewares/Third_Party/FreeRTOS/Source/queue.o
LOAD ./Middlewares/Third_Party/FreeRTOS/Source/stream_buffer.o
LOAD ./Middlewares/Third_Party/FreeRTOS/Source/tasks.o
LOAD ./Middlewares/Third_Party/FreeRTOS/Source/timers.o
LOAD ./Middlewares/Third_Party/FreeRTOS/Source/portable/GCC/ARM_CM4F/port.o
LOAD ./Middlewares/Third_Party/FreeRTOS/Source/portable/MemMang/heap_4.o
START GROUP
LOAD c:/st/stm32cubeide_1.10.1/stm32cubeide/plugins/com.st.stm32cube.ide.mcu.externaltools.gnu-tools-for-stm32.10.3-2021.10.win32_1.0.0.202111181127/tools/bin/../lib/gcc/arm-none-eabi/10.3.1/../../../../arm-none-eabi/lib/thumb/v7e-m+fp/hard\libc_nano.a
LOAD c:/st/stm32cubeide_1.10.1/stm32cubeide/plugins/com.st.stm32cube.ide.mcu.externaltools.gnu-tools-for-stm32.10.3-2021.10.win32_1.0.0.202111181127/tools/bin/../lib/gcc/arm-none-eabi/10.3.1/../../../../arm-none-eabi/lib/thumb/v7e-m+fp/hard\libm.a
END GROUP
START GROUP
LOAD c:/st/stm32cubeide_1.10.1/stm32cubeide/plugins/com.st.stm32cube.ide.mcu.externaltools.gnu-tools-for-stm32.10.3-2021.10.win32_1.0.0.202111181127/tools/bin/../lib/gcc/arm-none-eabi/10.3.1/thumb/v7e-m+fp/hard\libgcc.a
LOAD c:/st/stm32cubeide_1.10.1/stm32cubeide/plugins/com.st.stm32cube.ide.mcu.externaltools.gnu-tools-for-stm32.10.3-2021.10.win32_1.0.0.202111181127/tools/bin/../lib/gcc/arm-none-eabi/10.3.1/../../../../arm-none-eabi/lib/thumb/v7e-m+fp/hard\libc_nano.a
END GROUP
START GROUP
LOAD c:/st/stm32cubeide_1.10.1/stm32cubeide/plugins/com.st.stm32cube.ide.mcu.externaltools.gnu-tools-for-stm32.10.3-2021.10.win32_1.0.0.202111181127/tools/bin/../lib/gcc/arm-none-eabi/10.3.1/thumb/v7e-m+fp/hard\libgcc.a
LOAD c:/st/stm32cubeide_1.10.1/stm32cubeide/plugins/com.st.stm32cube.ide.mcu.externaltools.gnu-tools-for-stm32.10.3-2021.10.win32_1.0.0.202111181127/tools/bin/../lib/gcc/arm-none-eabi/10.3.1/../../../../arm-none-eabi/lib/thumb/v7e-m+fp/hard\libc_nano.a
LOAD c:/st/stm32cubeide_1.10.1/stm32cubeide/plugins/com.st.stm32cube.ide.mcu.externaltools.gnu-tools-for-stm32.10.3-2021.10.win32_1.0.0.202111181127/tools/bin/../lib/gcc/arm-none-eabi/10.3.1/../../../../arm-none-eabi/lib/thumb/v7e-m+fp/hard\libnosys.a
END GROUP
START GROUP
LOAD c:/st/stm32cubeide_1.10.1/stm32cubeide/plugins/com.st.stm32cube.ide.mcu.externaltools.gnu-tools-for-stm32.10.3-2021.10.win32_1.0.0.202111181127/tools/bin/../lib/gcc/arm-none-eabi/10.3.1/thumb/v7e-m+fp/hard\libgcc.a
LOAD c:/st/stm32cubeide_1.10.1/stm32cubeide/plugins/com.st.stm32cube.ide.mcu.externaltools.gnu-tools-for-stm32.10.3-2021.10.win32_1.0.0.202111181127/tools/bin/../lib/gcc/arm-none-eabi/10.3.1/../../../../arm-none-eabi/lib/thumb/v7e-m+fp/hard\libc_nano.a
LOAD c:/st/stm32cubeide_1.10.1/stm32cubeide/plugins/com.st.stm32cube.ide.mcu.externaltools.gnu-tools-for-stm32.10.3-2021.10.win32_1.0.0.202111181127/tools/bin/../lib/gcc/arm-none-eabi/10.3.1/../../../../arm-none-eabi/lib/thumb/v7e-m+fp/hard\libnosys.a
END GROUP
LOAD c:/st/stm32cubeide_1.10.1/stm32cubeide/plugins/com.st.stm32cube.ide.mcu.externaltools.gnu-tools-for-stm32.10.3-2021.10.win32_1.0.0.202111181127/tools/bin/../lib/gcc/arm-none-eabi/10.3.1/thumb/v7e-m+fp/hard/crtend.o
LOAD c:/st/stm32cubeide_1.10.1/stm32cubeide/plugins/com.st.stm32cube.ide.mcu.externaltools.gnu-tools-for-stm32.10.3-2021.10.win32_1.0.0.202111181127/tools/bin/../lib/gcc/arm-none-eabi/10.3.1/thumb/v7e-m+fp/hard/crtn.o
                0x0000000020020000                _estack = (ORIGIN (RAM) + LENGTH (RAM))
                0x0000000000000200                _Min_Heap_Size = 0x200
                0x0000000000000400                _Min_Stack_Size = 0x400

.isr_vector     0x0000000008000000      0x198
                0x0000000008000000                . = ALIGN (0x4)
 *(.isr_vector)
 .isr_vector    0x0000000008000000      0x198 ./Core/Startup/startup_stm32f411retx.o
                0x0000000008000000                g_pfnVectors
                0x0000000008000198                . = ALIGN (0x4)

.text           0x00000000080001a0     0x40bc
                0x00000000080001a0                . = ALIGN (0x4)
 *(.text)
 .text          0x00000000080001a0       0x40 c:/st/stm32cubeide_1.10.1/stm32cubeide/plugins/com.st.stm32cube.ide.mcu.externaltools.gnu-tools-for-stm32.10.3-2021.10.win32_1.0.0.202111181127/tools/bin/../lib/gcc/arm-none-eabi/10.3.1/thumb/v7e-m+fp/hard/crtbegin.o
 .text          0x00000000080001e0       0x30 c:/st/stm32cubeide_1.10.1/stm32cubeide/plugins/com.st.stm32cube.ide.mcu.externaltools.gnu-tools-for-stm32.10.3-2021.10.win32_1.0.0.202111181127/tools/bin/../lib/gcc/arm-none-eabi/10.3.1/thumb/v7e-m+fp/hard\libgcc.a(_aeabi_uldivmod.o)
                0x00000000080001e0                __aeabi_uldivmod
 .text          0x0000000008000210      0x2d0 c:/st/stm32cubeide_1.10.1/stm32cubeide/plugins/com.st.stm32cube.ide.mcu.externaltools.gnu-tools-for-stm32.10.3-2021.10.win32_1.0.0.202111181127/tools/bin/../lib/gcc/arm-none-eabi/10.3.1/thumb/v7e-m+fp/hard\libgcc.a(_udivmoddi4.o)
                0x0000000008000210                __udivmoddi4
 .text          0x00000000080004e0        0x4 c:/st/stm32cubeide_1.10.1/stm32cubeide/plugins/com.st.stm32cube.ide.mcu.externaltools.gnu-tools-for-stm32.10.3-2021.10.win32_1.0.0.202111181127/tools/bin/../lib/gcc/arm-none-eabi/10.3.1/thumb/v7e-m+fp/hard\libgcc.a(_dvmd_tls.o)
                0x00000000080004e0                __aeabi_idiv0
                0x00000000080004e0                __aeabi_ldiv0
 *(.text*)
 .text.writeColum
                0x00000000080004e4       0x38 ./Core/Src/keyboard.o
                0x00000000080004e4                writeColum
 .text.readRow  0x000000000800051c       0x34 ./Core/Src/keyboard.o
                0x000000000800051c                readRow
 .text.delayKey
                0x0000000008000550       0x24 ./Core/Src/keyboard.o
                0x0000000008000550                delayKey
 .text.getKeyBoardColumn
                0x0000000008000574       0x40 ./Core/Src/keyboard.o
                0x0000000008000574                getKeyBoardColumn
 .text.resetKeyBoard
                0x00000000080005b4       0x24 ./Core/Src/keyboard.o
                0x00000000080005b4                resetKeyBoard
 .text.getKeyBoardMsg
                0x00000000080005d8       0x2c ./Core/Src/keyboard.o
                0x00000000080005d8                getKeyBoardMsg
 .text.handleKeyBoard
                0x0000000008000604       0x18 ./Core/Src/keyboard.o
                0x0000000008000604                handleKeyBoard
 .text.StartSemNormalTask
                0x000000000800061c        0x8 ./Core/Src/main.o
                0x000000000800061c                StartSemNormalTask
 .text.StartSemGestionTask
                0x0000000008000624       0x24 ./Core/Src/main.o
                0x0000000008000624                StartSemGestionTask
 .text.StartSirenaTask
                0x0000000008000648       0x2c ./Core/Src/main.o
                0x0000000008000648                StartSirenaTask
 .text.StartKeyboardTask
                0x0000000008000674       0x50 ./Core/Src/main.o
                0x0000000008000674                StartKeyboardTask
 .text.HAL_GPIO_EXTI_Callback
                0x00000000080006c4       0x5a ./Core/Src/main.o
                0x00000000080006c4                HAL_GPIO_EXTI_Callback
 *fill*         0x000000000800071e        0x2 
 .text.createOsObjects
                0x0000000008000720       0x54 ./Core/Src/main.o
                0x0000000008000720                createOsObjects
 .text.createOsThreads
                0x0000000008000774       0x6c ./Core/Src/main.o
                0x0000000008000774                createOsThreads
 .text.SystemClock_Config
                0x00000000080007e0       0x88 ./Core/Src/main.o
                0x00000000080007e0                SystemClock_Config
 .text.startup.main
                0x0000000008000868      0x158 ./Core/Src/main.o
                0x0000000008000868                main
 .text.handleGPIOEXTIPIR
                0x00000000080009c0       0x20 ./Core/Src/semaforo.o
                0x00000000080009c0                handleGPIOEXTIPIR
 .text.setRojo  0x00000000080009e0       0x38 ./Core/Src/semaforo.o
                0x00000000080009e0                setRojo
 .text.setAmbar
                0x0000000008000a18       0x38 ./Core/Src/semaforo.o
                0x0000000008000a18                setAmbar
 .text.setVerde
                0x0000000008000a50       0x38 ./Core/Src/semaforo.o
                0x0000000008000a50                setVerde
 .text.setSirena
                0x0000000008000a88       0x68 ./Core/Src/semaforo.o
                0x0000000008000a88                setSirena
 .text.runSemaforoNormal
                0x0000000008000af0       0x2a ./Core/Src/semaforo.o
                0x0000000008000af0                runSemaforoNormal
 .text.runSirena
                0x0000000008000b1a       0x12 ./Core/Src/semaforo.o
                0x0000000008000b1a                runSirena
 .text.HAL_MspInit
                0x0000000008000b2c       0x40 ./Core/Src/stm32f4xx_hal_msp.o
                0x0000000008000b2c                HAL_MspInit
 .text.HAL_UART_MspInit
                0x0000000008000b6c       0x7c ./Core/Src/stm32f4xx_hal_msp.o
                0x0000000008000b6c                HAL_UART_MspInit
 .text.NMI_Handler
                0x0000000008000be8        0x2 ./Core/Src/stm32f4xx_it.o
                0x0000000008000be8                NMI_Handler
 .text.HardFault_Handler
                0x0000000008000bea        0x2 ./Core/Src/stm32f4xx_it.o
                0x0000000008000bea                HardFault_Handler
 .text.MemManage_Handler
                0x0000000008000bec        0x2 ./Core/Src/stm32f4xx_it.o
                0x0000000008000bec                MemManage_Handler
 .text.BusFault_Handler
                0x0000000008000bee        0x2 ./Core/Src/stm32f4xx_it.o
                0x0000000008000bee                BusFault_Handler
 .text.UsageFault_Handler
                0x0000000008000bf0        0x2 ./Core/Src/stm32f4xx_it.o
                0x0000000008000bf0                UsageFault_Handler
 .text.DebugMon_Handler
                0x0000000008000bf2        0x2 ./Core/Src/stm32f4xx_it.o
                0x0000000008000bf2                DebugMon_Handler
 .text.SysTick_Handler
                0x0000000008000bf4       0x18 ./Core/Src/stm32f4xx_it.o
                0x0000000008000bf4                SysTick_Handler
 .text.EXTI9_5_IRQHandler
                0x0000000008000c0c       0x22 ./Core/Src/stm32f4xx_it.o
                0x0000000008000c0c                EXTI9_5_IRQHandler
 *fill*         0x0000000008000c2e        0x2 
 .text.USART2_IRQHandler
                0x0000000008000c30        0xc ./Core/Src/stm32f4xx_it.o
                0x0000000008000c30                USART2_IRQHandler
 .text.SystemInit
                0x0000000008000c3c       0x14 ./Core/Src/system_stm32f4xx.o
                0x0000000008000c3c                SystemInit
 .text.HAL_UART_RxCpltCallback
                0x0000000008000c50       0x2c ./Core/Src/uart.o
                0x0000000008000c50                HAL_UART_RxCpltCallback
 .text.sendUARTMensaje
                0x0000000008000c7c       0x34 ./Core/Src/uart.o
                0x0000000008000c7c                sendUARTMensaje
 .text.handleUARTRx
                0x0000000008000cb0       0x64 ./Core/Src/uart.o
                0x0000000008000cb0                handleUARTRx
 .text.Reset_Handler
                0x0000000008000d14       0x50 ./Core/Startup/startup_stm32f411retx.o
                0x0000000008000d14                Reset_Handler
 .text.Default_Handler
                0x0000000008000d64        0x2 ./Core/Startup/startup_stm32f411retx.o
                0x0000000008000d64                RTC_Alarm_IRQHandler
                0x0000000008000d64                EXTI2_IRQHandler
                0x0000000008000d64                SPI4_IRQHandler
                0x0000000008000d64                TIM1_CC_IRQHandler
                0x0000000008000d64                DMA2_Stream5_IRQHandler
                0x0000000008000d64                DMA1_Stream5_IRQHandler
                0x0000000008000d64                PVD_IRQHandler
                0x0000000008000d64                SDIO_IRQHandler
                0x0000000008000d64                TAMP_STAMP_IRQHandler
                0x0000000008000d64                EXTI3_IRQHandler
                0x0000000008000d64                TIM1_UP_TIM10_IRQHandler
                0x0000000008000d64                I2C3_ER_IRQHandler
                0x0000000008000d64                EXTI0_IRQHandler
                0x0000000008000d64                I2C2_EV_IRQHandler
                0x0000000008000d64                DMA1_Stream2_IRQHandler
                0x0000000008000d64                FPU_IRQHandler
                0x0000000008000d64                DMA2_Stream2_IRQHandler
                0x0000000008000d64                SPI1_IRQHandler
                0x0000000008000d64                TIM1_BRK_TIM9_IRQHandler
                0x0000000008000d64                DMA2_Stream3_IRQHandler
                0x0000000008000d64                USART6_IRQHandler
                0x0000000008000d64                DMA2_Stream0_IRQHandler
                0x0000000008000d64                TIM4_IRQHandler
                0x0000000008000d64                I2C1_EV_IRQHandler
                0x0000000008000d64                DMA1_Stream6_IRQHandler
                0x0000000008000d64                DMA1_Stream1_IRQHandler
                0x0000000008000d64                TIM3_IRQHandler
                0x0000000008000d64                RCC_IRQHandler
                0x0000000008000d64                Default_Handler
                0x0000000008000d64                EXTI15_10_IRQHandler
                0x0000000008000d64                ADC_IRQHandler
                0x0000000008000d64                DMA1_Stream7_IRQHandler
                0x0000000008000d64                SPI5_IRQHandler
                0x0000000008000d64                TIM5_IRQHandler
                0x0000000008000d64                DMA2_Stream7_IRQHandler
                0x0000000008000d64                I2C3_EV_IRQHandler
                0x0000000008000d64                RTC_WKUP_IRQHandler
                0x0000000008000d64                SPI2_IRQHandler
                0x0000000008000d64                DMA1_Stream0_IRQHandler
                0x0000000008000d64                EXTI4_IRQHandler
                0x0000000008000d64                WWDG_IRQHandler
                0x0000000008000d64                TIM2_IRQHandler
                0x0000000008000d64                OTG_FS_WKUP_IRQHandler
                0x0000000008000d64                TIM1_TRG_COM_TIM11_IRQHandler
                0x0000000008000d64                EXTI1_IRQHandler
                0x0000000008000d64                I2C2_ER_IRQHandler
                0x0000000008000d64                DMA2_Stream1_IRQHandler
                0x0000000008000d64                FLASH_IRQHandler
                0x0000000008000d64                DMA2_Stream4_IRQHandler
                0x0000000008000d64                USART1_IRQHandler
                0x0000000008000d64                OTG_FS_IRQHandler
                0x0000000008000d64                SPI3_IRQHandler
                0x0000000008000d64                DMA1_Stream4_IRQHandler
                0x0000000008000d64                I2C1_ER_IRQHandler
                0x0000000008000d64                DMA2_Stream6_IRQHandler
                0x0000000008000d64                DMA1_Stream3_IRQHandler
 *fill*         0x0000000008000d66        0x2 
 .text.HAL_InitTick
                0x0000000008000d68       0x48 ./Drivers/STM32F4xx_HAL_Driver/Src/stm32f4xx_hal.o
                0x0000000008000d68                HAL_InitTick
 .text.HAL_Init
                0x0000000008000db0       0x34 ./Drivers/STM32F4xx_HAL_Driver/Src/stm32f4xx_hal.o
                0x0000000008000db0                HAL_Init
 .text.HAL_IncTick
                0x0000000008000de4       0x18 ./Drivers/STM32F4xx_HAL_Driver/Src/stm32f4xx_hal.o
                0x0000000008000de4                HAL_IncTick
 .text.HAL_GetTick
                0x0000000008000dfc        0xc ./Drivers/STM32F4xx_HAL_Driver/Src/stm32f4xx_hal.o
                0x0000000008000dfc                HAL_GetTick
 .text.HAL_NVIC_SetPriorityGrouping
                0x0000000008000e08       0x24 ./Drivers/STM32F4xx_HAL_Driver/Src/stm32f4xx_hal_cortex.o
                0x0000000008000e08                HAL_NVIC_SetPriorityGrouping
 .text.HAL_NVIC_SetPriority
                0x0000000008000e2c       0x64 ./Drivers/STM32F4xx_HAL_Driver/Src/stm32f4xx_hal_cortex.o
                0x0000000008000e2c                HAL_NVIC_SetPriority
 .text.HAL_NVIC_EnableIRQ
                0x0000000008000e90       0x1c ./Drivers/STM32F4xx_HAL_Driver/Src/stm32f4xx_hal_cortex.o
                0x0000000008000e90                HAL_NVIC_EnableIRQ
 .text.HAL_SYSTICK_Config
                0x0000000008000eac       0x28 ./Drivers/STM32F4xx_HAL_Driver/Src/stm32f4xx_hal_cortex.o
                0x0000000008000eac                HAL_SYSTICK_Config
 .text.HAL_DMA_Abort
                0x0000000008000ed4       0x88 ./Drivers/STM32F4xx_HAL_Driver/Src/stm32f4xx_hal_dma.o
                0x0000000008000ed4                HAL_DMA_Abort
 .text.HAL_DMA_Abort_IT
                0x0000000008000f5c       0x24 ./Drivers/STM32F4xx_HAL_Driver/Src/stm32f4xx_hal_dma.o
                0x0000000008000f5c                HAL_DMA_Abort_IT
 .text.HAL_GPIO_Init
                0x0000000008000f80      0x190 ./Drivers/STM32F4xx_HAL_Driver/Src/stm32f4xx_hal_gpio.o
                0x0000000008000f80                HAL_GPIO_Init
 .text.HAL_GPIO_ReadPin
                0x0000000008001110        0xc ./Drivers/STM32F4xx_HAL_Driver/Src/stm32f4xx_hal_gpio.o
                0x0000000008001110                HAL_GPIO_ReadPin
 .text.HAL_GPIO_WritePin
                0x000000000800111c        0xa ./Drivers/STM32F4xx_HAL_Driver/Src/stm32f4xx_hal_gpio.o
                0x000000000800111c                HAL_GPIO_WritePin
 .text.HAL_GPIO_TogglePin
                0x0000000008001126       0x12 ./Drivers/STM32F4xx_HAL_Driver/Src/stm32f4xx_hal_gpio.o
                0x0000000008001126                HAL_GPIO_TogglePin
 .text.HAL_GPIO_EXTI_IRQHandler
                0x0000000008001138       0x18 ./Drivers/STM32F4xx_HAL_Driver/Src/stm32f4xx_hal_gpio.o
                0x0000000008001138                HAL_GPIO_EXTI_IRQHandler
 .text.HAL_RCC_OscConfig
                0x0000000008001150      0x360 ./Drivers/STM32F4xx_HAL_Driver/Src/stm32f4xx_hal_rcc.o
                0x0000000008001150                HAL_RCC_OscConfig
 .text.HAL_RCC_GetSysClockFreq
                0x00000000080014b0       0x5c ./Drivers/STM32F4xx_HAL_Driver/Src/stm32f4xx_hal_rcc.o
                0x00000000080014b0                HAL_RCC_GetSysClockFreq
 .text.HAL_RCC_ClockConfig
                0x000000000800150c      0x138 ./Drivers/STM32F4xx_HAL_Driver/Src/stm32f4xx_hal_rcc.o
                0x000000000800150c                HAL_RCC_ClockConfig
 .text.HAL_RCC_GetPCLK1Freq
                0x0000000008001644       0x20 ./Drivers/STM32F4xx_HAL_Driver/Src/stm32f4xx_hal_rcc.o
                0x0000000008001644                HAL_RCC_GetPCLK1Freq
 .text.HAL_RCC_GetPCLK2Freq
                0x0000000008001664       0x20 ./Drivers/STM32F4xx_HAL_Driver/Src/stm32f4xx_hal_rcc.o
                0x0000000008001664                HAL_RCC_GetPCLK2Freq
 .text.UART_EndRxTransfer
                0x0000000008001684       0x5c ./Drivers/STM32F4xx_HAL_Driver/Src/stm32f4xx_hal_uart.o
 .text.UART_SetConfig
                0x00000000080016e0       0xbc ./Drivers/STM32F4xx_HAL_Driver/Src/stm32f4xx_hal_uart.o
 .text.UART_WaitOnFlagUntilTimeout.constprop.0
                0x000000000800179c       0x6c ./Drivers/STM32F4xx_HAL_Driver/Src/stm32f4xx_hal_uart.o
 .text.HAL_UART_Init
                0x0000000008001808       0x5c ./Drivers/STM32F4xx_HAL_Driver/Src/stm32f4xx_hal_uart.o
                0x0000000008001808                HAL_UART_Init
 .text.HAL_UART_Transmit
                0x0000000008001864       0xaa ./Drivers/STM32F4xx_HAL_Driver/Src/stm32f4xx_hal_uart.o
                0x0000000008001864                HAL_UART_Transmit
 .text.HAL_UART_TxCpltCallback
                0x000000000800190e        0x2 ./Drivers/STM32F4xx_HAL_Driver/Src/stm32f4xx_hal_uart.o
                0x000000000800190e                HAL_UART_TxCpltCallback
 .text.HAL_UART_ErrorCallback
                0x0000000008001910        0x2 ./Drivers/STM32F4xx_HAL_Driver/Src/stm32f4xx_hal_uart.o
                0x0000000008001910                HAL_UART_ErrorCallback
 .text.UART_DMAAbortOnError
                0x0000000008001912       0x10 ./Drivers/STM32F4xx_HAL_Driver/Src/stm32f4xx_hal_uart.o
 .text.HAL_UARTEx_RxEventCallback
                0x0000000008001922        0x2 ./Drivers/STM32F4xx_HAL_Driver/Src/stm32f4xx_hal_uart.o
                0x0000000008001922                HAL_UARTEx_RxEventCallback
 .text.UART_Receive_IT.part.0.isra.0
                0x0000000008001924       0xac ./Drivers/STM32F4xx_HAL_Driver/Src/stm32f4xx_hal_uart.o
 .text.HAL_UART_IRQHandler
                0x00000000080019d0      0x2a0 ./Drivers/STM32F4xx_HAL_Driver/Src/stm32f4xx_hal_uart.o
                0x00000000080019d0                HAL_UART_IRQHandler
 .text.UART_Start_Receive_IT
                0x0000000008001c70       0x36 ./Drivers/STM32F4xx_HAL_Driver/Src/stm32f4xx_hal_uart.o
                0x0000000008001c70                UART_Start_Receive_IT
 .text.HAL_UART_Receive_IT
                0x0000000008001ca6       0x30 ./Drivers/STM32F4xx_HAL_Driver/Src/stm32f4xx_hal_uart.o
                0x0000000008001ca6                HAL_UART_Receive_IT
 *fill*         0x0000000008001cd6        0x2 
 .text.osKernelInitialize
                0x0000000008001cd8       0x24 ./Middlewares/Third_Party/FreeRTOS/Source/CMSIS_RTOS_V2/cmsis_os2.o
                0x0000000008001cd8                osKernelInitialize
 .text.osKernelStart
                0x0000000008001cfc       0x34 ./Middlewares/Third_Party/FreeRTOS/Source/CMSIS_RTOS_V2/cmsis_os2.o
                0x0000000008001cfc                osKernelStart
 .text.osThreadNew
                0x0000000008001d30       0x92 ./Middlewares/Third_Party/FreeRTOS/Source/CMSIS_RTOS_V2/cmsis_os2.o
                0x0000000008001d30                osThreadNew
 .text.osThreadSuspend
                0x0000000008001dc2       0x1e ./Middlewares/Third_Party/FreeRTOS/Source/CMSIS_RTOS_V2/cmsis_os2.o
                0x0000000008001dc2                osThreadSuspend
 .text.osThreadResume
                0x0000000008001de0       0x1e ./Middlewares/Third_Party/FreeRTOS/Source/CMSIS_RTOS_V2/cmsis_os2.o
                0x0000000008001de0                osThreadResume
 .text.osDelay  0x0000000008001dfe       0x18 ./Middlewares/Third_Party/FreeRTOS/Source/CMSIS_RTOS_V2/cmsis_os2.o
                0x0000000008001dfe                osDelay
 .text.osEventFlagsNew
                0x0000000008001e16       0x22 ./Middlewares/Third_Party/FreeRTOS/Source/CMSIS_RTOS_V2/cmsis_os2.o
                0x0000000008001e16                osEventFlagsNew
 .text.osEventFlagsWait
                0x0000000008001e38       0x54 ./Middlewares/Third_Party/FreeRTOS/Source/CMSIS_RTOS_V2/cmsis_os2.o
                0x0000000008001e38                osEventFlagsWait
 .text.osMutexNew
                0x0000000008001e8c       0x6a ./Middlewares/Third_Party/FreeRTOS/Source/CMSIS_RTOS_V2/cmsis_os2.o
                0x0000000008001e8c                osMutexNew
 .text.osMutexAcquire
                0x0000000008001ef6       0x44 ./Middlewares/Third_Party/FreeRTOS/Source/CMSIS_RTOS_V2/cmsis_os2.o
                0x0000000008001ef6                osMutexAcquire
 .text.osMutexRelease
                0x0000000008001f3a       0x3c ./Middlewares/Third_Party/FreeRTOS/Source/CMSIS_RTOS_V2/cmsis_os2.o
                0x0000000008001f3a                osMutexRelease
 .text.osMessageQueueNew
                0x0000000008001f76       0x76 ./Middlewares/Third_Party/FreeRTOS/Source/CMSIS_RTOS_V2/cmsis_os2.o
                0x0000000008001f76                osMessageQueueNew
 .text.osMessageQueuePut
                0x0000000008001fec       0x60 ./Middlewares/Third_Party/FreeRTOS/Source/CMSIS_RTOS_V2/cmsis_os2.o
                0x0000000008001fec                osMessageQueuePut
 .text.osMessageQueueGet
                0x000000000800204c       0x5e ./Middlewares/Third_Party/FreeRTOS/Source/CMSIS_RTOS_V2/cmsis_os2.o
                0x000000000800204c                osMessageQueueGet
 *fill*         0x00000000080020aa        0x2 
 .text.vApplicationGetIdleTaskMemory
                0x00000000080020ac       0x18 ./Middlewares/Third_Party/FreeRTOS/Source/CMSIS_RTOS_V2/cmsis_os2.o
                0x00000000080020ac                vApplicationGetIdleTaskMemory
 .text.vApplicationGetTimerTaskMemory
                0x00000000080020c4       0x18 ./Middlewares/Third_Party/FreeRTOS/Source/CMSIS_RTOS_V2/cmsis_os2.o
                0x00000000080020c4                vApplicationGetTimerTaskMemory
 .text.xEventGroupCreateStatic
                0x00000000080020dc       0x48 ./Middlewares/Third_Party/FreeRTOS/Source/event_groups.o
                0x00000000080020dc                xEventGroupCreateStatic
 .text.xEventGroupCreate
                0x0000000008002124       0x1c ./Middlewares/Third_Party/FreeRTOS/Source/event_groups.o
                0x0000000008002124                xEventGroupCreate
 .text.xEventGroupWaitBits
                0x0000000008002140      0x110 ./Middlewares/Third_Party/FreeRTOS/Source/event_groups.o
                0x0000000008002140                xEventGroupWaitBits
 .text.vListInitialise
                0x0000000008002250       0x16 ./Middlewares/Third_Party/FreeRTOS/Source/list.o
                0x0000000008002250                vListInitialise
 .text.vListInitialiseItem
                0x0000000008002266        0x6 ./Middlewares/Third_Party/FreeRTOS/Source/list.o
                0x0000000008002266                vListInitialiseItem
 .text.vListInsertEnd
                0x000000000800226c       0x18 ./Middlewares/Third_Party/FreeRTOS/Source/list.o
                0x000000000800226c                vListInsertEnd
 .text.vListInsert
                0x0000000008002284       0x2e ./Middlewares/Third_Party/FreeRTOS/Source/list.o
                0x0000000008002284                vListInsert
 .text.uxListRemove
                0x00000000080022b2       0x20 ./Middlewares/Third_Party/FreeRTOS/Source/list.o
                0x00000000080022b2                uxListRemove
 .text.prvIsQueueEmpty
                0x00000000080022d2       0x16 ./Middlewares/Third_Party/FreeRTOS/Source/queue.o
 .text.prvCopyDataToQueue
                0x00000000080022e8       0x6a ./Middlewares/Third_Party/FreeRTOS/Source/queue.o
 .text.prvCopyDataFromQueue
                0x0000000008002352       0x2c ./Middlewares/Third_Party/FreeRTOS/Source/queue.o
 .text.prvUnlockQueue
                0x000000000800237e       0x70 ./Middlewares/Third_Party/FreeRTOS/Source/queue.o
 .text.xQueueGenericReset
                0x00000000080023ee       0x7e ./Middlewares/Third_Party/FreeRTOS/Source/queue.o
                0x00000000080023ee                xQueueGenericReset
 .text.xQueueGenericCreateStatic
                0x000000000800246c       0x9c ./Middlewares/Third_Party/FreeRTOS/Source/queue.o
                0x000000000800246c                xQueueGenericCreateStatic
 .text.xQueueGenericCreate
                0x0000000008002508       0x4e ./Middlewares/Third_Party/FreeRTOS/Source/queue.o
                0x0000000008002508                xQueueGenericCreate
 .text.xQueueGenericSend
                0x0000000008002556      0x166 ./Middlewares/Third_Party/FreeRTOS/Source/queue.o
                0x0000000008002556                xQueueGenericSend
 .text.xQueueCreateMutexStatic
                0x00000000080026bc       0x2a ./Middlewares/Third_Party/FreeRTOS/Source/queue.o
                0x00000000080026bc                xQueueCreateMutexStatic
 .text.xQueueGiveMutexRecursive
                0x00000000080026e6       0x3c ./Middlewares/Third_Party/FreeRTOS/Source/queue.o
                0x00000000080026e6                xQueueGiveMutexRecursive
 .text.xQueueCreateMutex
                0x0000000008002722       0x3a ./Middlewares/Third_Party/FreeRTOS/Source/queue.o
                0x0000000008002722                xQueueCreateMutex
 .text.xQueueGenericSendFromISR
                0x000000000800275c       0xc4 ./Middlewares/Third_Party/FreeRTOS/Source/queue.o
                0x000000000800275c                xQueueGenericSendFromISR
 .text.xQueueReceive
                0x0000000008002820      0x13e ./Middlewares/Third_Party/FreeRTOS/Source/queue.o
                0x0000000008002820                xQueueReceive
 .text.xQueueSemaphoreTake
                0x000000000800295e      0x186 ./Middlewares/Third_Party/FreeRTOS/Source/queue.o
                0x000000000800295e                xQueueSemaphoreTake
 .text.xQueueTakeMutexRecursive
                0x0000000008002ae4       0x44 ./Middlewares/Third_Party/FreeRTOS/Source/queue.o
                0x0000000008002ae4                xQueueTakeMutexRecursive
 .text.xQueueReceiveFromISR
                0x0000000008002b28       0x9e ./Middlewares/Third_Party/FreeRTOS/Source/queue.o
                0x0000000008002b28                xQueueReceiveFromISR
 *fill*         0x0000000008002bc6        0x2 
 .text.vQueueAddToRegistry
                0x0000000008002bc8       0x24 ./Middlewares/Third_Party/FreeRTOS/Source/queue.o
                0x0000000008002bc8                vQueueAddToRegistry
 .text.vQueueWaitForMessageRestricted
                0x0000000008002bec       0x46 ./Middlewares/Third_Party/FreeRTOS/Source/queue.o
                0x0000000008002bec                vQueueWaitForMessageRestricted
 *fill*         0x0000000008002c32        0x2 
 .text.prvAddNewTaskToReadyList
                0x0000000008002c34      0x100 ./Middlewares/Third_Party/FreeRTOS/Source/tasks.o
 .text.prvAddCurrentTaskToDelayedList
                0x0000000008002d34       0x70 ./Middlewares/Third_Party/FreeRTOS/Source/tasks.o
 .text.prvTaskIsTaskSuspended
                0x0000000008002da4       0x38 ./Middlewares/Third_Party/FreeRTOS/Source/tasks.o
 .text.prvResetNextTaskUnblockTime
                0x0000000008002ddc       0x24 ./Middlewares/Third_Party/FreeRTOS/Source/tasks.o
 .text.prvDeleteTCB
                0x0000000008002e00       0x36 ./Middlewares/Third_Party/FreeRTOS/Source/tasks.o
 *fill*         0x0000000008002e36        0x2 
 .text.prvIdleTask
                0x0000000008002e38       0x60 ./Middlewares/Third_Party/FreeRTOS/Source/tasks.o
 .text.prvInitialiseNewTask.constprop.0
                0x0000000008002e98       0x9a ./Middlewares/Third_Party/FreeRTOS/Source/tasks.o
 .text.xTaskCreateStatic
                0x0000000008002f32       0x70 ./Middlewares/Third_Party/FreeRTOS/Source/tasks.o
                0x0000000008002f32                xTaskCreateStatic
 .text.xTaskCreate
                0x0000000008002fa2       0x5a ./Middlewares/Third_Party/FreeRTOS/Source/tasks.o
                0x0000000008002fa2                xTaskCreate
 .text.vTaskResume
                0x0000000008002ffc       0x88 ./Middlewares/Third_Party/FreeRTOS/Source/tasks.o
                0x0000000008002ffc                vTaskResume
 .text.vTaskStartScheduler
                0x0000000008003084       0x8c ./Middlewares/Third_Party/FreeRTOS/Source/tasks.o
                0x0000000008003084                vTaskStartScheduler
 .text.vTaskSuspendAll
                0x0000000008003110       0x10 ./Middlewares/Third_Party/FreeRTOS/Source/tasks.o
                0x0000000008003110                vTaskSuspendAll
 .text.xTaskGetTickCount
                0x0000000008003120        0xc ./Middlewares/Third_Party/FreeRTOS/Source/tasks.o
                0x0000000008003120                xTaskGetTickCount
 .text.xTaskIncrementTick
                0x000000000800312c      0x12c ./Middlewares/Third_Party/FreeRTOS/Source/tasks.o
                0x000000000800312c                xTaskIncrementTick
 .text.xTaskResumeAll
                0x0000000008003258       0xe8 ./Middlewares/Third_Party/FreeRTOS/Source/tasks.o
                0x0000000008003258                xTaskResumeAll
 .text.vTaskDelay
                0x0000000008003340       0x48 ./Middlewares/Third_Party/FreeRTOS/Source/tasks.o
                0x0000000008003340                vTaskDelay
 .text.vTaskSwitchContext
                0x0000000008003388       0x74 ./Middlewares/Third_Party/FreeRTOS/Source/tasks.o
                0x0000000008003388                vTaskSwitchContext
 .text.vTaskSuspend
                0x00000000080033fc       0xb4 ./Middlewares/Third_Party/FreeRTOS/Source/tasks.o
                0x00000000080033fc                vTaskSuspend
 .text.vTaskPlaceOnEventList
                0x00000000080034b0       0x34 ./Middlewares/Third_Party/FreeRTOS/Source/tasks.o
                0x00000000080034b0                vTaskPlaceOnEventList
 .text.vTaskPlaceOnUnorderedEventList
                0x00000000080034e4       0x58 ./Middlewares/Third_Party/FreeRTOS/Source/tasks.o
                0x00000000080034e4                vTaskPlaceOnUnorderedEventList
 .text.vTaskPlaceOnEventListRestricted
                0x000000000800353c       0x3c ./Middlewares/Third_Party/FreeRTOS/Source/tasks.o
                0x000000000800353c                vTaskPlaceOnEventListRestricted
 .text.xTaskRemoveFromEventList
                0x0000000008003578       0x88 ./Middlewares/Third_Party/FreeRTOS/Source/tasks.o
                0x0000000008003578                xTaskRemoveFromEventList
 .text.vTaskInternalSetTimeOutState
                0x0000000008003600       0x18 ./Middlewares/Third_Party/FreeRTOS/Source/tasks.o
                0x0000000008003600                vTaskInternalSetTimeOutState
 .text.xTaskCheckForTimeOut
                0x0000000008003618       0x78 ./Middlewares/Third_Party/FreeRTOS/Source/tasks.o
                0x0000000008003618                xTaskCheckForTimeOut
 .text.vTaskMissedYield
                0x0000000008003690        0xc ./Middlewares/Third_Party/FreeRTOS/Source/tasks.o
                0x0000000008003690                vTaskMissedYield
 .text.xTaskGetCurrentTaskHandle
                0x000000000800369c        0xc ./Middlewares/Third_Party/FreeRTOS/Source/tasks.o
                0x000000000800369c                xTaskGetCurrentTaskHandle
 .text.xTaskGetSchedulerState
                0x00000000080036a8       0x20 ./Middlewares/Third_Party/FreeRTOS/Source/tasks.o
                0x00000000080036a8                xTaskGetSchedulerState
 .text.xTaskPriorityInherit
                0x00000000080036c8       0x84 ./Middlewares/Third_Party/FreeRTOS/Source/tasks.o
                0x00000000080036c8                xTaskPriorityInherit
 .text.xTaskPriorityDisinherit
                0x000000000800374c       0x88 ./Middlewares/Third_Party/FreeRTOS/Source/tasks.o
                0x000000000800374c                xTaskPriorityDisinherit
 .text.vTaskPriorityDisinheritAfterTimeout
                0x00000000080037d4       0xa4 ./Middlewares/Third_Party/FreeRTOS/Source/tasks.o
                0x00000000080037d4                vTaskPriorityDisinheritAfterTimeout
 .text.uxTaskResetEventItemValue
                0x0000000008003878       0x18 ./Middlewares/Third_Party/FreeRTOS/Source/tasks.o
                0x0000000008003878                uxTaskResetEventItemValue
 .text.pvTaskIncrementMutexHeldCount
                0x0000000008003890       0x18 ./Middlewares/Third_Party/FreeRTOS/Source/tasks.o
                0x0000000008003890                pvTaskIncrementMutexHeldCount
 .text.prvCheckForValidListAndQueue
                0x00000000080038a8       0x68 ./Middlewares/Third_Party/FreeRTOS/Source/timers.o
 .text.prvInsertTimerInActiveList
                0x0000000008003910       0x3c ./Middlewares/Third_Party/FreeRTOS/Source/timers.o
 .text.xTimerCreateTimerTask
                0x000000000800394c       0x64 ./Middlewares/Third_Party/FreeRTOS/Source/timers.o
                0x000000000800394c                xTimerCreateTimerTask
 .text.xTimerGenericCommand
                0x00000000080039b0       0x58 ./Middlewares/Third_Party/FreeRTOS/Source/timers.o
                0x00000000080039b0                xTimerGenericCommand
 .text.prvSampleTimeNow
                0x0000000008003a08       0xac ./Middlewares/Third_Party/FreeRTOS/Source/timers.o
 .text.prvTimerTask
                0x0000000008003ab4      0x1cc ./Middlewares/Third_Party/FreeRTOS/Source/timers.o
 .text.prvPortStartFirstTask
                0x0000000008003c80       0x28 ./Middlewares/Third_Party/FreeRTOS/Source/portable/GCC/ARM_CM4F/port.o
 .text.vPortEnableVFP
                0x0000000008003ca8       0x14 ./Middlewares/Third_Party/FreeRTOS/Source/portable/GCC/ARM_CM4F/port.o
 .text.prvTaskExitError
                0x0000000008003cbc       0x40 ./Middlewares/Third_Party/FreeRTOS/Source/portable/GCC/ARM_CM4F/port.o
 .text.pxPortInitialiseStack
                0x0000000008003cfc       0x2c ./Middlewares/Third_Party/FreeRTOS/Source/portable/GCC/ARM_CM4F/port.o
                0x0000000008003cfc                pxPortInitialiseStack
 *fill*         0x0000000008003d28        0x8 
 .text.SVC_Handler
                0x0000000008003d30       0x24 ./Middlewares/Third_Party/FreeRTOS/Source/portable/GCC/ARM_CM4F/port.o
                0x0000000008003d30                SVC_Handler
 .text.vPortEnterCritical
                0x0000000008003d54       0x40 ./Middlewares/Third_Party/FreeRTOS/Source/portable/GCC/ARM_CM4F/port.o
                0x0000000008003d54                vPortEnterCritical
 .text.vPortExitCritical
                0x0000000008003d94       0x28 ./Middlewares/Third_Party/FreeRTOS/Source/portable/GCC/ARM_CM4F/port.o
                0x0000000008003d94                vPortExitCritical
 *fill*         0x0000000008003dbc        0x4 
 .text.PendSV_Handler
                0x0000000008003dc0       0x64 ./Middlewares/Third_Party/FreeRTOS/Source/portable/GCC/ARM_CM4F/port.o
                0x0000000008003dc0                PendSV_Handler
 .text.xPortSysTickHandler
                0x0000000008003e24       0x2c ./Middlewares/Third_Party/FreeRTOS/Source/portable/GCC/ARM_CM4F/port.o
                0x0000000008003e24                xPortSysTickHandler
 .text.vPortSetupTimerInterrupt
                0x0000000008003e50       0x24 ./Middlewares/Third_Party/FreeRTOS/Source/portable/GCC/ARM_CM4F/port.o
                0x0000000008003e50                vPortSetupTimerInterrupt
 .text.xPortStartScheduler
                0x0000000008003e74      0x10c ./Middlewares/Third_Party/FreeRTOS/Source/portable/GCC/ARM_CM4F/port.o
                0x0000000008003e74                xPortStartScheduler
 .text.vPortValidateInterruptPriority
                0x0000000008003f80       0x5c ./Middlewares/Third_Party/FreeRTOS/Source/portable/GCC/ARM_CM4F/port.o
                0x0000000008003f80                vPortValidateInterruptPriority
 .text.prvInsertBlockIntoFreeList
                0x0000000008003fdc       0x48 ./Middlewares/Third_Party/FreeRTOS/Source/portable/MemMang/heap_4.o
 .text.pvPortMalloc
                0x0000000008004024      0x130 ./Middlewares/Third_Party/FreeRTOS/Source/portable/MemMang/heap_4.o
                0x0000000008004024                pvPortMalloc
 .text.vPortFree
                0x0000000008004154       0x7c ./Middlewares/Third_Party/FreeRTOS/Source/portable/MemMang/heap_4.o
                0x0000000008004154                vPortFree
 .text.__libc_init_array
                0x00000000080041d0       0x48 c:/st/stm32cubeide_1.10.1/stm32cubeide/plugins/com.st.stm32cube.ide.mcu.externaltools.gnu-tools-for-stm32.10.3-2021.10.win32_1.0.0.202111181127/tools/bin/../lib/gcc/arm-none-eabi/10.3.1/../../../../arm-none-eabi/lib/thumb/v7e-m+fp/hard\libc_nano.a(lib_a-init.o)
                0x00000000080041d0                __libc_init_array
 .text.memcpy   0x0000000008004218       0x1c c:/st/stm32cubeide_1.10.1/stm32cubeide/plugins/com.st.stm32cube.ide.mcu.externaltools.gnu-tools-for-stm32.10.3-2021.10.win32_1.0.0.202111181127/tools/bin/../lib/gcc/arm-none-eabi/10.3.1/../../../../arm-none-eabi/lib/thumb/v7e-m+fp/hard\libc_nano.a(lib_a-memcpy-stub.o)
                0x0000000008004218                memcpy
 .text.memset   0x0000000008004234       0x10 c:/st/stm32cubeide_1.10.1/stm32cubeide/plugins/com.st.stm32cube.ide.mcu.externaltools.gnu-tools-for-stm32.10.3-2021.10.win32_1.0.0.202111181127/tools/bin/../lib/gcc/arm-none-eabi/10.3.1/../../../../arm-none-eabi/lib/thumb/v7e-m+fp/hard\libc_nano.a(lib_a-memset.o)
                0x0000000008004234                memset
 *(.glue_7)
 .glue_7        0x0000000008004244        0x0 linker stubs
 *(.glue_7t)
 .glue_7t       0x0000000008004244        0x0 linker stubs
 *(.eh_frame)
 .eh_frame      0x0000000008004244        0x0 c:/st/stm32cubeide_1.10.1/stm32cubeide/plugins/com.st.stm32cube.ide.mcu.externaltools.gnu-tools-for-stm32.10.3-2021.10.win32_1.0.0.202111181127/tools/bin/../lib/gcc/arm-none-eabi/10.3.1/thumb/v7e-m+fp/hard/crtbegin.o
 *(.init)
 .init          0x0000000008004244        0x4 c:/st/stm32cubeide_1.10.1/stm32cubeide/plugins/com.st.stm32cube.ide.mcu.externaltools.gnu-tools-for-stm32.10.3-2021.10.win32_1.0.0.202111181127/tools/bin/../lib/gcc/arm-none-eabi/10.3.1/thumb/v7e-m+fp/hard/crti.o
                0x0000000008004244                _init
 .init          0x0000000008004248        0x8 c:/st/stm32cubeide_1.10.1/stm32cubeide/plugins/com.st.stm32cube.ide.mcu.externaltools.gnu-tools-for-stm32.10.3-2021.10.win32_1.0.0.202111181127/tools/bin/../lib/gcc/arm-none-eabi/10.3.1/thumb/v7e-m+fp/hard/crtn.o
 *(.fini)
 .fini          0x0000000008004250        0x4 c:/st/stm32cubeide_1.10.1/stm32cubeide/plugins/com.st.stm32cube.ide.mcu.externaltools.gnu-tools-for-stm32.10.3-2021.10.win32_1.0.0.202111181127/tools/bin/../lib/gcc/arm-none-eabi/10.3.1/thumb/v7e-m+fp/hard/crti.o
                0x0000000008004250                _fini
 .fini          0x0000000008004254        0x8 c:/st/stm32cubeide_1.10.1/stm32cubeide/plugins/com.st.stm32cube.ide.mcu.externaltools.gnu-tools-for-stm32.10.3-2021.10.win32_1.0.0.202111181127/tools/bin/../lib/gcc/arm-none-eabi/10.3.1/thumb/v7e-m+fp/hard/crtn.o
                0x000000000800425c                . = ALIGN (0x4)
                0x000000000800425c                _etext = .

.vfp11_veneer   0x000000000800425c        0x0
 .vfp11_veneer  0x000000000800425c        0x0 linker stubs

.v4_bx          0x000000000800425c        0x0
 .v4_bx         0x000000000800425c        0x0 linker stubs

.iplt           0x000000000800425c        0x0
 .iplt          0x000000000800425c        0x0 c:/st/stm32cubeide_1.10.1/stm32cubeide/plugins/com.st.stm32cube.ide.mcu.externaltools.gnu-tools-for-stm32.10.3-2021.10.win32_1.0.0.202111181127/tools/bin/../lib/gcc/arm-none-eabi/10.3.1/thumb/v7e-m+fp/hard/crtbegin.o

.rodata         0x000000000800425c      0x16c
                0x000000000800425c                . = ALIGN (0x4)
 *(.rodata)
 *(.rodata*)
 .rodata.str1.1
                0x000000000800425c       0x5d ./Core/Src/main.o
 *fill*         0x00000000080042b9        0x3 
 .rodata.keyboardTask_attributes
                0x00000000080042bc       0x24 ./Core/Src/main.o
 .rodata.keys_attributes
                0x00000000080042e0       0x18 ./Core/Src/main.o
 .rodata.rxUART_attributes
                0x00000000080042f8       0x18 ./Core/Src/main.o
                0x00000000080042f8                rxUART_attributes
 .rodata.semEvent_attributes
                0x0000000008004310       0x10 ./Core/Src/main.o
                0x0000000008004310                semEvent_attributes
 .rodata.semGestionTask_attributes
                0x0000000008004320       0x24 ./Core/Src/main.o
                0x0000000008004320                semGestionTask_attributes
 .rodata.semNormalTask_attributes
                0x0000000008004344       0x24 ./Core/Src/main.o
                0x0000000008004344                semNormalTask_attributes
 .rodata.sirenaTask_attributes
                0x0000000008004368       0x24 ./Core/Src/main.o
                0x0000000008004368                sirenaTask_attributes
 .rodata.uartMutex_attributes
                0x000000000800438c       0x10 ./Core/Src/main.o
                0x000000000800438c                uartMutex_attributes
 .rodata.AHBPrescTable
                0x000000000800439c       0x10 ./Core/Src/system_stm32f4xx.o
                0x000000000800439c                AHBPrescTable
 .rodata.APBPrescTable
                0x00000000080043ac        0x8 ./Core/Src/system_stm32f4xx.o
                0x00000000080043ac                APBPrescTable
 .rodata.vTaskStartScheduler.str1.1
                0x00000000080043b4        0x5 ./Middlewares/Third_Party/FreeRTOS/Source/tasks.o
 .rodata.prvCheckForValidListAndQueue.str1.1
                0x00000000080043b9        0x5 ./Middlewares/Third_Party/FreeRTOS/Source/timers.o
 .rodata.xTimerCreateTimerTask.str1.1
                0x00000000080043be        0x8 ./Middlewares/Third_Party/FreeRTOS/Source/timers.o
                0x00000000080043c8                . = ALIGN (0x4)
 *fill*         0x00000000080043c6        0x2 

.ARM.extab      0x00000000080043c8        0x0
                0x00000000080043c8                . = ALIGN (0x4)
 *(.ARM.extab* .gnu.linkonce.armextab.*)
                0x00000000080043c8                . = ALIGN (0x4)

.ARM            0x00000000080043c8        0x8
                0x00000000080043c8                . = ALIGN (0x4)
                0x00000000080043c8                __exidx_start = .
 *(.ARM.exidx*)
 .ARM.exidx     0x00000000080043c8        0x8 c:/st/stm32cubeide_1.10.1/stm32cubeide/plugins/com.st.stm32cube.ide.mcu.externaltools.gnu-tools-for-stm32.10.3-2021.10.win32_1.0.0.202111181127/tools/bin/../lib/gcc/arm-none-eabi/10.3.1/thumb/v7e-m+fp/hard\libgcc.a(_udivmoddi4.o)
                0x00000000080043d0                __exidx_end = .
                0x00000000080043d0                . = ALIGN (0x4)

.rel.dyn        0x00000000080043d0        0x0
 .rel.iplt      0x00000000080043d0        0x0 c:/st/stm32cubeide_1.10.1/stm32cubeide/plugins/com.st.stm32cube.ide.mcu.externaltools.gnu-tools-for-stm32.10.3-2021.10.win32_1.0.0.202111181127/tools/bin/../lib/gcc/arm-none-eabi/10.3.1/thumb/v7e-m+fp/hard/crtbegin.o

.preinit_array  0x00000000080043d0        0x0
                0x00000000080043d0                . = ALIGN (0x4)
                0x00000000080043d0                PROVIDE (__preinit_array_start = .)
 *(.preinit_array*)
                0x00000000080043d0                PROVIDE (__preinit_array_end = .)
                0x00000000080043d0                . = ALIGN (0x4)

.init_array     0x00000000080043d0        0x4
                0x00000000080043d0                . = ALIGN (0x4)
                0x00000000080043d0                PROVIDE (__init_array_start = .)
 *(SORT_BY_NAME(.init_array.*))
 *(.init_array*)
 .init_array    0x00000000080043d0        0x4 c:/st/stm32cubeide_1.10.1/stm32cubeide/plugins/com.st.stm32cube.ide.mcu.externaltools.gnu-tools-for-stm32.10.3-2021.10.win32_1.0.0.202111181127/tools/bin/../lib/gcc/arm-none-eabi/10.3.1/thumb/v7e-m+fp/hard/crtbegin.o
                0x00000000080043d4                PROVIDE (__init_array_end = .)
                0x00000000080043d4                . = ALIGN (0x4)

.fini_array     0x00000000080043d4        0x4
                0x00000000080043d4                . = ALIGN (0x4)
                [!provide]                        PROVIDE (__fini_array_start = .)
 *(SORT_BY_NAME(.fini_array.*))
 *(.fini_array*)
 .fini_array    0x00000000080043d4        0x4 c:/st/stm32cubeide_1.10.1/stm32cubeide/plugins/com.st.stm32cube.ide.mcu.externaltools.gnu-tools-for-stm32.10.3-2021.10.win32_1.0.0.202111181127/tools/bin/../lib/gcc/arm-none-eabi/10.3.1/thumb/v7e-m+fp/hard/crtbegin.o
                [!provide]                        PROVIDE (__fini_array_end = .)
                0x00000000080043d8                . = ALIGN (0x4)
                0x00000000080043d8                _sidata = LOADADDR (.data)

.data           0x0000000020000000       0x24 load address 0x00000000080043d8
                0x0000000020000000                . = ALIGN (0x4)
                0x0000000020000000                _sdata = .
 *(.data)
 *(.data*)
 .data.keypad   0x0000000020000000       0x10 ./Core/Src/keyboard.o
                0x0000000020000000                keypad
 .data.semaforo_state
                0x0000000020000010        0x1 ./Core/Src/semaforo.o
 *fill*         0x0000000020000011        0x3 
 .data.SystemCoreClock
                0x0000000020000014        0x4 ./Core/Src/system_stm32f4xx.o
                0x0000000020000014                SystemCoreClock
 .data.semaforo_state
                0x0000000020000018        0x1 ./Core/Src/uart.o
 .data.uwTickFreq
                0x0000000020000019        0x1 ./Drivers/STM32F4xx_HAL_Driver/Src/stm32f4xx_hal.o
                0x0000000020000019                uwTickFreq
 *fill*         0x000000002000001a        0x2 
 .data.uwTickPrio
                0x000000002000001c        0x4 ./Drivers/STM32F4xx_HAL_Driver/Src/stm32f4xx_hal.o
                0x000000002000001c                uwTickPrio
 .data.uxCriticalNesting
                0x0000000020000020        0x4 ./Middlewares/Third_Party/FreeRTOS/Source/portable/GCC/ARM_CM4F/port.o
 *(.RamFunc)
 *(.RamFunc*)
                0x0000000020000024                . = ALIGN (0x4)
                0x0000000020000024                _edata = .

.igot.plt       0x0000000020000024        0x0 load address 0x00000000080043fc
 .igot.plt      0x0000000020000024        0x0 c:/st/stm32cubeide_1.10.1/stm32cubeide/plugins/com.st.stm32cube.ide.mcu.externaltools.gnu-tools-for-stm32.10.3-2021.10.win32_1.0.0.202111181127/tools/bin/../lib/gcc/arm-none-eabi/10.3.1/thumb/v7e-m+fp/hard/crtbegin.o
                0x0000000020000024                . = ALIGN (0x4)

.bss            0x0000000020000024     0x4a40 load address 0x00000000080043fc
                0x0000000020000024                _sbss = .
                0x0000000020000024                __bss_start__ = _sbss
 *(.bss)
 .bss           0x0000000020000024       0x1c c:/st/stm32cubeide_1.10.1/stm32cubeide/plugins/com.st.stm32cube.ide.mcu.externaltools.gnu-tools-for-stm32.10.3-2021.10.win32_1.0.0.202111181127/tools/bin/../lib/gcc/arm-none-eabi/10.3.1/thumb/v7e-m+fp/hard/crtbegin.o
 *(.bss*)
 .bss.current_millis
                0x0000000020000040        0x4 ./Core/Src/keyboard.o
                0x0000000020000040                current_millis
 .bss.keysHandle
                0x0000000020000044        0x4 ./Core/Src/keyboard.o
                0x0000000020000044                keysHandle
 .bss.previous_millis
                0x0000000020000048        0x4 ./Core/Src/keyboard.o
                0x0000000020000048                previous_millis
 .bss.huart2    0x000000002000004c       0x44 ./Core/Src/main.o
                0x000000002000004c                huart2
 .bss.isSirenaActiva
                0x0000000020000090        0x1 ./Core/Src/main.o
                0x0000000020000090                isSirenaActiva
 .bss.key_state
                0x0000000020000091        0x1 ./Core/Src/main.o
 *fill*         0x0000000020000092        0x2 
 .bss.keyboardTaskHandle
                0x0000000020000094        0x4 ./Core/Src/main.o
 .bss.keysHandle
                0x0000000020000098        0x4 ./Core/Src/main.o
 .bss.rxUARTHandle
                0x000000002000009c        0x4 ./Core/Src/main.o
                0x000000002000009c                rxUARTHandle
 .bss.rx_buffer
                0x00000000200000a0        0x1 ./Core/Src/main.o
                0x00000000200000a0                rx_buffer
 *fill*         0x00000000200000a1        0x3 
 .bss.semEventHandle
                0x00000000200000a4        0x4 ./Core/Src/main.o
                0x00000000200000a4                semEventHandle
 .bss.semGestionTaskHandle
                0x00000000200000a8        0x4 ./Core/Src/main.o
                0x00000000200000a8                semGestionTaskHandle
 .bss.semNormalTaskHandle
                0x00000000200000ac        0x4 ./Core/Src/main.o
                0x00000000200000ac                semNormalTaskHandle
 .bss.sirenaTaskHandle
                0x00000000200000b0        0x4 ./Core/Src/main.o
                0x00000000200000b0                sirenaTaskHandle
 .bss.uartMutexHandle
                0x00000000200000b4        0x4 ./Core/Src/main.o
                0x00000000200000b4                uartMutexHandle
 .bss.semNormalTaskHandle
                0x00000000200000b8        0x4 ./Core/Src/semaforo.o
 .bss.huart2    0x00000000200000bc       0x44 ./Core/Src/uart.o
 .bss.key_state
                0x0000000020000100        0x1 ./Core/Src/uart.o
 *fill*         0x0000000020000101        0x3 
 .bss.rxUARTHandle
                0x0000000020000104        0x4 ./Core/Src/uart.o
 .bss.rx_buffer
                0x0000000020000108        0x1 ./Core/Src/uart.o
 *fill*         0x0000000020000109        0x3 
 .bss.semNormalTaskHandle
                0x000000002000010c        0x4 ./Core/Src/uart.o
 .bss.uartMutexHandle
                0x0000000020000110        0x4 ./Core/Src/uart.o
 .bss.uwTick    0x0000000020000114        0x4 ./Drivers/STM32F4xx_HAL_Driver/Src/stm32f4xx_hal.o
                0x0000000020000114                uwTick
 .bss.Idle_Stack.2
                0x0000000020000118      0x200 ./Middlewares/Third_Party/FreeRTOS/Source/CMSIS_RTOS_V2/cmsis_os2.o
 .bss.Idle_TCB.3
                0x0000000020000318       0x5c ./Middlewares/Third_Party/FreeRTOS/Source/CMSIS_RTOS_V2/cmsis_os2.o
 .bss.KernelState
                0x0000000020000374        0x4 ./Middlewares/Third_Party/FreeRTOS/Source/CMSIS_RTOS_V2/cmsis_os2.o
 .bss.Timer_Stack.0
                0x0000000020000378      0x400 ./Middlewares/Third_Party/FreeRTOS/Source/CMSIS_RTOS_V2/cmsis_os2.o
 .bss.Timer_TCB.1
                0x0000000020000778       0x5c ./Middlewares/Third_Party/FreeRTOS/Source/CMSIS_RTOS_V2/cmsis_os2.o
 .bss.xQueueRegistry
                0x00000000200007d4       0x40 ./Middlewares/Third_Party/FreeRTOS/Source/queue.o
                0x00000000200007d4                xQueueRegistry
 .bss.pxCurrentTCB
                0x0000000020000814        0x4 ./Middlewares/Third_Party/FreeRTOS/Source/tasks.o
                0x0000000020000814                pxCurrentTCB
 .bss.pxDelayedTaskList
                0x0000000020000818        0x4 ./Middlewares/Third_Party/FreeRTOS/Source/tasks.o
 .bss.pxOverflowDelayedTaskList
                0x000000002000081c        0x4 ./Middlewares/Third_Party/FreeRTOS/Source/tasks.o
 .bss.pxReadyTasksLists
                0x0000000020000820      0x460 ./Middlewares/Third_Party/FreeRTOS/Source/tasks.o
 .bss.uxCurrentNumberOfTasks
                0x0000000020000c80        0x4 ./Middlewares/Third_Party/FreeRTOS/Source/tasks.o
 .bss.uxDeletedTasksWaitingCleanUp
                0x0000000020000c84        0x4 ./Middlewares/Third_Party/FreeRTOS/Source/tasks.o
 .bss.uxSchedulerSuspended
                0x0000000020000c88        0x4 ./Middlewares/Third_Party/FreeRTOS/Source/tasks.o
 .bss.uxTaskNumber
                0x0000000020000c8c        0x4 ./Middlewares/Third_Party/FreeRTOS/Source/tasks.o
 .bss.uxTopReadyPriority
                0x0000000020000c90        0x4 ./Middlewares/Third_Party/FreeRTOS/Source/tasks.o
 .bss.xDelayedTaskList1
                0x0000000020000c94       0x14 ./Middlewares/Third_Party/FreeRTOS/Source/tasks.o
 .bss.xDelayedTaskList2
                0x0000000020000ca8       0x14 ./Middlewares/Third_Party/FreeRTOS/Source/tasks.o
 .bss.xNextTaskUnblockTime
                0x0000000020000cbc        0x4 ./Middlewares/Third_Party/FreeRTOS/Source/tasks.o
 .bss.xNumOfOverflows
                0x0000000020000cc0        0x4 ./Middlewares/Third_Party/FreeRTOS/Source/tasks.o
 .bss.xPendedTicks
                0x0000000020000cc4        0x4 ./Middlewares/Third_Party/FreeRTOS/Source/tasks.o
 .bss.xPendingReadyList
                0x0000000020000cc8       0x14 ./Middlewares/Third_Party/FreeRTOS/Source/tasks.o
 .bss.xSchedulerRunning
                0x0000000020000cdc        0x4 ./Middlewares/Third_Party/FreeRTOS/Source/tasks.o
 .bss.xSuspendedTaskList
                0x0000000020000ce0       0x14 ./Middlewares/Third_Party/FreeRTOS/Source/tasks.o
 .bss.xTasksWaitingTermination
                0x0000000020000cf4       0x14 ./Middlewares/Third_Party/FreeRTOS/Source/tasks.o
 .bss.xTickCount
                0x0000000020000d08        0x4 ./Middlewares/Third_Party/FreeRTOS/Source/tasks.o
 .bss.xYieldPending
                0x0000000020000d0c        0x4 ./Middlewares/Third_Party/FreeRTOS/Source/tasks.o
 .bss.pxCurrentTimerList
                0x0000000020000d10        0x4 ./Middlewares/Third_Party/FreeRTOS/Source/timers.o
 .bss.pxOverflowTimerList
                0x0000000020000d14        0x4 ./Middlewares/Third_Party/FreeRTOS/Source/timers.o
 .bss.ucStaticTimerQueueStorage.1
                0x0000000020000d18       0xa0 ./Middlewares/Third_Party/FreeRTOS/Source/timers.o
 .bss.xActiveTimerList1
                0x0000000020000db8       0x14 ./Middlewares/Third_Party/FreeRTOS/Source/timers.o
 .bss.xActiveTimerList2
                0x0000000020000dcc       0x14 ./Middlewares/Third_Party/FreeRTOS/Source/timers.o
 .bss.xLastTime.2
                0x0000000020000de0        0x4 ./Middlewares/Third_Party/FreeRTOS/Source/timers.o
 .bss.xStaticTimerQueue.0
                0x0000000020000de4       0x50 ./Middlewares/Third_Party/FreeRTOS/Source/timers.o
 .bss.xTimerQueue
                0x0000000020000e34        0x4 ./Middlewares/Third_Party/FreeRTOS/Source/timers.o
 .bss.xTimerTaskHandle
                0x0000000020000e38        0x4 ./Middlewares/Third_Party/FreeRTOS/Source/timers.o
 .bss.ucMaxSysCallPriority
                0x0000000020000e3c        0x1 ./Middlewares/Third_Party/FreeRTOS/Source/portable/GCC/ARM_CM4F/port.o
 *fill*         0x0000000020000e3d        0x3 
 .bss.ulMaxPRIGROUPValue
                0x0000000020000e40        0x4 ./Middlewares/Third_Party/FreeRTOS/Source/portable/GCC/ARM_CM4F/port.o
 .bss.pxEnd     0x0000000020000e44        0x4 ./Middlewares/Third_Party/FreeRTOS/Source/portable/MemMang/heap_4.o
 .bss.ucHeap    0x0000000020000e48     0x3c00 ./Middlewares/Third_Party/FreeRTOS/Source/portable/MemMang/heap_4.o
 .bss.xBlockAllocatedBit
                0x0000000020004a48        0x4 ./Middlewares/Third_Party/FreeRTOS/Source/portable/MemMang/heap_4.o
 .bss.xFreeBytesRemaining
                0x0000000020004a4c        0x4 ./Middlewares/Third_Party/FreeRTOS/Source/portable/MemMang/heap_4.o
 .bss.xMinimumEverFreeBytesRemaining
                0x0000000020004a50        0x4 ./Middlewares/Third_Party/FreeRTOS/Source/portable/MemMang/heap_4.o
 .bss.xNumberOfSuccessfulAllocations
                0x0000000020004a54        0x4 ./Middlewares/Third_Party/FreeRTOS/Source/portable/MemMang/heap_4.o
 .bss.xNumberOfSuccessfulFrees
                0x0000000020004a58        0x4 ./Middlewares/Third_Party/FreeRTOS/Source/portable/MemMang/heap_4.o
 .bss.xStart    0x0000000020004a5c        0x8 ./Middlewares/Third_Party/FreeRTOS/Source/portable/MemMang/heap_4.o
 *(COMMON)
                0x0000000020004a64                . = ALIGN (0x4)
                0x0000000020004a64                _ebss = .
                0x0000000020004a64                __bss_end__ = _ebss

._user_heap_stack
                0x0000000020004a64      0x604 load address 0x00000000080043fc
                0x0000000020004a68                . = ALIGN (0x8)
 *fill*         0x0000000020004a64        0x4 
                [!provide]                        PROVIDE (end = .)
                0x0000000020004a68                PROVIDE (_end = .)
                0x0000000020004c68                . = (. + _Min_Heap_Size)
 *fill*         0x0000000020004a68      0x200 
                0x0000000020005068                . = (. + _Min_Stack_Size)
 *fill*         0x0000000020004c68      0x400 
                0x0000000020005068                . = ALIGN (0x8)

/DISCARD/
 libc.a(*)
 libm.a(*)
 libgcc.a(*)

.ARM.attributes
                0x0000000000000000       0x30
 *(.ARM.attributes)
 .ARM.attributes
                0x0000000000000000       0x1e c:/st/stm32cubeide_1.10.1/stm32cubeide/plugins/com.st.stm32cube.ide.mcu.externaltools.gnu-tools-for-stm32.10.3-2021.10.win32_1.0.0.202111181127/tools/bin/../lib/gcc/arm-none-eabi/10.3.1/thumb/v7e-m+fp/hard/crti.o
 .ARM.attributes
                0x000000000000001e       0x34 c:/st/stm32cubeide_1.10.1/stm32cubeide/plugins/com.st.stm32cube.ide.mcu.externaltools.gnu-tools-for-stm32.10.3-2021.10.win32_1.0.0.202111181127/tools/bin/../lib/gcc/arm-none-eabi/10.3.1/thumb/v7e-m+fp/hard/crtbegin.o
 .ARM.attributes
                0x0000000000000052       0x34 ./Core/Src/keyboard.o
 .ARM.attributes
                0x0000000000000086       0x34 ./Core/Src/main.o
 .ARM.attributes
                0x00000000000000ba       0x34 ./Core/Src/semaforo.o
 .ARM.attributes
                0x00000000000000ee       0x34 ./Core/Src/stm32f4xx_hal_msp.o
 .ARM.attributes
                0x0000000000000122       0x34 ./Core/Src/stm32f4xx_it.o
 .ARM.attributes
                0x0000000000000156       0x34 ./Core/Src/system_stm32f4xx.o
 .ARM.attributes
                0x000000000000018a       0x34 ./Core/Src/uart.o
 .ARM.attributes
                0x00000000000001be       0x21 ./Core/Startup/startup_stm32f411retx.o
 .ARM.attributes
                0x00000000000001df       0x34 ./Drivers/STM32F4xx_HAL_Driver/Src/stm32f4xx_hal.o
 .ARM.attributes
                0x0000000000000213       0x34 ./Drivers/STM32F4xx_HAL_Driver/Src/stm32f4xx_hal_cortex.o
 .ARM.attributes
                0x0000000000000247       0x34 ./Drivers/STM32F4xx_HAL_Driver/Src/stm32f4xx_hal_dma.o
 .ARM.attributes
                0x000000000000027b       0x34 ./Drivers/STM32F4xx_HAL_Driver/Src/stm32f4xx_hal_gpio.o
 .ARM.attributes
                0x00000000000002af       0x34 ./Drivers/STM32F4xx_HAL_Driver/Src/stm32f4xx_hal_rcc.o
 .ARM.attributes
                0x00000000000002e3       0x34 ./Drivers/STM32F4xx_HAL_Driver/Src/stm32f4xx_hal_uart.o
 .ARM.attributes
                0x0000000000000317       0x34 ./Middlewares/Third_Party/FreeRTOS/Source/CMSIS_RTOS_V2/cmsis_os2.o
 .ARM.attributes
                0x000000000000034b       0x34 ./Middlewares/Third_Party/FreeRTOS/Source/event_groups.o
 .ARM.attributes
                0x000000000000037f       0x34 ./Middlewares/Third_Party/FreeRTOS/Source/list.o
 .ARM.attributes
                0x00000000000003b3       0x34 ./Middlewares/Third_Party/FreeRTOS/Source/queue.o
 .ARM.attributes
                0x00000000000003e7       0x34 ./Middlewares/Third_Party/FreeRTOS/Source/tasks.o
 .ARM.attributes
                0x000000000000041b       0x34 ./Middlewares/Third_Party/FreeRTOS/Source/timers.o
 .ARM.attributes
                0x000000000000044f       0x34 ./Middlewares/Third_Party/FreeRTOS/Source/portable/GCC/ARM_CM4F/port.o
 .ARM.attributes
                0x0000000000000483       0x34 ./Middlewares/Third_Party/FreeRTOS/Source/portable/MemMang/heap_4.o
 .ARM.attributes
                0x00000000000004b7       0x34 c:/st/stm32cubeide_1.10.1/stm32cubeide/plugins/com.st.stm32cube.ide.mcu.externaltools.gnu-tools-for-stm32.10.3-2021.10.win32_1.0.0.202111181127/tools/bin/../lib/gcc/arm-none-eabi/10.3.1/../../../../arm-none-eabi/lib/thumb/v7e-m+fp/hard\libc_nano.a(lib_a-init.o)
 .ARM.attributes
                0x00000000000004eb       0x34 c:/st/stm32cubeide_1.10.1/stm32cubeide/plugins/com.st.stm32cube.ide.mcu.externaltools.gnu-tools-for-stm32.10.3-2021.10.win32_1.0.0.202111181127/tools/bin/../lib/gcc/arm-none-eabi/10.3.1/../../../../arm-none-eabi/lib/thumb/v7e-m+fp/hard\libc_nano.a(lib_a-memcpy-stub.o)
 .ARM.attributes
                0x000000000000051f       0x34 c:/st/stm32cubeide_1.10.1/stm32cubeide/plugins/com.st.stm32cube.ide.mcu.externaltools.gnu-tools-for-stm32.10.3-2021.10.win32_1.0.0.202111181127/tools/bin/../lib/gcc/arm-none-eabi/10.3.1/../../../../arm-none-eabi/lib/thumb/v7e-m+fp/hard\libc_nano.a(lib_a-memset.o)
 .ARM.attributes
                0x0000000000000553       0x1e c:/st/stm32cubeide_1.10.1/stm32cubeide/plugins/com.st.stm32cube.ide.mcu.externaltools.gnu-tools-for-stm32.10.3-2021.10.win32_1.0.0.202111181127/tools/bin/../lib/gcc/arm-none-eabi/10.3.1/thumb/v7e-m+fp/hard\libgcc.a(_aeabi_uldivmod.o)
 .ARM.attributes
                0x0000000000000571       0x34 c:/st/stm32cubeide_1.10.1/stm32cubeide/plugins/com.st.stm32cube.ide.mcu.externaltools.gnu-tools-for-stm32.10.3-2021.10.win32_1.0.0.202111181127/tools/bin/../lib/gcc/arm-none-eabi/10.3.1/thumb/v7e-m+fp/hard\libgcc.a(_udivmoddi4.o)
 .ARM.attributes
                0x00000000000005a5       0x1e c:/st/stm32cubeide_1.10.1/stm32cubeide/plugins/com.st.stm32cube.ide.mcu.externaltools.gnu-tools-for-stm32.10.3-2021.10.win32_1.0.0.202111181127/tools/bin/../lib/gcc/arm-none-eabi/10.3.1/thumb/v7e-m+fp/hard\libgcc.a(_dvmd_tls.o)
 .ARM.attributes
                0x00000000000005c3       0x1e c:/st/stm32cubeide_1.10.1/stm32cubeide/plugins/com.st.stm32cube.ide.mcu.externaltools.gnu-tools-for-stm32.10.3-2021.10.win32_1.0.0.202111181127/tools/bin/../lib/gcc/arm-none-eabi/10.3.1/thumb/v7e-m+fp/hard/crtn.o
OUTPUT(ProyectoTR.elf elf32-littlearm)
LOAD linker stubs
LOAD c:/st/stm32cubeide_1.10.1/stm32cubeide/plugins/com.st.stm32cube.ide.mcu.externaltools.gnu-tools-for-stm32.10.3-2021.10.win32_1.0.0.202111181127/tools/bin/../lib/gcc/arm-none-eabi/10.3.1/../../../../arm-none-eabi/lib/thumb/v7e-m+fp/hard\libc.a
LOAD c:/st/stm32cubeide_1.10.1/stm32cubeide/plugins/com.st.stm32cube.ide.mcu.externaltools.gnu-tools-for-stm32.10.3-2021.10.win32_1.0.0.202111181127/tools/bin/../lib/gcc/arm-none-eabi/10.3.1/../../../../arm-none-eabi/lib/thumb/v7e-m+fp/hard\libm.a
LOAD c:/st/stm32cubeide_1.10.1/stm32cubeide/plugins/com.st.stm32cube.ide.mcu.externaltools.gnu-tools-for-stm32.10.3-2021.10.win32_1.0.0.202111181127/tools/bin/../lib/gcc/arm-none-eabi/10.3.1/thumb/v7e-m+fp/hard\libgcc.a

.comment        0x0000000000000000       0x50
 .comment       0x0000000000000000       0x50 ./Core/Src/keyboard.o
                                         0x51 (size before relaxing)
 .comment       0x0000000000000050       0x51 ./Core/Src/main.o
 .comment       0x0000000000000050       0x51 ./Core/Src/semaforo.o
 .comment       0x0000000000000050       0x51 ./Core/Src/stm32f4xx_hal_msp.o
 .comment       0x0000000000000050       0x51 ./Core/Src/stm32f4xx_it.o
 .comment       0x0000000000000050       0x51 ./Core/Src/system_stm32f4xx.o
 .comment       0x0000000000000050       0x51 ./Core/Src/uart.o
 .comment       0x0000000000000050       0x51 ./Drivers/STM32F4xx_HAL_Driver/Src/stm32f4xx_hal.o
 .comment       0x0000000000000050       0x51 ./Drivers/STM32F4xx_HAL_Driver/Src/stm32f4xx_hal_cortex.o
 .comment       0x0000000000000050       0x51 ./Drivers/STM32F4xx_HAL_Driver/Src/stm32f4xx_hal_dma.o
 .comment       0x0000000000000050       0x51 ./Drivers/STM32F4xx_HAL_Driver/Src/stm32f4xx_hal_gpio.o
 .comment       0x0000000000000050       0x51 ./Drivers/STM32F4xx_HAL_Driver/Src/stm32f4xx_hal_rcc.o
 .comment       0x0000000000000050       0x51 ./Drivers/STM32F4xx_HAL_Driver/Src/stm32f4xx_hal_uart.o
 .comment       0x0000000000000050       0x51 ./Middlewares/Third_Party/FreeRTOS/Source/CMSIS_RTOS_V2/cmsis_os2.o
 .comment       0x0000000000000050       0x51 ./Middlewares/Third_Party/FreeRTOS/Source/event_groups.o
 .comment       0x0000000000000050       0x51 ./Middlewares/Third_Party/FreeRTOS/Source/list.o
 .comment       0x0000000000000050       0x51 ./Middlewares/Third_Party/FreeRTOS/Source/queue.o
 .comment       0x0000000000000050       0x51 ./Middlewares/Third_Party/FreeRTOS/Source/tasks.o
 .comment       0x0000000000000050       0x51 ./Middlewares/Third_Party/FreeRTOS/Source/timers.o
 .comment       0x0000000000000050       0x51 ./Middlewares/Third_Party/FreeRTOS/Source/portable/GCC/ARM_CM4F/port.o
 .comment       0x0000000000000050       0x51 ./Middlewares/Third_Party/FreeRTOS/Source/portable/MemMang/heap_4.o

.debug_frame    0x0000000000000000       0xd4
 .debug_frame   0x0000000000000000       0x2c c:/st/stm32cubeide_1.10.1/stm32cubeide/plugins/com.st.stm32cube.ide.mcu.externaltools.gnu-tools-for-stm32.10.3-2021.10.win32_1.0.0.202111181127/tools/bin/../lib/gcc/arm-none-eabi/10.3.1/../../../../arm-none-eabi/lib/thumb/v7e-m+fp/hard\libc_nano.a(lib_a-init.o)
 .debug_frame   0x000000000000002c       0x28 c:/st/stm32cubeide_1.10.1/stm32cubeide/plugins/com.st.stm32cube.ide.mcu.externaltools.gnu-tools-for-stm32.10.3-2021.10.win32_1.0.0.202111181127/tools/bin/../lib/gcc/arm-none-eabi/10.3.1/../../../../arm-none-eabi/lib/thumb/v7e-m+fp/hard\libc_nano.a(lib_a-memcpy-stub.o)
 .debug_frame   0x0000000000000054       0x20 c:/st/stm32cubeide_1.10.1/stm32cubeide/plugins/com.st.stm32cube.ide.mcu.externaltools.gnu-tools-for-stm32.10.3-2021.10.win32_1.0.0.202111181127/tools/bin/../lib/gcc/arm-none-eabi/10.3.1/../../../../arm-none-eabi/lib/thumb/v7e-m+fp/hard\libc_nano.a(lib_a-memset.o)
 .debug_frame   0x0000000000000074       0x2c c:/st/stm32cubeide_1.10.1/stm32cubeide/plugins/com.st.stm32cube.ide.mcu.externaltools.gnu-tools-for-stm32.10.3-2021.10.win32_1.0.0.202111181127/tools/bin/../lib/gcc/arm-none-eabi/10.3.1/thumb/v7e-m+fp/hard\libgcc.a(_aeabi_uldivmod.o)
 .debug_frame   0x00000000000000a0       0x34 c:/st/stm32cubeide_1.10.1/stm32cubeide/plugins/com.st.stm32cube.ide.mcu.externaltools.gnu-tools-for-stm32.10.3-2021.10.win32_1.0.0.202111181127/tools/bin/../lib/gcc/arm-none-eabi/10.3.1/thumb/v7e-m+fp/hard\libgcc.a(_udivmoddi4.o)
