../Core/Src/main.c:132:6:sendUARTMensaje	16	static
../Core/Src/main.c:143:6:HAL_UART_RxCpltCallback	16	static
../Core/Src/main.c:155:6:HAL_GPIO_EXTI_Callback	24	static
../Core/Src/main.c:195:6:msgKey	16	static
../Core/Src/main.c:200:6:activarFagSemaforo	8	static
../Core/Src/main.c:205:6:desactivarFagSemaforo	8	static
../Core/Src/main.c:211:6:suspenderTarea	8	static
../Core/Src/main.c:216:6:activarTarea	8	static
../Core/Src/main.c:224:6:createOsObjects	8	static
../Core/Src/main.c:236:6:createOsThreads	8	static
../Core/Src/main.c:256:5:main	16	static
../Core/Src/main.c:340:6:SystemClock_Config	88	static
../Core/Src/main.c:382:13:MX_USART2_UART_Init	8	static
../Core/Src/main.c:415:13:MX_GPIO_Init	40	static
../Core/Src/main.c:491:6:StartSendUART	16	static
../Core/Src/main.c:507:6:StartSemNormalTask	16	static
../Core/Src/main.c:518:6:StartSemGestionTask	24	static
../Core/Src/main.c:534:6:StartSirenaTask	16	static
../Core/Src/main.c:555:6:StartKeyboardTask	24	static
../Core/Src/main.c:569:6:Error_Handler	4	static,ignoring_inline_asm
