Archive member included to satisfy reference by file (symbol)

/opt/st/stm32cubeide_1.11.0/plugins/com.st.stm32cube.ide.mcu.externaltools.gnu-tools-for-stm32.10.3-2021.10.linux64_1.0.100.202210260954/tools/bin/../lib/gcc/arm-none-eabi/10.3.1/../../../../arm-none-eabi/lib/thumb/v7e-m+fp/hard/libc_nano.a(lib_a-errno.o)
                              ./Core/Src/syscalls.o (__errno)
/opt/st/stm32cubeide_1.11.0/plugins/com.st.stm32cube.ide.mcu.externaltools.gnu-tools-for-stm32.10.3-2021.10.linux64_1.0.100.202210260954/tools/bin/../lib/gcc/arm-none-eabi/10.3.1/../../../../arm-none-eabi/lib/thumb/v7e-m+fp/hard/libc_nano.a(lib_a-exit.o)
                              /opt/st/stm32cubeide_1.11.0/plugins/com.st.stm32cube.ide.mcu.externaltools.gnu-tools-for-stm32.10.3-2021.10.linux64_1.0.100.202210260954/tools/bin/../lib/gcc/arm-none-eabi/10.3.1/../../../../arm-none-eabi/lib/thumb/v7e-m+fp/hard/crt0.o (exit)
/opt/st/stm32cubeide_1.11.0/plugins/com.st.stm32cube.ide.mcu.externaltools.gnu-tools-for-stm32.10.3-2021.10.linux64_1.0.100.202210260954/tools/bin/../lib/gcc/arm-none-eabi/10.3.1/../../../../arm-none-eabi/lib/thumb/v7e-m+fp/hard/libc_nano.a(lib_a-impure.o)
                              /opt/st/stm32cubeide_1.11.0/plugins/com.st.stm32cube.ide.mcu.externaltools.gnu-tools-for-stm32.10.3-2021.10.linux64_1.0.100.202210260954/tools/bin/../lib/gcc/arm-none-eabi/10.3.1/../../../../arm-none-eabi/lib/thumb/v7e-m+fp/hard/libc_nano.a(lib_a-exit.o) (_global_impure_ptr)
/opt/st/stm32cubeide_1.11.0/plugins/com.st.stm32cube.ide.mcu.externaltools.gnu-tools-for-stm32.10.3-2021.10.linux64_1.0.100.202210260954/tools/bin/../lib/gcc/arm-none-eabi/10.3.1/../../../../arm-none-eabi/lib/thumb/v7e-m+fp/hard/libc_nano.a(lib_a-init.o)
                              /opt/st/stm32cubeide_1.11.0/plugins/com.st.stm32cube.ide.mcu.externaltools.gnu-tools-for-stm32.10.3-2021.10.linux64_1.0.100.202210260954/tools/bin/../lib/gcc/arm-none-eabi/10.3.1/../../../../arm-none-eabi/lib/thumb/v7e-m+fp/hard/crt0.o (__libc_init_array)
/opt/st/stm32cubeide_1.11.0/plugins/com.st.stm32cube.ide.mcu.externaltools.gnu-tools-for-stm32.10.3-2021.10.linux64_1.0.100.202210260954/tools/bin/../lib/gcc/arm-none-eabi/10.3.1/../../../../arm-none-eabi/lib/thumb/v7e-m+fp/hard/libc_nano.a(lib_a-memcpy-stub.o)
                              ./Middlewares/Third_Party/FreeRTOS/Source/CMSIS_RTOS_V2/cmsis_os2.o (memcpy)
/opt/st/stm32cubeide_1.11.0/plugins/com.st.stm32cube.ide.mcu.externaltools.gnu-tools-for-stm32.10.3-2021.10.linux64_1.0.100.202210260954/tools/bin/../lib/gcc/arm-none-eabi/10.3.1/../../../../arm-none-eabi/lib/thumb/v7e-m+fp/hard/libc_nano.a(lib_a-memset.o)
                              /opt/st/stm32cubeide_1.11.0/plugins/com.st.stm32cube.ide.mcu.externaltools.gnu-tools-for-stm32.10.3-2021.10.linux64_1.0.100.202210260954/tools/bin/../lib/gcc/arm-none-eabi/10.3.1/../../../../arm-none-eabi/lib/thumb/v7e-m+fp/hard/crt0.o (memset)
/opt/st/stm32cubeide_1.11.0/plugins/com.st.stm32cube.ide.mcu.externaltools.gnu-tools-for-stm32.10.3-2021.10.linux64_1.0.100.202210260954/tools/bin/../lib/gcc/arm-none-eabi/10.3.1/thumb/v7e-m+fp/hard/libgcc.a(_aeabi_uldivmod.o)
                              ./Drivers/STM32F4xx_HAL_Driver/Src/stm32f4xx_hal_rcc.o (__aeabi_uldivmod)
/opt/st/stm32cubeide_1.11.0/plugins/com.st.stm32cube.ide.mcu.externaltools.gnu-tools-for-stm32.10.3-2021.10.linux64_1.0.100.202210260954/tools/bin/../lib/gcc/arm-none-eabi/10.3.1/thumb/v7e-m+fp/hard/libgcc.a(_udivmoddi4.o)
                              /opt/st/stm32cubeide_1.11.0/plugins/com.st.stm32cube.ide.mcu.externaltools.gnu-tools-for-stm32.10.3-2021.10.linux64_1.0.100.202210260954/tools/bin/../lib/gcc/arm-none-eabi/10.3.1/thumb/v7e-m+fp/hard/libgcc.a(_aeabi_uldivmod.o) (__udivmoddi4)
/opt/st/stm32cubeide_1.11.0/plugins/com.st.stm32cube.ide.mcu.externaltools.gnu-tools-for-stm32.10.3-2021.10.linux64_1.0.100.202210260954/tools/bin/../lib/gcc/arm-none-eabi/10.3.1/thumb/v7e-m+fp/hard/libgcc.a(_dvmd_tls.o)
                              /opt/st/stm32cubeide_1.11.0/plugins/com.st.stm32cube.ide.mcu.externaltools.gnu-tools-for-stm32.10.3-2021.10.linux64_1.0.100.202210260954/tools/bin/../lib/gcc/arm-none-eabi/10.3.1/thumb/v7e-m+fp/hard/libgcc.a(_aeabi_uldivmod.o) (__aeabi_ldiv0)

Discarded input sections

 .text          0x0000000000000000        0x0 /opt/st/stm32cubeide_1.11.0/plugins/com.st.stm32cube.ide.mcu.externaltools.gnu-tools-for-stm32.10.3-2021.10.linux64_1.0.100.202210260954/tools/bin/../lib/gcc/arm-none-eabi/10.3.1/thumb/v7e-m+fp/hard/crti.o
 .data          0x0000000000000000        0x0 /opt/st/stm32cubeide_1.11.0/plugins/com.st.stm32cube.ide.mcu.externaltools.gnu-tools-for-stm32.10.3-2021.10.linux64_1.0.100.202210260954/tools/bin/../lib/gcc/arm-none-eabi/10.3.1/thumb/v7e-m+fp/hard/crti.o
[...]
Memory Configuration

Name             Origin             Length             Attributes
RAM              0x0000000020000000 0x0000000000020000 xrw
FLASH            0x0000000008000000 0x0000000000080000 xr
*default*        0x0000000000000000 0xffffffffffffffff

Linker script and memory map

LOAD /opt/st/stm32cubeide_1.11.0/plugins/com.st.stm32cube.ide.mcu.externaltools.gnu-tools-for-stm32.10.3-2021.10.linux64_1.0.100.202210260954/tools/bin/../lib/gcc/arm-none-eabi/10.3.1/thumb/v7e-m+fp/hard/crti.o
LOAD /opt/st/stm32cubeide_1.11.0/plugins/com.st.stm32cube.ide.mcu.externaltools.gnu-tools-for-stm32.10.3-2021.10.linux64_1.0.100.202210260954/tools/bin/../lib/gcc/arm-none-eabi/10.3.1/thumb/v7e-m+fp/hard/crtbegin.o
LOAD /opt/st/stm32cubeide_1.11.0/plugins/com.st.stm32cube.ide.mcu.externaltools.gnu-tools-for-stm32.10.3-2021.10.linux64_1.0.100.202210260954/tools/bin/../lib/gcc/arm-none-eabi/10.3.1/../../../../arm-none-eabi/lib/thumb/v7e-m+fp/hard/crt0.o
LOAD ./Core/Src/freertos.o
LOAD ./Core/Src/keyboard.o
LOAD ./Core/Src/main.o
LOAD ./Core/Src/semaforo.o
LOAD ./Core/Src/stm32f4xx_hal_msp.o
LOAD ./Core/Src/stm32f4xx_it.o
LOAD ./Core/Src/syscalls.o
LOAD ./Core/Src/sysmem.o
LOAD ./Core/Src/system_stm32f4xx.o
LOAD ./Core/Startup/startup_stm32f411retx.o
LOAD ./Drivers/STM32F4xx_HAL_Driver/Src/stm32f4xx_hal.o
LOAD ./Drivers/STM32F4xx_HAL_Driver/Src/stm32f4xx_hal_cortex.o
LOAD ./Drivers/STM32F4xx_HAL_Driver/Src/stm32f4xx_hal_dma.o
LOAD ./Drivers/STM32F4xx_HAL_Driver/Src/stm32f4xx_hal_dma_ex.o
LOAD ./Drivers/STM32F4xx_HAL_Driver/Src/stm32f4xx_hal_exti.o
LOAD ./Drivers/STM32F4xx_HAL_Driver/Src/stm32f4xx_hal_flash.o
LOAD ./Drivers/STM32F4xx_HAL_Driver/Src/stm32f4xx_hal_flash_ex.o
LOAD ./Drivers/STM32F4xx_HAL_Driver/Src/stm32f4xx_hal_flash_ramfunc.o
LOAD ./Drivers/STM32F4xx_HAL_Driver/Src/stm32f4xx_hal_gpio.o
LOAD ./Drivers/STM32F4xx_HAL_Driver/Src/stm32f4xx_hal_pwr.o
LOAD ./Drivers/STM32F4xx_HAL_Driver/Src/stm32f4xx_hal_pwr_ex.o
LOAD ./Drivers/STM32F4xx_HAL_Driver/Src/stm32f4xx_hal_rcc.o
LOAD ./Drivers/STM32F4xx_HAL_Driver/Src/stm32f4xx_hal_rcc_ex.o
LOAD ./Drivers/STM32F4xx_HAL_Driver/Src/stm32f4xx_hal_uart.o
LOAD ./Middlewares/Third_Party/FreeRTOS/Source/CMSIS_RTOS_V2/cmsis_os2.o
LOAD ./Middlewares/Third_Party/FreeRTOS/Source/croutine.o
LOAD ./Middlewares/Third_Party/FreeRTOS/Source/event_groups.o
LOAD ./Middlewares/Third_Party/FreeRTOS/Source/list.o
LOAD ./Middlewares/Third_Party/FreeRTOS/Source/queue.o
LOAD ./Middlewares/Third_Party/FreeRTOS/Source/stream_buffer.o
LOAD ./Middlewares/Third_Party/FreeRTOS/Source/tasks.o
LOAD ./Middlewares/Third_Party/FreeRTOS/Source/timers.o
LOAD ./Middlewares/Third_Party/FreeRTOS/Source/portable/GCC/ARM_CM4F/port.o
LOAD ./Middlewares/Third_Party/FreeRTOS/Source/portable/MemMang/heap_4.o
START GROUP
LOAD /opt/st/stm32cubeide_1.11.0/plugins/com.st.stm32cube.ide.mcu.externaltools.gnu-tools-for-stm32.10.3-2021.10.linux64_1.0.100.202210260954/tools/bin/../lib/gcc/arm-none-eabi/10.3.1/../../../../arm-none-eabi/lib/thumb/v7e-m+fp/hard/libc_nano.a
LOAD /opt/st/stm32cubeide_1.11.0/plugins/com.st.stm32cube.ide.mcu.externaltools.gnu-tools-for-stm32.10.3-2021.10.linux64_1.0.100.202210260954/tools/bin/../lib/gcc/arm-none-eabi/10.3.1/../../../../arm-none-eabi/lib/thumb/v7e-m+fp/hard/libm.a
END GROUP
START GROUP
LOAD /opt/st/stm32cubeide_1.11.0/plugins/com.st.stm32cube.ide.mcu.externaltools.gnu-tools-for-stm32.10.3-2021.10.linux64_1.0.100.202210260954/tools/bin/../lib/gcc/arm-none-eabi/10.3.1/thumb/v7e-m+fp/hard/libgcc.a
LOAD /opt/st/stm32cubeide_1.11.0/plugins/com.st.stm32cube.ide.mcu.externaltools.gnu-tools-for-stm32.10.3-2021.10.linux64_1.0.100.202210260954/tools/bin/../lib/gcc/arm-none-eabi/10.3.1/../../../../arm-none-eabi/lib/thumb/v7e-m+fp/hard/libc_nano.a
END GROUP
START GROUP
LOAD /opt/st/stm32cubeide_1.11.0/plugins/com.st.stm32cube.ide.mcu.externaltools.gnu-tools-for-stm32.10.3-2021.10.linux64_1.0.100.202210260954/tools/bin/../lib/gcc/arm-none-eabi/10.3.1/thumb/v7e-m+fp/hard/libgcc.a
LOAD /opt/st/stm32cubeide_1.11.0/plugins/com.st.stm32cube.ide.mcu.externaltools.gnu-tools-for-stm32.10.3-2021.10.linux64_1.0.100.202210260954/tools/bin/../lib/gcc/arm-none-eabi/10.3.1/../../../../arm-none-eabi/lib/thumb/v7e-m+fp/hard/libc_nano.a
LOAD /opt/st/stm32cubeide_1.11.0/plugins/com.st.stm32cube.ide.mcu.externaltools.gnu-tools-for-stm32.10.3-2021.10.linux64_1.0.100.202210260954/tools/bin/../lib/gcc/arm-none-eabi/10.3.1/../../../../arm-none-eabi/lib/thumb/v7e-m+fp/hard/libnosys.a
END GROUP
START GROUP
LOAD /opt/st/stm32cubeide_1.11.0/plugins/com.st.stm32cube.ide.mcu.externaltools.gnu-tools-for-stm32.10.3-2021.10.linux64_1.0.100.202210260954/tools/bin/../lib/gcc/arm-none-eabi/10.3.1/thumb/v7e-m+fp/hard/libgcc.a
LOAD /opt/st/stm32cubeide_1.11.0/plugins/com.st.stm32cube.ide.mcu.externaltools.gnu-tools-for-stm32.10.3-2021.10.linux64_1.0.100.202210260954/tools/bin/../lib/gcc/arm-none-eabi/10.3.1/../../../../arm-none-eabi/lib/thumb/v7e-m+fp/hard/libc_nano.a
LOAD /opt/st/stm32cubeide_1.11.0/plugins/com.st.stm32cube.ide.mcu.externaltools.gnu-tools-for-stm32.10.3-2021.10.linux64_1.0.100.202210260954/tools/bin/../lib/gcc/arm-none-eabi/10.3.1/../../../../arm-none-eabi/lib/thumb/v7e-m+fp/hard/libnosys.a
END GROUP
LOAD /opt/st/stm32cubeide_1.11.0/plugins/com.st.stm32cube.ide.mcu.externaltools.gnu-tools-for-stm32.10.3-2021.10.linux64_1.0.100.202210260954/tools/bin/../lib/gcc/arm-none-eabi/10.3.1/thumb/v7e-m+fp/hard/crtend.o
LOAD /opt/st/stm32cubeide_1.11.0/plugins/com.st.stm32cube.ide.mcu.externaltools.gnu-tools-for-stm32.10.3-2021.10.linux64_1.0.100.202210260954/tools/bin/../lib/gcc/arm-none-eabi/10.3.1/thumb/v7e-m+fp/hard/crtn.o
                0x0000000020020000                _estack = (ORIGIN (RAM) + LENGTH (RAM))
                0x0000000000000200                _Min_Heap_Size = 0x200
                0x0000000000000400                _Min_Stack_Size = 0x400

.isr_vector     0x0000000008000000      0x198
                0x0000000008000000                . = ALIGN (0x4)
 *(.isr_vector)
 .isr_vector    0x0000000008000000      0x198 ./Core/Startup/startup_stm32f411retx.o
                0x0000000008000000                g_pfnVectors
                0x0000000008000198                . = ALIGN (0x4)

.text           0x00000000080001a0     0x7498
                0x00000000080001a0                . = ALIGN (0x4)
 *(.text)
 .text          0x00000000080001a0       0x40 /opt/st/stm32cubeide_1.11.0/plugins/com.st.stm32cube.ide.mcu.externaltools.gnu-tools-for-stm32.10.3-2021.10.linux64_1.0.100.202210260954/tools/bin/../lib/gcc/arm-none-eabi/10.3.1/thumb/v7e-m+fp/hard/crtbegin.o
 .text          0x00000000080001e0       0x30 /opt/st/stm32cubeide_1.11.0/plugins/com.st.stm32cube.ide.mcu.externaltools.gnu-tools-for-stm32.10.3-2021.10.linux64_1.0.100.202210260954/tools/bin/../lib/gcc/arm-none-eabi/10.3.1/thumb/v7e-m+fp/hard/libgcc.a(_aeabi_uldivmod.o)
                0x00000000080001e0                __aeabi_uldivmod
 .text          0x0000000008000210      0x2d0 /opt/st/stm32cubeide_1.11.0/plugins/com.st.stm32cube.ide.mcu.externaltools.gnu-tools-for-stm32.10.3-2021.10.linux64_1.0.100.202210260954/tools/bin/../lib/gcc/arm-none-eabi/10.3.1/thumb/v7e-m+fp/hard/libgcc.a(_udivmoddi4.o)
                0x0000000008000210                __udivmoddi4
 .text          0x00000000080004e0        0x4 /opt/st/stm32cubeide_1.11.0/plugins/com.st.stm32cube.ide.mcu.externaltools.gnu-tools-for-stm32.10.3-2021.10.linux64_1.0.100.202210260954/tools/bin/../lib/gcc/arm-none-eabi/10.3.1/thumb/v7e-m+fp/hard/libgcc.a(_dvmd_tls.o)
                0x00000000080004e0                __aeabi_ldiv0
                0x00000000080004e0                __aeabi_idiv0
 *(.text*)
 .text.stateKeyBoard
                0x00000000080004e4       0x6c ./Core/Src/keyboard.o
                0x00000000080004e4                stateKeyBoard
 .text.isANumber
                0x0000000008000550       0x2a ./Core/Src/keyboard.o
                0x0000000008000550                isANumber
 .text.isAnEmergencyType
                0x000000000800057a       0x2a ./Core/Src/keyboard.o
                0x000000000800057a                isAnEmergencyType
 .text.delayKey
                0x00000000080005a4       0x30 ./Core/Src/keyboard.o
                0x00000000080005a4                delayKey
 .text.handleKeyBoard
                0x00000000080005d4       0xbc ./Core/Src/keyboard.o
                0x00000000080005d4                handleKeyBoard
 .text.writeColum
                0x0000000008000690       0x7c ./Core/Src/keyboard.o
                0x0000000008000690                writeColum
 .text.readRow  0x000000000800070c       0x7c ./Core/Src/keyboard.o
                0x000000000800070c                readRow
 .text.sendUARTMensaje
                0x0000000008000788       0x40 ./Core/Src/main.o
                0x0000000008000788                sendUARTMensaje
 .text.HAL_UART_RxCpltCallback
                0x00000000080007c8       0x48 ./Core/Src/main.o
                0x00000000080007c8                HAL_UART_RxCpltCallback
 .text.HAL_GPIO_EXTI_Callback
                0x0000000008000810       0xc8 ./Core/Src/main.o
                0x0000000008000810                HAL_GPIO_EXTI_Callback
 .text.msgKey   0x00000000080008d8       0x24 ./Core/Src/main.o
                0x00000000080008d8                msgKey
 .text.activarFagSemaforo
                0x00000000080008fc       0x18 ./Core/Src/main.o
                0x00000000080008fc                activarFagSemaforo
 .text.desactivarFagSemaforo
                0x0000000008000914       0x24 ./Core/Src/main.o
                0x0000000008000914                desactivarFagSemaforo
 .text.suspenderTarea
                0x0000000008000938       0x18 ./Core/Src/main.o
                0x0000000008000938                suspenderTarea
 .text.activarTarea
                0x0000000008000950       0x18 ./Core/Src/main.o
                0x0000000008000950                activarTarea
 .text.createOsObjects
                0x0000000008000968       0x60 ./Core/Src/main.o
                0x0000000008000968                createOsObjects
 .text.createOsThreads
                0x00000000080009c8       0x78 ./Core/Src/main.o
                0x00000000080009c8                createOsThreads
 .text.main     0x0000000008000a40       0x58 ./Core/Src/main.o
                0x0000000008000a40                main
 .text.SystemClock_Config
                0x0000000008000a98       0xbc ./Core/Src/main.o
                0x0000000008000a98                SystemClock_Config
 .text.MX_USART2_UART_Init
                0x0000000008000b54       0x54 ./Core/Src/main.o
 .text.MX_GPIO_Init
                0x0000000008000ba8      0x15c ./Core/Src/main.o
 .text.StartSemNormalTask
                0x0000000008000d04        0xe ./Core/Src/main.o
                0x0000000008000d04                StartSemNormalTask
 *fill*         0x0000000008000d12        0x2 
 .text.StartSemGestionTask
                0x0000000008000d14       0x28 ./Core/Src/main.o
                0x0000000008000d14                StartSemGestionTask
 .text.StartSirenaTask
                0x0000000008000d3c       0x4c ./Core/Src/main.o
                0x0000000008000d3c                StartSirenaTask
 .text.StartKeyboardTask
                0x0000000008000d88       0x28 ./Core/Src/main.o
                0x0000000008000d88                StartKeyboardTask
 .text.Error_Handler
                0x0000000008000db0        0xa ./Core/Src/main.o
                0x0000000008000db0                Error_Handler
 *fill*         0x0000000008000dba        0x2 
 .text.stateSemaforo
                0x0000000008000dbc       0xc8 ./Core/Src/semaforo.o
                0x0000000008000dbc                stateSemaforo
 .text.runSemaforoNormal
                0x0000000008000e84       0x2c ./Core/Src/semaforo.o
                0x0000000008000e84                runSemaforoNormal
 .text.runSemaforoBloqueoAmbulancia
                0x0000000008000eb0       0x1a ./Core/Src/semaforo.o
                0x0000000008000eb0                runSemaforoBloqueoAmbulancia
 .text.runSemaforoBloqueoTotal
                0x0000000008000eca       0x1a ./Core/Src/semaforo.o
                0x0000000008000eca                runSemaforoBloqueoTotal
 .text.setRojo  0x0000000008000ee4       0x3c ./Core/Src/semaforo.o
                0x0000000008000ee4                setRojo
 .text.setAmbar
                0x0000000008000f20       0x3c ./Core/Src/semaforo.o
                0x0000000008000f20                setAmbar
 .text.setVerde
                0x0000000008000f5c       0x3c ./Core/Src/semaforo.o
                0x0000000008000f5c                setVerde
 .text.runSirena
                0x0000000008000f98       0x50 ./Core/Src/semaforo.o
                0x0000000008000f98                runSirena
 .text.stopSirena
                0x0000000008000fe8       0x24 ./Core/Src/semaforo.o
                0x0000000008000fe8                stopSirena
 .text.HAL_MspInit
                0x000000000800100c       0x58 ./Core/Src/stm32f4xx_hal_msp.o
                0x000000000800100c                HAL_MspInit
 .text.HAL_UART_MspInit
                0x0000000008001064       0xa0 ./Core/Src/stm32f4xx_hal_msp.o
                0x0000000008001064                HAL_UART_MspInit
 .text.NMI_Handler
                0x0000000008001104        0x6 ./Core/Src/stm32f4xx_it.o
                0x0000000008001104                NMI_Handler
 .text.HardFault_Handler
                0x000000000800110a        0x6 ./Core/Src/stm32f4xx_it.o
                0x000000000800110a                HardFault_Handler
 .text.MemManage_Handler
                0x0000000008001110        0x6 ./Core/Src/stm32f4xx_it.o
                0x0000000008001110                MemManage_Handler
 .text.BusFault_Handler
                0x0000000008001116        0x6 ./Core/Src/stm32f4xx_it.o
                0x0000000008001116                BusFault_Handler
 .text.UsageFault_Handler
                0x000000000800111c        0x6 ./Core/Src/stm32f4xx_it.o
                0x000000000800111c                UsageFault_Handler
 .text.DebugMon_Handler
                0x0000000008001122        0xe ./Core/Src/stm32f4xx_it.o
                0x0000000008001122                DebugMon_Handler
 .text.SysTick_Handler
                0x0000000008001130       0x1a ./Core/Src/stm32f4xx_it.o
                0x0000000008001130                SysTick_Handler
 .text.EXTI9_5_IRQHandler
                0x000000000800114a       0x2a ./Core/Src/stm32f4xx_it.o
                0x000000000800114a                EXTI9_5_IRQHandler
 .text.USART2_IRQHandler
                0x0000000008001174       0x14 ./Core/Src/stm32f4xx_it.o
                0x0000000008001174                USART2_IRQHandler
 .text.SystemInit
                0x0000000008001188       0x24 ./Core/Src/system_stm32f4xx.o
                0x0000000008001188                SystemInit
 .text.Reset_Handler
                0x00000000080011ac       0x50 ./Core/Startup/startup_stm32f411retx.o
                0x00000000080011ac                Reset_Handler
 .text.Default_Handler
                0x00000000080011fc        0x2 ./Core/Startup/startup_stm32f411retx.o
                0x00000000080011fc                RTC_Alarm_IRQHandler
                0x00000000080011fc                EXTI2_IRQHandler
                0x00000000080011fc                SPI4_IRQHandler
                0x00000000080011fc                TIM1_CC_IRQHandler
                0x00000000080011fc                DMA2_Stream5_IRQHandler
                0x00000000080011fc                DMA1_Stream5_IRQHandler
                0x00000000080011fc                PVD_IRQHandler
                0x00000000080011fc                SDIO_IRQHandler
                0x00000000080011fc                TAMP_STAMP_IRQHandler
                0x00000000080011fc                EXTI3_IRQHandler
                0x00000000080011fc                TIM1_UP_TIM10_IRQHandler
                0x00000000080011fc                I2C3_ER_IRQHandler
                0x00000000080011fc                EXTI0_IRQHandler
                0x00000000080011fc                I2C2_EV_IRQHandler
                0x00000000080011fc                DMA1_Stream2_IRQHandler
                0x00000000080011fc                FPU_IRQHandler
                0x00000000080011fc                DMA2_Stream2_IRQHandler
                0x00000000080011fc                SPI1_IRQHandler
                0x00000000080011fc                TIM1_BRK_TIM9_IRQHandler
                0x00000000080011fc                DMA2_Stream3_IRQHandler
                0x00000000080011fc                USART6_IRQHandler
                0x00000000080011fc                DMA2_Stream0_IRQHandler
                0x00000000080011fc                TIM4_IRQHandler
                0x00000000080011fc                I2C1_EV_IRQHandler
                0x00000000080011fc                DMA1_Stream6_IRQHandler
                0x00000000080011fc                DMA1_Stream1_IRQHandler
                0x00000000080011fc                TIM3_IRQHandler
                0x00000000080011fc                RCC_IRQHandler
                0x00000000080011fc                Default_Handler
                0x00000000080011fc                EXTI15_10_IRQHandler
                0x00000000080011fc                ADC_IRQHandler
                0x00000000080011fc                DMA1_Stream7_IRQHandler
                0x00000000080011fc                SPI5_IRQHandler
                0x00000000080011fc                TIM5_IRQHandler
                0x00000000080011fc                DMA2_Stream7_IRQHandler
                0x00000000080011fc                I2C3_EV_IRQHandler
                0x00000000080011fc                RTC_WKUP_IRQHandler
                0x00000000080011fc                SPI2_IRQHandler
                0x00000000080011fc                DMA1_Stream0_IRQHandler
                0x00000000080011fc                EXTI4_IRQHandler
                0x00000000080011fc                WWDG_IRQHandler
                0x00000000080011fc                TIM2_IRQHandler
                0x00000000080011fc                OTG_FS_WKUP_IRQHandler
                0x00000000080011fc                TIM1_TRG_COM_TIM11_IRQHandler
                0x00000000080011fc                EXTI1_IRQHandler
                0x00000000080011fc                I2C2_ER_IRQHandler
                0x00000000080011fc                DMA2_Stream1_IRQHandler
                0x00000000080011fc                FLASH_IRQHandler
                0x00000000080011fc                DMA2_Stream4_IRQHandler
                0x00000000080011fc                USART1_IRQHandler
                0x00000000080011fc                OTG_FS_IRQHandler
                0x00000000080011fc                SPI3_IRQHandler
                0x00000000080011fc                DMA1_Stream4_IRQHandler
                0x00000000080011fc                I2C1_ER_IRQHandler
                0x00000000080011fc                DMA2_Stream6_IRQHandler
                0x00000000080011fc                DMA1_Stream3_IRQHandler
 *fill*         0x00000000080011fe        0x2 
 .text.HAL_Init
                0x0000000008001200       0x44 ./Drivers/STM32F4xx_HAL_Driver/Src/stm32f4xx_hal.o
                0x0000000008001200                HAL_Init
 .text.HAL_InitTick
                0x0000000008001244       0x60 ./Drivers/STM32F4xx_HAL_Driver/Src/stm32f4xx_hal.o
                0x0000000008001244                HAL_InitTick
 .text.HAL_IncTick
                0x00000000080012a4       0x28 ./Drivers/STM32F4xx_HAL_Driver/Src/stm32f4xx_hal.o
                0x00000000080012a4                HAL_IncTick
 .text.HAL_GetTick
                0x00000000080012cc       0x18 ./Drivers/STM32F4xx_HAL_Driver/Src/stm32f4xx_hal.o
                0x00000000080012cc                HAL_GetTick
 .text.__NVIC_SetPriorityGrouping
                0x00000000080012e4       0x48 ./Drivers/STM32F4xx_HAL_Driver/Src/stm32f4xx_hal_cortex.o
 .text.__NVIC_GetPriorityGrouping
                0x000000000800132c       0x1c ./Drivers/STM32F4xx_HAL_Driver/Src/stm32f4xx_hal_cortex.o
 .text.__NVIC_EnableIRQ
                0x0000000008001348       0x3c ./Drivers/STM32F4xx_HAL_Driver/Src/stm32f4xx_hal_cortex.o
 .text.__NVIC_SetPriority
                0x0000000008001384       0x54 ./Drivers/STM32F4xx_HAL_Driver/Src/stm32f4xx_hal_cortex.o
 .text.NVIC_EncodePriority
                0x00000000080013d8       0x66 ./Drivers/STM32F4xx_HAL_Driver/Src/stm32f4xx_hal_cortex.o
 *fill*         0x000000000800143e        0x2 
 .text.SysTick_Config
                0x0000000008001440       0x44 ./Drivers/STM32F4xx_HAL_Driver/Src/stm32f4xx_hal_cortex.o
 .text.HAL_NVIC_SetPriorityGrouping
                0x0000000008001484       0x16 ./Drivers/STM32F4xx_HAL_Driver/Src/stm32f4xx_hal_cortex.o
                0x0000000008001484                HAL_NVIC_SetPriorityGrouping
 .text.HAL_NVIC_SetPriority
                0x000000000800149a       0x38 ./Drivers/STM32F4xx_HAL_Driver/Src/stm32f4xx_hal_cortex.o
                0x000000000800149a                HAL_NVIC_SetPriority
 .text.HAL_NVIC_EnableIRQ
                0x00000000080014d2       0x1c ./Drivers/STM32F4xx_HAL_Driver/Src/stm32f4xx_hal_cortex.o
                0x00000000080014d2                HAL_NVIC_EnableIRQ
 .text.HAL_SYSTICK_Config
                0x00000000080014ee       0x18 ./Drivers/STM32F4xx_HAL_Driver/Src/stm32f4xx_hal_cortex.o
                0x00000000080014ee                HAL_SYSTICK_Config
 .text.HAL_DMA_Abort
                0x0000000008001506       0xe0 ./Drivers/STM32F4xx_HAL_Driver/Src/stm32f4xx_hal_dma.o
                0x0000000008001506                HAL_DMA_Abort
 .text.HAL_DMA_Abort_IT
                0x00000000080015e6       0x44 ./Drivers/STM32F4xx_HAL_Driver/Src/stm32f4xx_hal_dma.o
                0x00000000080015e6                HAL_DMA_Abort_IT
 *fill*         0x000000000800162a        0x2 
 .text.HAL_GPIO_Init
                0x000000000800162c      0x308 ./Drivers/STM32F4xx_HAL_Driver/Src/stm32f4xx_hal_gpio.o
                0x000000000800162c                HAL_GPIO_Init
 .text.HAL_GPIO_ReadPin
                0x0000000008001934       0x30 ./Drivers/STM32F4xx_HAL_Driver/Src/stm32f4xx_hal_gpio.o
                0x0000000008001934                HAL_GPIO_ReadPin
 .text.HAL_GPIO_WritePin
                0x0000000008001964       0x32 ./Drivers/STM32F4xx_HAL_Driver/Src/stm32f4xx_hal_gpio.o
                0x0000000008001964                HAL_GPIO_WritePin
 .text.HAL_GPIO_TogglePin
                0x0000000008001996       0x34 ./Drivers/STM32F4xx_HAL_Driver/Src/stm32f4xx_hal_gpio.o
                0x0000000008001996                HAL_GPIO_TogglePin
 *fill*         0x00000000080019ca        0x2 
 .text.HAL_GPIO_EXTI_IRQHandler
                0x00000000080019cc       0x30 ./Drivers/STM32F4xx_HAL_Driver/Src/stm32f4xx_hal_gpio.o
                0x00000000080019cc                HAL_GPIO_EXTI_IRQHandler
 .text.HAL_RCC_OscConfig
                0x00000000080019fc      0x4f0 ./Drivers/STM32F4xx_HAL_Driver/Src/stm32f4xx_hal_rcc.o
                0x00000000080019fc                HAL_RCC_OscConfig
 .text.HAL_RCC_ClockConfig
                0x0000000008001eec      0x1cc ./Drivers/STM32F4xx_HAL_Driver/Src/stm32f4xx_hal_rcc.o
                0x0000000008001eec                HAL_RCC_ClockConfig
 .text.HAL_RCC_GetSysClockFreq
                0x00000000080020b8      0x18c ./Drivers/STM32F4xx_HAL_Driver/Src/stm32f4xx_hal_rcc.o
                0x00000000080020b8                HAL_RCC_GetSysClockFreq
 .text.HAL_RCC_GetHCLKFreq
                0x0000000008002244       0x18 ./Drivers/STM32F4xx_HAL_Driver/Src/stm32f4xx_hal_rcc.o
                0x0000000008002244                HAL_RCC_GetHCLKFreq
 .text.HAL_RCC_GetPCLK1Freq
                0x000000000800225c       0x28 ./Drivers/STM32F4xx_HAL_Driver/Src/stm32f4xx_hal_rcc.o
                0x000000000800225c                HAL_RCC_GetPCLK1Freq
 .text.HAL_RCC_GetPCLK2Freq
                0x0000000008002284       0x28 ./Drivers/STM32F4xx_HAL_Driver/Src/stm32f4xx_hal_rcc.o
                0x0000000008002284                HAL_RCC_GetPCLK2Freq
 .text.HAL_UART_Init
                0x00000000080022ac       0x9a ./Drivers/STM32F4xx_HAL_Driver/Src/stm32f4xx_hal_uart.o
                0x00000000080022ac                HAL_UART_Init
 .text.HAL_UART_Transmit
                0x0000000008002346      0x124 ./Drivers/STM32F4xx_HAL_Driver/Src/stm32f4xx_hal_uart.o
                0x0000000008002346                HAL_UART_Transmit
 .text.HAL_UART_Receive_IT
                0x000000000800246a       0x60 ./Drivers/STM32F4xx_HAL_Driver/Src/stm32f4xx_hal_uart.o
                0x000000000800246a                HAL_UART_Receive_IT
 *fill*         0x00000000080024ca        0x2 
 .text.HAL_UART_IRQHandler
                0x00000000080024cc      0x51c ./Drivers/STM32F4xx_HAL_Driver/Src/stm32f4xx_hal_uart.o
                0x00000000080024cc                HAL_UART_IRQHandler
 .text.HAL_UART_TxCpltCallback
                0x00000000080029e8       0x14 ./Drivers/STM32F4xx_HAL_Driver/Src/stm32f4xx_hal_uart.o
                0x00000000080029e8                HAL_UART_TxCpltCallback
 .text.HAL_UART_ErrorCallback
                0x00000000080029fc       0x14 ./Drivers/STM32F4xx_HAL_Driver/Src/stm32f4xx_hal_uart.o
                0x00000000080029fc                HAL_UART_ErrorCallback
 .text.HAL_UARTEx_RxEventCallback
                0x0000000008002a10       0x18 ./Drivers/STM32F4xx_HAL_Driver/Src/stm32f4xx_hal_uart.o
                0x0000000008002a10                HAL_UARTEx_RxEventCallback
 .text.UART_WaitOnFlagUntilTimeout
                0x0000000008002a28       0xdc ./Drivers/STM32F4xx_HAL_Driver/Src/stm32f4xx_hal_uart.o
 .text.UART_Start_Receive_IT
                0x0000000008002b04       0x7c ./Drivers/STM32F4xx_HAL_Driver/Src/stm32f4xx_hal_uart.o
                0x0000000008002b04                UART_Start_Receive_IT
 .text.UART_EndRxTransfer
                0x0000000008002b80       0xc6 ./Drivers/STM32F4xx_HAL_Driver/Src/stm32f4xx_hal_uart.o
 .text.UART_DMAAbortOnError
                0x0000000008002c46       0x28 ./Drivers/STM32F4xx_HAL_Driver/Src/stm32f4xx_hal_uart.o
 .text.UART_Transmit_IT
                0x0000000008002c6e       0xa0 ./Drivers/STM32F4xx_HAL_Driver/Src/stm32f4xx_hal_uart.o
 .text.UART_EndTransmit_IT
                0x0000000008002d0e       0x30 ./Drivers/STM32F4xx_HAL_Driver/Src/stm32f4xx_hal_uart.o
 .text.UART_Receive_IT
                0x0000000008002d3e      0x176 ./Drivers/STM32F4xx_HAL_Driver/Src/stm32f4xx_hal_uart.o
 .text.UART_SetConfig
                0x0000000008002eb4      0x4e8 ./Drivers/STM32F4xx_HAL_Driver/Src/stm32f4xx_hal_uart.o
 .text.__NVIC_SetPriority
                0x000000000800339c       0x54 ./Middlewares/Third_Party/FreeRTOS/Source/CMSIS_RTOS_V2/cmsis_os2.o
 .text.SVC_Setup
                0x00000000080033f0       0x12 ./Middlewares/Third_Party/FreeRTOS/Source/CMSIS_RTOS_V2/cmsis_os2.o
 *fill*         0x0000000008003402        0x2 
 .text.osKernelInitialize
                0x0000000008003404       0x48 ./Middlewares/Third_Party/FreeRTOS/Source/CMSIS_RTOS_V2/cmsis_os2.o
                0x0000000008003404                osKernelInitialize
 .text.osKernelStart
                0x000000000800344c       0x4c ./Middlewares/Third_Party/FreeRTOS/Source/CMSIS_RTOS_V2/cmsis_os2.o
                0x000000000800344c                osKernelStart
 .text.osThreadNew
                0x0000000008003498      0x124 ./Middlewares/Third_Party/FreeRTOS/Source/CMSIS_RTOS_V2/cmsis_os2.o
                0x0000000008003498                osThreadNew
 .text.osThreadSuspend
                0x00000000080035bc       0x42 ./Middlewares/Third_Party/FreeRTOS/Source/CMSIS_RTOS_V2/cmsis_os2.o
                0x00000000080035bc                osThreadSuspend
 .text.osThreadResume
                0x00000000080035fe       0x42 ./Middlewares/Third_Party/FreeRTOS/Source/CMSIS_RTOS_V2/cmsis_os2.o
                0x00000000080035fe                osThreadResume
 .text.osDelay  0x0000000008003640       0x36 ./Middlewares/Third_Party/FreeRTOS/Source/CMSIS_RTOS_V2/cmsis_os2.o
                0x0000000008003640                osDelay
 .text.osEventFlagsNew
                0x0000000008003676       0x7e ./Middlewares/Third_Party/FreeRTOS/Source/CMSIS_RTOS_V2/cmsis_os2.o
                0x0000000008003676                osEventFlagsNew
 .text.osEventFlagsSet
                0x00000000080036f4       0x88 ./Middlewares/Third_Party/FreeRTOS/Source/CMSIS_RTOS_V2/cmsis_os2.o
                0x00000000080036f4                osEventFlagsSet
 .text.osEventFlagsClear
                0x000000000800377c       0x64 ./Middlewares/Third_Party/FreeRTOS/Source/CMSIS_RTOS_V2/cmsis_os2.o
                0x000000000800377c                osEventFlagsClear
 .text.osEventFlagsWait
                0x00000000080037e0       0xcc ./Middlewares/Third_Party/FreeRTOS/Source/CMSIS_RTOS_V2/cmsis_os2.o
                0x00000000080037e0                osEventFlagsWait
 .text.osMutexNew
                0x00000000080038ac      0x10c ./Middlewares/Third_Party/FreeRTOS/Source/CMSIS_RTOS_V2/cmsis_os2.o
                0x00000000080038ac                osMutexNew
 .text.osMutexAcquire
                0x00000000080039b8       0x96 ./Middlewares/Third_Party/FreeRTOS/Source/CMSIS_RTOS_V2/cmsis_os2.o
                0x00000000080039b8                osMutexAcquire
 .text.osMutexRelease
                0x0000000008003a4e       0x7a ./Middlewares/Third_Party/FreeRTOS/Source/CMSIS_RTOS_V2/cmsis_os2.o
                0x0000000008003a4e                osMutexRelease
 .text.osMessageQueueNew
                0x0000000008003ac8       0xe6 ./Middlewares/Third_Party/FreeRTOS/Source/CMSIS_RTOS_V2/cmsis_os2.o
                0x0000000008003ac8                osMessageQueueNew
 *fill*         0x0000000008003bae        0x2 
 .text.osMessageQueuePut
                0x0000000008003bb0       0xc0 ./Middlewares/Third_Party/FreeRTOS/Source/CMSIS_RTOS_V2/cmsis_os2.o
                0x0000000008003bb0                osMessageQueuePut
 .text.osMessageQueueGet
                0x0000000008003c70       0xbc ./Middlewares/Third_Party/FreeRTOS/Source/CMSIS_RTOS_V2/cmsis_os2.o
                0x0000000008003c70                osMessageQueueGet
 .text.vApplicationGetIdleTaskMemory
                0x0000000008003d2c       0x34 ./Middlewares/Third_Party/FreeRTOS/Source/CMSIS_RTOS_V2/cmsis_os2.o
                0x0000000008003d2c                vApplicationGetIdleTaskMemory
 .text.vApplicationGetTimerTaskMemory
                0x0000000008003d60       0x34 ./Middlewares/Third_Party/FreeRTOS/Source/CMSIS_RTOS_V2/cmsis_os2.o
                0x0000000008003d60                vApplicationGetTimerTaskMemory
 .text.xEventGroupCreateStatic
                0x0000000008003d94       0x6e ./Middlewares/Third_Party/FreeRTOS/Source/event_groups.o
                0x0000000008003d94                xEventGroupCreateStatic
 .text.xEventGroupCreate
                0x0000000008003e02       0x34 ./Middlewares/Third_Party/FreeRTOS/Source/event_groups.o
                0x0000000008003e02                xEventGroupCreate
 *fill*         0x0000000008003e36        0x2 
 .text.xEventGroupWaitBits
                0x0000000008003e38      0x19c ./Middlewares/Third_Party/FreeRTOS/Source/event_groups.o
                0x0000000008003e38                xEventGroupWaitBits
 .text.xEventGroupClearBits
                0x0000000008003fd4       0x70 ./Middlewares/Third_Party/FreeRTOS/Source/event_groups.o
                0x0000000008003fd4                xEventGroupClearBits
 .text.xEventGroupClearBitsFromISR
                0x0000000008004044       0x28 ./Middlewares/Third_Party/FreeRTOS/Source/event_groups.o
                0x0000000008004044                xEventGroupClearBitsFromISR
 .text.xEventGroupGetBitsFromISR
                0x000000000800406c       0x48 ./Middlewares/Third_Party/FreeRTOS/Source/event_groups.o
                0x000000000800406c                xEventGroupGetBitsFromISR
 .text.xEventGroupSetBits
                0x00000000080040b4      0x116 ./Middlewares/Third_Party/FreeRTOS/Source/event_groups.o
                0x00000000080040b4                xEventGroupSetBits
 .text.vEventGroupSetBitsCallback
                0x00000000080041ca       0x1a ./Middlewares/Third_Party/FreeRTOS/Source/event_groups.o
                0x00000000080041ca                vEventGroupSetBitsCallback
 .text.vEventGroupClearBitsCallback
                0x00000000080041e4       0x1a ./Middlewares/Third_Party/FreeRTOS/Source/event_groups.o
                0x00000000080041e4                vEventGroupClearBitsCallback
 .text.prvTestWaitCondition
                0x00000000080041fe       0x44 ./Middlewares/Third_Party/FreeRTOS/Source/event_groups.o
 *fill*         0x0000000008004242        0x2 
 .text.xEventGroupSetBitsFromISR
                0x0000000008004244       0x28 ./Middlewares/Third_Party/FreeRTOS/Source/event_groups.o
                0x0000000008004244                xEventGroupSetBitsFromISR
 .text.vListInitialise
                0x000000000800426c       0x40 ./Middlewares/Third_Party/FreeRTOS/Source/list.o
                0x000000000800426c                vListInitialise
 .text.vListInitialiseItem
                0x00000000080042ac       0x1a ./Middlewares/Third_Party/FreeRTOS/Source/list.o
                0x00000000080042ac                vListInitialiseItem
 .text.vListInsertEnd
                0x00000000080042c6       0x48 ./Middlewares/Third_Party/FreeRTOS/Source/list.o
                0x00000000080042c6                vListInsertEnd
 .text.vListInsert
                0x000000000800430e       0x72 ./Middlewares/Third_Party/FreeRTOS/Source/list.o
                0x000000000800430e                vListInsert
 .text.uxListRemove
                0x0000000008004380       0x54 ./Middlewares/Third_Party/FreeRTOS/Source/list.o
                0x0000000008004380                uxListRemove
 .text.xQueueGenericReset
                0x00000000080043d4       0xd0 ./Middlewares/Third_Party/FreeRTOS/Source/queue.o
                0x00000000080043d4                xQueueGenericReset
 .text.xQueueGenericCreateStatic
                0x00000000080044a4       0xf0 ./Middlewares/Third_Party/FreeRTOS/Source/queue.o
                0x00000000080044a4                xQueueGenericCreateStatic
 .text.xQueueGenericCreate
                0x0000000008004594       0x74 ./Middlewares/Third_Party/FreeRTOS/Source/queue.o
                0x0000000008004594                xQueueGenericCreate
 .text.prvInitialiseNewQueue
                0x0000000008004608       0x46 ./Middlewares/Third_Party/FreeRTOS/Source/queue.o
 .text.prvInitialiseMutex
                0x000000000800464e       0x34 ./Middlewares/Third_Party/FreeRTOS/Source/queue.o
 .text.xQueueCreateMutex
                0x0000000008004682       0x30 ./Middlewares/Third_Party/FreeRTOS/Source/queue.o
                0x0000000008004682                xQueueCreateMutex
 .text.xQueueCreateMutexStatic
                0x00000000080046b2       0x36 ./Middlewares/Third_Party/FreeRTOS/Source/queue.o
                0x00000000080046b2                xQueueCreateMutexStatic
 .text.xQueueGiveMutexRecursive
                0x00000000080046e8       0x68 ./Middlewares/Third_Party/FreeRTOS/Source/queue.o
                0x00000000080046e8                xQueueGiveMutexRecursive
 .text.xQueueTakeMutexRecursive
                0x0000000008004750       0x6c ./Middlewares/Third_Party/FreeRTOS/Source/queue.o
                0x0000000008004750                xQueueTakeMutexRecursive
 .text.xQueueGenericSend
                0x00000000080047bc      0x1fc ./Middlewares/Third_Party/FreeRTOS/Source/queue.o
                0x00000000080047bc                xQueueGenericSend
 .text.xQueueGenericSendFromISR
                0x00000000080049b8      0x136 ./Middlewares/Third_Party/FreeRTOS/Source/queue.o
                0x00000000080049b8                xQueueGenericSendFromISR
 *fill*         0x0000000008004aee        0x2 
 .text.xQueueReceive
                0x0000000008004af0      0x1c0 ./Middlewares/Third_Party/FreeRTOS/Source/queue.o
                0x0000000008004af0                xQueueReceive
 .text.xQueueSemaphoreTake
                0x0000000008004cb0      0x218 ./Middlewares/Third_Party/FreeRTOS/Source/queue.o
                0x0000000008004cb0                xQueueSemaphoreTake
 .text.xQueueReceiveFromISR
                0x0000000008004ec8      0x100 ./Middlewares/Third_Party/FreeRTOS/Source/queue.o
                0x0000000008004ec8                xQueueReceiveFromISR
 .text.prvGetDisinheritPriorityAfterTimeout
                0x0000000008004fc8       0x30 ./Middlewares/Third_Party/FreeRTOS/Source/queue.o
 .text.prvCopyDataToQueue
                0x0000000008004ff8       0xd4 ./Middlewares/Third_Party/FreeRTOS/Source/queue.o
 .text.prvCopyDataFromQueue
                0x00000000080050cc       0x4c ./Middlewares/Third_Party/FreeRTOS/Source/queue.o
 .text.prvUnlockQueue
                0x0000000008005118       0xa4 ./Middlewares/Third_Party/FreeRTOS/Source/queue.o
 .text.prvIsQueueEmpty
                0x00000000080051bc       0x2c ./Middlewares/Third_Party/FreeRTOS/Source/queue.o
 .text.prvIsQueueFull
                0x00000000080051e8       0x30 ./Middlewares/Third_Party/FreeRTOS/Source/queue.o
 .text.vQueueAddToRegistry
                0x0000000008005218       0x54 ./Middlewares/Third_Party/FreeRTOS/Source/queue.o
                0x0000000008005218                vQueueAddToRegistry
 .text.vQueueWaitForMessageRestricted
                0x000000000800526c       0x68 ./Middlewares/Third_Party/FreeRTOS/Source/queue.o
                0x000000000800526c                vQueueWaitForMessageRestricted
 .text.xTaskCreateStatic
                0x00000000080052d4       0xba ./Middlewares/Third_Party/FreeRTOS/Source/tasks.o
                0x00000000080052d4                xTaskCreateStatic
 .text.xTaskCreate
                0x000000000800538e       0x8a ./Middlewares/Third_Party/FreeRTOS/Source/tasks.o
                0x000000000800538e                xTaskCreate
 .text.prvInitialiseNewTask
                0x0000000008005418      0x11e ./Middlewares/Third_Party/FreeRTOS/Source/tasks.o
 *fill*         0x0000000008005536        0x2 
 .text.prvAddNewTaskToReadyList
                0x0000000008005538       0xe0 ./Middlewares/Third_Party/FreeRTOS/Source/tasks.o
 .text.vTaskDelay
                0x0000000008005618       0x68 ./Middlewares/Third_Party/FreeRTOS/Source/tasks.o
                0x0000000008005618                vTaskDelay
 .text.vTaskSuspend
                0x0000000008005680       0xec ./Middlewares/Third_Party/FreeRTOS/Source/tasks.o
                0x0000000008005680                vTaskSuspend
 .text.prvTaskIsTaskSuspended
                0x000000000800576c       0x64 ./Middlewares/Third_Party/FreeRTOS/Source/tasks.o
 .text.vTaskResume
                0x00000000080057d0       0xbc ./Middlewares/Third_Party/FreeRTOS/Source/tasks.o
                0x00000000080057d0                vTaskResume
 .text.vTaskStartScheduler
                0x000000000800588c       0xcc ./Middlewares/Third_Party/FreeRTOS/Source/tasks.o
                0x000000000800588c                vTaskStartScheduler
 .text.vTaskSuspendAll
                0x0000000008005958       0x1c ./Middlewares/Third_Party/FreeRTOS/Source/tasks.o
                0x0000000008005958                vTaskSuspendAll
 .text.xTaskResumeAll
                0x0000000008005974      0x13c ./Middlewares/Third_Party/FreeRTOS/Source/tasks.o
                0x0000000008005974                xTaskResumeAll
 .text.xTaskGetTickCount
                0x0000000008005ab0       0x20 ./Middlewares/Third_Party/FreeRTOS/Source/tasks.o
                0x0000000008005ab0                xTaskGetTickCount
 .text.xTaskIncrementTick
                0x0000000008005ad0      0x174 ./Middlewares/Third_Party/FreeRTOS/Source/tasks.o
                0x0000000008005ad0                xTaskIncrementTick
 .text.vTaskSwitchContext
                0x0000000008005c44       0xbc ./Middlewares/Third_Party/FreeRTOS/Source/tasks.o
                0x0000000008005c44                vTaskSwitchContext
 .text.vTaskPlaceOnEventList
                0x0000000008005d00       0x48 ./Middlewares/Third_Party/FreeRTOS/Source/tasks.o
                0x0000000008005d00                vTaskPlaceOnEventList
 .text.vTaskPlaceOnUnorderedEventList
                0x0000000008005d48       0x78 ./Middlewares/Third_Party/FreeRTOS/Source/tasks.o
                0x0000000008005d48                vTaskPlaceOnUnorderedEventList
 .text.vTaskPlaceOnEventListRestricted
                0x0000000008005dc0       0x58 ./Middlewares/Third_Party/FreeRTOS/Source/tasks.o
                0x0000000008005dc0                vTaskPlaceOnEventListRestricted
 .text.xTaskRemoveFromEventList
                0x0000000008005e18       0xc8 ./Middlewares/Third_Party/FreeRTOS/Source/tasks.o
                0x0000000008005e18                xTaskRemoveFromEventList
 .text.vTaskRemoveFromUnorderedEventList
                0x0000000008005ee0       0xc4 ./Middlewares/Third_Party/FreeRTOS/Source/tasks.o
                0x0000000008005ee0                vTaskRemoveFromUnorderedEventList
 .text.vTaskInternalSetTimeOutState
                0x0000000008005fa4       0x2c ./Middlewares/Third_Party/FreeRTOS/Source/tasks.o
                0x0000000008005fa4                vTaskInternalSetTimeOutState
 .text.xTaskCheckForTimeOut
                0x0000000008005fd0       0xc4 ./Middlewares/Third_Party/FreeRTOS/Source/tasks.o
                0x0000000008005fd0                xTaskCheckForTimeOut
 .text.vTaskMissedYield
                0x0000000008006094       0x18 ./Middlewares/Third_Party/FreeRTOS/Source/tasks.o
                0x0000000008006094                vTaskMissedYield
 .text.prvIdleTask
                0x00000000080060ac       0x30 ./Middlewares/Third_Party/FreeRTOS/Source/tasks.o
 .text.prvInitialiseTaskLists
                0x00000000080060dc       0x80 ./Middlewares/Third_Party/FreeRTOS/Source/tasks.o
 .text.prvCheckTasksWaitingTermination
                0x000000000800615c       0x5c ./Middlewares/Third_Party/FreeRTOS/Source/tasks.o
 .text.prvDeleteTCB
                0x00000000080061b8       0x5e ./Middlewares/Third_Party/FreeRTOS/Source/tasks.o
 *fill*         0x0000000008006216        0x2 
 .text.prvResetNextTaskUnblockTime
                0x0000000008006218       0x40 ./Middlewares/Third_Party/FreeRTOS/Source/tasks.o
 .text.xTaskGetCurrentTaskHandle
                0x0000000008006258       0x20 ./Middlewares/Third_Party/FreeRTOS/Source/tasks.o
                0x0000000008006258                xTaskGetCurrentTaskHandle
 .text.xTaskGetSchedulerState
                0x0000000008006278       0x3c ./Middlewares/Third_Party/FreeRTOS/Source/tasks.o
                0x0000000008006278                xTaskGetSchedulerState
 .text.xTaskPriorityInherit
                0x00000000080062b4       0xd0 ./Middlewares/Third_Party/FreeRTOS/Source/tasks.o
                0x00000000080062b4                xTaskPriorityInherit
 .text.xTaskPriorityDisinherit
                0x0000000008006384       0xdc ./Middlewares/Third_Party/FreeRTOS/Source/tasks.o
                0x0000000008006384                xTaskPriorityDisinherit
 .text.vTaskPriorityDisinheritAfterTimeout
                0x0000000008006460      0x104 ./Middlewares/Third_Party/FreeRTOS/Source/tasks.o
                0x0000000008006460                vTaskPriorityDisinheritAfterTimeout
 .text.uxTaskResetEventItemValue
                0x0000000008006564       0x30 ./Middlewares/Third_Party/FreeRTOS/Source/tasks.o
                0x0000000008006564                uxTaskResetEventItemValue
 .text.pvTaskIncrementMutexHeldCount
                0x0000000008006594       0x28 ./Middlewares/Third_Party/FreeRTOS/Source/tasks.o
                0x0000000008006594                pvTaskIncrementMutexHeldCount
 .text.prvAddCurrentTaskToDelayedList
                0x00000000080065bc       0xa8 ./Middlewares/Third_Party/FreeRTOS/Source/tasks.o
 .text.xTimerCreateTimerTask
                0x0000000008006664       0x90 ./Middlewares/Third_Party/FreeRTOS/Source/timers.o
                0x0000000008006664                xTimerCreateTimerTask
 .text.xTimerGenericCommand
                0x00000000080066f4       0x9c ./Middlewares/Third_Party/FreeRTOS/Source/timers.o
                0x00000000080066f4                xTimerGenericCommand
 .text.prvProcessExpiredTimer
                0x0000000008006790       0x98 ./Middlewares/Third_Party/FreeRTOS/Source/timers.o
 .text.prvTimerTask
                0x0000000008006828       0x24 ./Middlewares/Third_Party/FreeRTOS/Source/timers.o
 .text.prvProcessTimerOrBlockTask
                0x000000000800684c       0x9c ./Middlewares/Third_Party/FreeRTOS/Source/timers.o
 .text.prvGetNextExpireTime
                0x00000000080068e8       0x48 ./Middlewares/Third_Party/FreeRTOS/Source/timers.o
 .text.prvSampleTimeNow
                0x0000000008006930       0x40 ./Middlewares/Third_Party/FreeRTOS/Source/timers.o
 .text.prvInsertTimerInActiveList
                0x0000000008006970       0x84 ./Middlewares/Third_Party/FreeRTOS/Source/timers.o
 .text.prvProcessReceivedCommands
                0x00000000080069f4      0x1c4 ./Middlewares/Third_Party/FreeRTOS/Source/timers.o
 .text.prvSwitchTimerLists
                0x0000000008006bb8       0xc8 ./Middlewares/Third_Party/FreeRTOS/Source/timers.o
 .text.prvCheckForValidListAndQueue
                0x0000000008006c80       0x80 ./Middlewares/Third_Party/FreeRTOS/Source/timers.o
 .text.xTimerPendFunctionCallFromISR
                0x0000000008006d00       0x40 ./Middlewares/Third_Party/FreeRTOS/Source/timers.o
                0x0000000008006d00                xTimerPendFunctionCallFromISR
 .text.pxPortInitialiseStack
                0x0000000008006d40       0x68 ./Middlewares/Third_Party/FreeRTOS/Source/portable/GCC/ARM_CM4F/port.o
                0x0000000008006d40                pxPortInitialiseStack
 .text.prvTaskExitError
                0x0000000008006da8       0x58 ./Middlewares/Third_Party/FreeRTOS/Source/portable/GCC/ARM_CM4F/port.o
 .text.SVC_Handler
                0x0000000008006e00       0x28 ./Middlewares/Third_Party/FreeRTOS/Source/portable/GCC/ARM_CM4F/port.o
                0x0000000008006e00                SVC_Handler
 .text.prvPortStartFirstTask
                0x0000000008006e28       0x28 ./Middlewares/Third_Party/FreeRTOS/Source/portable/GCC/ARM_CM4F/port.o
 .text.xPortStartScheduler
                0x0000000008006e50      0x144 ./Middlewares/Third_Party/FreeRTOS/Source/portable/GCC/ARM_CM4F/port.o
                0x0000000008006e50                xPortStartScheduler
 .text.vPortEnterCritical
                0x0000000008006f94       0x60 ./Middlewares/Third_Party/FreeRTOS/Source/portable/GCC/ARM_CM4F/port.o
                0x0000000008006f94                vPortEnterCritical
 .text.vPortExitCritical
                0x0000000008006ff4       0x54 ./Middlewares/Third_Party/FreeRTOS/Source/portable/GCC/ARM_CM4F/port.o
                0x0000000008006ff4                vPortExitCritical
 *fill*         0x0000000008007048        0x8 
 .text.PendSV_Handler
                0x0000000008007050       0x68 ./Middlewares/Third_Party/FreeRTOS/Source/portable/GCC/ARM_CM4F/port.o
                0x0000000008007050                PendSV_Handler
 .text.xPortSysTickHandler
                0x00000000080070b8       0x44 ./Middlewares/Third_Party/FreeRTOS/Source/portable/GCC/ARM_CM4F/port.o
                0x00000000080070b8                xPortSysTickHandler
 .text.vPortSetupTimerInterrupt
                0x00000000080070fc       0x48 ./Middlewares/Third_Party/FreeRTOS/Source/portable/GCC/ARM_CM4F/port.o
                0x00000000080070fc                vPortSetupTimerInterrupt
 .text.vPortEnableVFP
                0x0000000008007144       0x14 ./Middlewares/Third_Party/FreeRTOS/Source/portable/GCC/ARM_CM4F/port.o
 .text.vPortValidateInterruptPriority
                0x0000000008007158       0x80 ./Middlewares/Third_Party/FreeRTOS/Source/portable/GCC/ARM_CM4F/port.o
                0x0000000008007158                vPortValidateInterruptPriority
 .text.pvPortMalloc
                0x00000000080071d8      0x198 ./Middlewares/Third_Party/FreeRTOS/Source/portable/MemMang/heap_4.o
                0x00000000080071d8                pvPortMalloc
 .text.vPortFree
                0x0000000008007370       0xc4 ./Middlewares/Third_Party/FreeRTOS/Source/portable/MemMang/heap_4.o
                0x0000000008007370                vPortFree
 .text.prvHeapInit
                0x0000000008007434       0xc4 ./Middlewares/Third_Party/FreeRTOS/Source/portable/MemMang/heap_4.o
 .text.prvInsertBlockIntoFreeList
                0x00000000080074f8       0xb4 ./Middlewares/Third_Party/FreeRTOS/Source/portable/MemMang/heap_4.o
 .text.__libc_init_array
                0x00000000080075ac       0x48 /opt/st/stm32cubeide_1.11.0/plugins/com.st.stm32cube.ide.mcu.externaltools.gnu-tools-for-stm32.10.3-2021.10.linux64_1.0.100.202210260954/tools/bin/../lib/gcc/arm-none-eabi/10.3.1/../../../../arm-none-eabi/lib/thumb/v7e-m+fp/hard/libc_nano.a(lib_a-init.o)
                0x00000000080075ac                __libc_init_array
 .text.memcpy   0x00000000080075f4       0x1c /opt/st/stm32cubeide_1.11.0/plugins/com.st.stm32cube.ide.mcu.externaltools.gnu-tools-for-stm32.10.3-2021.10.linux64_1.0.100.202210260954/tools/bin/../lib/gcc/arm-none-eabi/10.3.1/../../../../arm-none-eabi/lib/thumb/v7e-m+fp/hard/libc_nano.a(lib_a-memcpy-stub.o)
                0x00000000080075f4                memcpy
 .text.memset   0x0000000008007610       0x10 /opt/st/stm32cubeide_1.11.0/plugins/com.st.stm32cube.ide.mcu.externaltools.gnu-tools-for-stm32.10.3-2021.10.linux64_1.0.100.202210260954/tools/bin/../lib/gcc/arm-none-eabi/10.3.1/../../../../arm-none-eabi/lib/thumb/v7e-m+fp/hard/libc_nano.a(lib_a-memset.o)
                0x0000000008007610                memset
 *(.glue_7)
 .glue_7        0x0000000008007620        0x0 linker stubs
 *(.glue_7t)
 .glue_7t       0x0000000008007620        0x0 linker stubs
 *(.eh_frame)
 .eh_frame      0x0000000008007620        0x0 /opt/st/stm32cubeide_1.11.0/plugins/com.st.stm32cube.ide.mcu.externaltools.gnu-tools-for-stm32.10.3-2021.10.linux64_1.0.100.202210260954/tools/bin/../lib/gcc/arm-none-eabi/10.3.1/thumb/v7e-m+fp/hard/crtbegin.o
 *(.init)
 .init          0x0000000008007620        0x4 /opt/st/stm32cubeide_1.11.0/plugins/com.st.stm32cube.ide.mcu.externaltools.gnu-tools-for-stm32.10.3-2021.10.linux64_1.0.100.202210260954/tools/bin/../lib/gcc/arm-none-eabi/10.3.1/thumb/v7e-m+fp/hard/crti.o
                0x0000000008007620                _init
 .init          0x0000000008007624        0x8 /opt/st/stm32cubeide_1.11.0/plugins/com.st.stm32cube.ide.mcu.externaltools.gnu-tools-for-stm32.10.3-2021.10.linux64_1.0.100.202210260954/tools/bin/../lib/gcc/arm-none-eabi/10.3.1/thumb/v7e-m+fp/hard/crtn.o
 *(.fini)
 .fini          0x000000000800762c        0x4 /opt/st/stm32cubeide_1.11.0/plugins/com.st.stm32cube.ide.mcu.externaltools.gnu-tools-for-stm32.10.3-2021.10.linux64_1.0.100.202210260954/tools/bin/../lib/gcc/arm-none-eabi/10.3.1/thumb/v7e-m+fp/hard/crti.o
                0x000000000800762c                _fini
 .fini          0x0000000008007630        0x8 /opt/st/stm32cubeide_1.11.0/plugins/com.st.stm32cube.ide.mcu.externaltools.gnu-tools-for-stm32.10.3-2021.10.linux64_1.0.100.202210260954/tools/bin/../lib/gcc/arm-none-eabi/10.3.1/thumb/v7e-m+fp/hard/crtn.o
                0x0000000008007638                . = ALIGN (0x4)
                0x0000000008007638                _etext = .

.vfp11_veneer   0x0000000008007638        0x0
 .vfp11_veneer  0x0000000008007638        0x0 linker stubs

.v4_bx          0x0000000008007638        0x0
 .v4_bx         0x0000000008007638        0x0 linker stubs

.iplt           0x0000000008007638        0x0
 .iplt          0x0000000008007638        0x0 /opt/st/stm32cubeide_1.11.0/plugins/com.st.stm32cube.ide.mcu.externaltools.gnu-tools-for-stm32.10.3-2021.10.linux64_1.0.100.202210260954/tools/bin/../lib/gcc/arm-none-eabi/10.3.1/thumb/v7e-m+fp/hard/crtbegin.o

.rodata         0x0000000008007638      0x184
                0x0000000008007638                . = ALIGN (0x4)
 *(.rodata)
 .rodata        0x0000000008007638       0x71 ./Core/Src/main.o
 *fill*         0x00000000080076a9        0x3 
 .rodata        0x00000000080076ac        0x5 ./Middlewares/Third_Party/FreeRTOS/Source/tasks.o
 *fill*         0x00000000080076b1        0x3 
 .rodata        0x00000000080076b4        0xd ./Middlewares/Third_Party/FreeRTOS/Source/timers.o
 *(.rodata*)
 *fill*         0x00000000080076c1        0x3 
 .rodata.semNormalTask_attributes
                0x00000000080076c4       0x24 ./Core/Src/main.o
                0x00000000080076c4                semNormalTask_attributes
 .rodata.semGestionTask_attributes
                0x00000000080076e8       0x24 ./Core/Src/main.o
                0x00000000080076e8                semGestionTask_attributes
 .rodata.sirenaTask_attributes
                0x000000000800770c       0x24 ./Core/Src/main.o
                0x000000000800770c                sirenaTask_attributes
 .rodata.keyboardTask_attributes
                0x0000000008007730       0x24 ./Core/Src/main.o
                0x0000000008007730                keyboardTask_attributes
 .rodata.keys_attributes
                0x0000000008007754       0x18 ./Core/Src/main.o
                0x0000000008007754                keys_attributes
 .rodata.semaforo_attributes
                0x000000000800776c       0x18 ./Core/Src/main.o
                0x000000000800776c                semaforo_attributes
 .rodata.uartMutex_attributes
                0x0000000008007784       0x10 ./Core/Src/main.o
                0x0000000008007784                uartMutex_attributes
 .rodata.semEvent_attributes
                0x0000000008007794       0x10 ./Core/Src/main.o
                0x0000000008007794                semEvent_attributes
 .rodata.AHBPrescTable
                0x00000000080077a4       0x10 ./Core/Src/system_stm32f4xx.o
                0x00000000080077a4                AHBPrescTable
 .rodata.APBPrescTable
                0x00000000080077b4        0x8 ./Core/Src/system_stm32f4xx.o
                0x00000000080077b4                APBPrescTable
                0x00000000080077bc                . = ALIGN (0x4)

.ARM.extab      0x00000000080077bc        0x0
                0x00000000080077bc                . = ALIGN (0x4)
 *(.ARM.extab* .gnu.linkonce.armextab.*)
                0x00000000080077bc                . = ALIGN (0x4)

.ARM            0x00000000080077bc        0x8
                0x00000000080077bc                . = ALIGN (0x4)
                0x00000000080077bc                __exidx_start = .
 *(.ARM.exidx*)
 .ARM.exidx     0x00000000080077bc        0x8 /opt/st/stm32cubeide_1.11.0/plugins/com.st.stm32cube.ide.mcu.externaltools.gnu-tools-for-stm32.10.3-2021.10.linux64_1.0.100.202210260954/tools/bin/../lib/gcc/arm-none-eabi/10.3.1/thumb/v7e-m+fp/hard/libgcc.a(_udivmoddi4.o)
                0x00000000080077c4                __exidx_end = .
                0x00000000080077c4                . = ALIGN (0x4)

.rel.dyn        0x00000000080077c4        0x0
 .rel.iplt      0x00000000080077c4        0x0 /opt/st/stm32cubeide_1.11.0/plugins/com.st.stm32cube.ide.mcu.externaltools.gnu-tools-for-stm32.10.3-2021.10.linux64_1.0.100.202210260954/tools/bin/../lib/gcc/arm-none-eabi/10.3.1/thumb/v7e-m+fp/hard/crtbegin.o

.preinit_array  0x00000000080077c4        0x0
                0x00000000080077c4                . = ALIGN (0x4)
                0x00000000080077c4                PROVIDE (__preinit_array_start = .)
 *(.preinit_array*)
                0x00000000080077c4                PROVIDE (__preinit_array_end = .)
                0x00000000080077c4                . = ALIGN (0x4)

.init_array     0x00000000080077c4        0x4
                0x00000000080077c4                . = ALIGN (0x4)
                0x00000000080077c4                PROVIDE (__init_array_start = .)
 *(SORT_BY_NAME(.init_array.*))
 *(.init_array*)
 .init_array    0x00000000080077c4        0x4 /opt/st/stm32cubeide_1.11.0/plugins/com.st.stm32cube.ide.mcu.externaltools.gnu-tools-for-stm32.10.3-2021.10.linux64_1.0.100.202210260954/tools/bin/../lib/gcc/arm-none-eabi/10.3.1/thumb/v7e-m+fp/hard/crtbegin.o
                0x00000000080077c8                PROVIDE (__init_array_end = .)
                0x00000000080077c8                . = ALIGN (0x4)

.fini_array     0x00000000080077c8        0x4
                0x00000000080077c8                . = ALIGN (0x4)
                [!provide]                        PROVIDE (__fini_array_start = .)
 *(SORT_BY_NAME(.fini_array.*))
 *(.fini_array*)
 .fini_array    0x00000000080077c8        0x4 /opt/st/stm32cubeide_1.11.0/plugins/com.st.stm32cube.ide.mcu.externaltools.gnu-tools-for-stm32.10.3-2021.10.linux64_1.0.100.202210260954/tools/bin/../lib/gcc/arm-none-eabi/10.3.1/thumb/v7e-m+fp/hard/crtbegin.o
                [!provide]                        PROVIDE (__fini_array_end = .)
                0x00000000080077cc                . = ALIGN (0x4)
                0x00000000080077cc                _sidata = LOADADDR (.data)

.data           0x0000000020000000       0x28 load address 0x00000000080077cc
                0x0000000020000000                . = ALIGN (0x4)
                0x0000000020000000                _sdata = .
 *(.data)
 *(.data*)
 .data.key_state
                0x0000000020000000        0x1 ./Core/Src/keyboard.o
                0x0000000020000000                key_state
 *fill*         0x0000000020000001        0x3 
 .data.keypad   0x0000000020000004       0x10 ./Core/Src/keyboard.o
                0x0000000020000004                keypad
 .data.semaforo_state
                0x0000000020000014        0x1 ./Core/Src/semaforo.o
                0x0000000020000014                semaforo_state
 *fill*         0x0000000020000015        0x3 
 .data.SystemCoreClock
                0x0000000020000018        0x4 ./Core/Src/system_stm32f4xx.o
                0x0000000020000018                SystemCoreClock
 .data.uwTickPrio
                0x000000002000001c        0x4 ./Drivers/STM32F4xx_HAL_Driver/Src/stm32f4xx_hal.o
                0x000000002000001c                uwTickPrio
 .data.uwTickFreq
                0x0000000020000020        0x1 ./Drivers/STM32F4xx_HAL_Driver/Src/stm32f4xx_hal.o
                0x0000000020000020                uwTickFreq
 *fill*         0x0000000020000021        0x3 
 .data.uxCriticalNesting
                0x0000000020000024        0x4 ./Middlewares/Third_Party/FreeRTOS/Source/portable/GCC/ARM_CM4F/port.o
 *(.RamFunc)
 *(.RamFunc*)
                0x0000000020000028                . = ALIGN (0x4)
                0x0000000020000028                _edata = .

.igot.plt       0x0000000020000028        0x0 load address 0x00000000080077f4
 .igot.plt      0x0000000020000028        0x0 /opt/st/stm32cubeide_1.11.0/plugins/com.st.stm32cube.ide.mcu.externaltools.gnu-tools-for-stm32.10.3-2021.10.linux64_1.0.100.202210260954/tools/bin/../lib/gcc/arm-none-eabi/10.3.1/thumb/v7e-m+fp/hard/crtbegin.o
                0x0000000020000028                . = ALIGN (0x4)

.bss            0x0000000020000028     0x49e0 load address 0x00000000080077f4
                0x0000000020000028                _sbss = .
                0x0000000020000028                __bss_start__ = _sbss
 *(.bss)
 .bss           0x0000000020000028       0x1c /opt/st/stm32cubeide_1.11.0/plugins/com.st.stm32cube.ide.mcu.externaltools.gnu-tools-for-stm32.10.3-2021.10.linux64_1.0.100.202210260954/tools/bin/../lib/gcc/arm-none-eabi/10.3.1/thumb/v7e-m+fp/hard/crtbegin.o
 *(.bss*)
 .bss.current_millis
                0x0000000020000044        0x4 ./Core/Src/keyboard.o
                0x0000000020000044                current_millis
 .bss.previous_millis
                0x0000000020000048        0x4 ./Core/Src/keyboard.o
                0x0000000020000048                previous_millis
 .bss.rx_buffer
                0x000000002000004c        0x1 ./Core/Src/main.o
                0x000000002000004c                rx_buffer
 .bss.is_sirena
                0x000000002000004d        0x1 ./Core/Src/main.o
                0x000000002000004d                is_sirena
 *fill*         0x000000002000004e        0x2 
 .bss.huart2    0x0000000020000050       0x44 ./Core/Src/main.o
                0x0000000020000050                huart2
 .bss.semNormalTaskHandle
                0x0000000020000094        0x4 ./Core/Src/main.o
                0x0000000020000094                semNormalTaskHandle
 .bss.semGestionTaskHandle
                0x0000000020000098        0x4 ./Core/Src/main.o
                0x0000000020000098                semGestionTaskHandle
 .bss.sirenaTaskHandle
                0x000000002000009c        0x4 ./Core/Src/main.o
                0x000000002000009c                sirenaTaskHandle
 .bss.keyboardTaskHandle
                0x00000000200000a0        0x4 ./Core/Src/main.o
                0x00000000200000a0                keyboardTaskHandle
 .bss.keysHandle
                0x00000000200000a4        0x4 ./Core/Src/main.o
                0x00000000200000a4                keysHandle
 .bss.semaforoHandle
                0x00000000200000a8        0x4 ./Core/Src/main.o
                0x00000000200000a8                semaforoHandle
 .bss.uartMutexHandle
                0x00000000200000ac        0x4 ./Core/Src/main.o
                0x00000000200000ac                uartMutexHandle
 .bss.semEventHandle
                0x00000000200000b0        0x4 ./Core/Src/main.o
                0x00000000200000b0                semEventHandle
 .bss.uwTick    0x00000000200000b4        0x4 ./Drivers/STM32F4xx_HAL_Driver/Src/stm32f4xx_hal.o
                0x00000000200000b4                uwTick
 .bss.KernelState
                0x00000000200000b8        0x4 ./Middlewares/Third_Party/FreeRTOS/Source/CMSIS_RTOS_V2/cmsis_os2.o
 .bss.Idle_TCB.3
                0x00000000200000bc       0x5c ./Middlewares/Third_Party/FreeRTOS/Source/CMSIS_RTOS_V2/cmsis_os2.o
 .bss.Idle_Stack.2
                0x0000000020000118      0x200 ./Middlewares/Third_Party/FreeRTOS/Source/CMSIS_RTOS_V2/cmsis_os2.o
 .bss.Timer_TCB.1
                0x0000000020000318       0x5c ./Middlewares/Third_Party/FreeRTOS/Source/CMSIS_RTOS_V2/cmsis_os2.o
 .bss.Timer_Stack.0
                0x0000000020000374      0x400 ./Middlewares/Third_Party/FreeRTOS/Source/CMSIS_RTOS_V2/cmsis_os2.o
 .bss.xQueueRegistry
                0x0000000020000774       0x40 ./Middlewares/Third_Party/FreeRTOS/Source/queue.o
                0x0000000020000774                xQueueRegistry
 .bss.pxCurrentTCB
                0x00000000200007b4        0x4 ./Middlewares/Third_Party/FreeRTOS/Source/tasks.o
                0x00000000200007b4                pxCurrentTCB
 .bss.pxReadyTasksLists
                0x00000000200007b8      0x460 ./Middlewares/Third_Party/FreeRTOS/Source/tasks.o
 .bss.xDelayedTaskList1
                0x0000000020000c18       0x14 ./Middlewares/Third_Party/FreeRTOS/Source/tasks.o
 .bss.xDelayedTaskList2
                0x0000000020000c2c       0x14 ./Middlewares/Third_Party/FreeRTOS/Source/tasks.o
 .bss.pxDelayedTaskList
                0x0000000020000c40        0x4 ./Middlewares/Third_Party/FreeRTOS/Source/tasks.o
 .bss.pxOverflowDelayedTaskList
                0x0000000020000c44        0x4 ./Middlewares/Third_Party/FreeRTOS/Source/tasks.o
 .bss.xPendingReadyList
                0x0000000020000c48       0x14 ./Middlewares/Third_Party/FreeRTOS/Source/tasks.o
 .bss.xTasksWaitingTermination
                0x0000000020000c5c       0x14 ./Middlewares/Third_Party/FreeRTOS/Source/tasks.o
 .bss.uxDeletedTasksWaitingCleanUp
                0x0000000020000c70        0x4 ./Middlewares/Third_Party/FreeRTOS/Source/tasks.o
 .bss.xSuspendedTaskList
                0x0000000020000c74       0x14 ./Middlewares/Third_Party/FreeRTOS/Source/tasks.o
 .bss.uxCurrentNumberOfTasks
                0x0000000020000c88        0x4 ./Middlewares/Third_Party/FreeRTOS/Source/tasks.o
 .bss.xTickCount
                0x0000000020000c8c        0x4 ./Middlewares/Third_Party/FreeRTOS/Source/tasks.o
 .bss.uxTopReadyPriority
                0x0000000020000c90        0x4 ./Middlewares/Third_Party/FreeRTOS/Source/tasks.o
 .bss.xSchedulerRunning
                0x0000000020000c94        0x4 ./Middlewares/Third_Party/FreeRTOS/Source/tasks.o
 .bss.xPendedTicks
                0x0000000020000c98        0x4 ./Middlewares/Third_Party/FreeRTOS/Source/tasks.o
 .bss.xYieldPending
                0x0000000020000c9c        0x4 ./Middlewares/Third_Party/FreeRTOS/Source/tasks.o
 .bss.xNumOfOverflows
                0x0000000020000ca0        0x4 ./Middlewares/Third_Party/FreeRTOS/Source/tasks.o
 .bss.uxTaskNumber
                0x0000000020000ca4        0x4 ./Middlewares/Third_Party/FreeRTOS/Source/tasks.o
 .bss.xNextTaskUnblockTime
                0x0000000020000ca8        0x4 ./Middlewares/Third_Party/FreeRTOS/Source/tasks.o
 .bss.xIdleTaskHandle
                0x0000000020000cac        0x4 ./Middlewares/Third_Party/FreeRTOS/Source/tasks.o
 .bss.uxSchedulerSuspended
                0x0000000020000cb0        0x4 ./Middlewares/Third_Party/FreeRTOS/Source/tasks.o
 .bss.xActiveTimerList1
                0x0000000020000cb4       0x14 ./Middlewares/Third_Party/FreeRTOS/Source/timers.o
 .bss.xActiveTimerList2
                0x0000000020000cc8       0x14 ./Middlewares/Third_Party/FreeRTOS/Source/timers.o
 .bss.pxCurrentTimerList
                0x0000000020000cdc        0x4 ./Middlewares/Third_Party/FreeRTOS/Source/timers.o
 .bss.pxOverflowTimerList
                0x0000000020000ce0        0x4 ./Middlewares/Third_Party/FreeRTOS/Source/timers.o
 .bss.xTimerQueue
                0x0000000020000ce4        0x4 ./Middlewares/Third_Party/FreeRTOS/Source/timers.o
 .bss.xTimerTaskHandle
                0x0000000020000ce8        0x4 ./Middlewares/Third_Party/FreeRTOS/Source/timers.o
 .bss.xLastTime.2
                0x0000000020000cec        0x4 ./Middlewares/Third_Party/FreeRTOS/Source/timers.o
 .bss.ucStaticTimerQueueStorage.1
                0x0000000020000cf0       0xa0 ./Middlewares/Third_Party/FreeRTOS/Source/timers.o
 .bss.xStaticTimerQueue.0
                0x0000000020000d90       0x50 ./Middlewares/Third_Party/FreeRTOS/Source/timers.o
 .bss.ucMaxSysCallPriority
                0x0000000020000de0        0x1 ./Middlewares/Third_Party/FreeRTOS/Source/portable/GCC/ARM_CM4F/port.o
 *fill*         0x0000000020000de1        0x3 
 .bss.ulMaxPRIGROUPValue
                0x0000000020000de4        0x4 ./Middlewares/Third_Party/FreeRTOS/Source/portable/GCC/ARM_CM4F/port.o
 .bss.ucHeap    0x0000000020000de8     0x3c00 ./Middlewares/Third_Party/FreeRTOS/Source/portable/MemMang/heap_4.o
 .bss.xStart    0x00000000200049e8        0x8 ./Middlewares/Third_Party/FreeRTOS/Source/portable/MemMang/heap_4.o
 .bss.pxEnd     0x00000000200049f0        0x4 ./Middlewares/Third_Party/FreeRTOS/Source/portable/MemMang/heap_4.o
 .bss.xFreeBytesRemaining
                0x00000000200049f4        0x4 ./Middlewares/Third_Party/FreeRTOS/Source/portable/MemMang/heap_4.o
 .bss.xMinimumEverFreeBytesRemaining
                0x00000000200049f8        0x4 ./Middlewares/Third_Party/FreeRTOS/Source/portable/MemMang/heap_4.o
 .bss.xNumberOfSuccessfulAllocations
                0x00000000200049fc        0x4 ./Middlewares/Third_Party/FreeRTOS/Source/portable/MemMang/heap_4.o
 .bss.xNumberOfSuccessfulFrees
                0x0000000020004a00        0x4 ./Middlewares/Third_Party/FreeRTOS/Source/portable/MemMang/heap_4.o
 .bss.xBlockAllocatedBit
                0x0000000020004a04        0x4 ./Middlewares/Third_Party/FreeRTOS/Source/portable/MemMang/heap_4.o
 *(COMMON)
                0x0000000020004a08                . = ALIGN (0x4)
                0x0000000020004a08                _ebss = .
                0x0000000020004a08                __bss_end__ = _ebss

._user_heap_stack
                0x0000000020004a08      0x600 load address 0x00000000080077f4
                0x0000000020004a08                . = ALIGN (0x8)
                [!provide]                        PROVIDE (end = .)
                0x0000000020004a08                PROVIDE (_end = .)
                0x0000000020004c08                . = (. + _Min_Heap_Size)
 *fill*         0x0000000020004a08      0x200 
                0x0000000020005008                . = (. + _Min_Stack_Size)
 *fill*         0x0000000020004c08      0x400 
                0x0000000020005008                . = ALIGN (0x8)

/DISCARD/
 libc.a(*)
 libm.a(*)
 libgcc.a(*)

.ARM.attributes
                0x0000000000000000       0x30
 *(.ARM.attributes)
 .ARM.attributes
                0x0000000000000000       0x1e /opt/st/stm32cubeide_1.11.0/plugins/com.st.stm32cube.ide.mcu.externaltools.gnu-tools-for-stm32.10.3-2021.10.linux64_1.0.100.202210260954/tools/bin/../lib/gcc/arm-none-eabi/10.3.1/thumb/v7e-m+fp/hard/crti.o
 .ARM.attributes
                0x000000000000001e       0x34 /opt/st/stm32cubeide_1.11.0/plugins/com.st.stm32cube.ide.mcu.externaltools.gnu-tools-for-stm32.10.3-2021.10.linux64_1.0.100.202210260954/tools/bin/../lib/gcc/arm-none-eabi/10.3.1/thumb/v7e-m+fp/hard/crtbegin.o
 .ARM.attributes
                0x0000000000000052       0x34 ./Core/Src/keyboard.o
 .ARM.attributes
                0x0000000000000086       0x34 ./Core/Src/main.o
 .ARM.attributes
                0x00000000000000ba       0x34 ./Core/Src/semaforo.o
 .ARM.attributes
                0x00000000000000ee       0x34 ./Core/Src/stm32f4xx_hal_msp.o
 .ARM.attributes
                0x0000000000000122       0x34 ./Core/Src/stm32f4xx_it.o
 .ARM.attributes
                0x0000000000000156       0x34 ./Core/Src/system_stm32f4xx.o
 .ARM.attributes
                0x000000000000018a       0x21 ./Core/Startup/startup_stm32f411retx.o
 .ARM.attributes
                0x00000000000001ab       0x34 ./Drivers/STM32F4xx_HAL_Driver/Src/stm32f4xx_hal.o
 .ARM.attributes
                0x00000000000001df       0x34 ./Drivers/STM32F4xx_HAL_Driver/Src/stm32f4xx_hal_cortex.o
 .ARM.attributes
                0x0000000000000213       0x34 ./Drivers/STM32F4xx_HAL_Driver/Src/stm32f4xx_hal_dma.o
 .ARM.attributes
                0x0000000000000247       0x34 ./Drivers/STM32F4xx_HAL_Driver/Src/stm32f4xx_hal_gpio.o
 .ARM.attributes
                0x000000000000027b       0x34 ./Drivers/STM32F4xx_HAL_Driver/Src/stm32f4xx_hal_rcc.o
 .ARM.attributes
                0x00000000000002af       0x34 ./Drivers/STM32F4xx_HAL_Driver/Src/stm32f4xx_hal_uart.o
 .ARM.attributes
                0x00000000000002e3       0x34 ./Middlewares/Third_Party/FreeRTOS/Source/CMSIS_RTOS_V2/cmsis_os2.o
 .ARM.attributes
                0x0000000000000317       0x34 ./Middlewares/Third_Party/FreeRTOS/Source/event_groups.o
 .ARM.attributes
                0x000000000000034b       0x34 ./Middlewares/Third_Party/FreeRTOS/Source/list.o
 .ARM.attributes
                0x000000000000037f       0x34 ./Middlewares/Third_Party/FreeRTOS/Source/queue.o
 .ARM.attributes
                0x00000000000003b3       0x34 ./Middlewares/Third_Party/FreeRTOS/Source/tasks.o
 .ARM.attributes
                0x00000000000003e7       0x34 ./Middlewares/Third_Party/FreeRTOS/Source/timers.o
 .ARM.attributes
                0x000000000000041b       0x34 ./Middlewares/Third_Party/FreeRTOS/Source/portable/GCC/ARM_CM4F/port.o
 .ARM.attributes
                0x000000000000044f       0x34 ./Middlewares/Third_Party/FreeRTOS/Source/portable/MemMang/heap_4.o
 .ARM.attributes
                0x0000000000000483       0x34 /opt/st/stm32cubeide_1.11.0/plugins/com.st.stm32cube.ide.mcu.externaltools.gnu-tools-for-stm32.10.3-2021.10.linux64_1.0.100.202210260954/tools/bin/../lib/gcc/arm-none-eabi/10.3.1/../../../../arm-none-eabi/lib/thumb/v7e-m+fp/hard/libc_nano.a(lib_a-init.o)
 .ARM.attributes
                0x00000000000004b7       0x34 /opt/st/stm32cubeide_1.11.0/plugins/com.st.stm32cube.ide.mcu.externaltools.gnu-tools-for-stm32.10.3-2021.10.linux64_1.0.100.202210260954/tools/bin/../lib/gcc/arm-none-eabi/10.3.1/../../../../arm-none-eabi/lib/thumb/v7e-m+fp/hard/libc_nano.a(lib_a-memcpy-stub.o)
 .ARM.attributes
                0x00000000000004eb       0x34 /opt/st/stm32cubeide_1.11.0/plugins/com.st.stm32cube.ide.mcu.externaltools.gnu-tools-for-stm32.10.3-2021.10.linux64_1.0.100.202210260954/tools/bin/../lib/gcc/arm-none-eabi/10.3.1/../../../../arm-none-eabi/lib/thumb/v7e-m+fp/hard/libc_nano.a(lib_a-memset.o)
 .ARM.attributes
                0x000000000000051f       0x1e /opt/st/stm32cubeide_1.11.0/plugins/com.st.stm32cube.ide.mcu.externaltools.gnu-tools-for-stm32.10.3-2021.10.linux64_1.0.100.202210260954/tools/bin/../lib/gcc/arm-none-eabi/10.3.1/thumb/v7e-m+fp/hard/libgcc.a(_aeabi_uldivmod.o)
 .ARM.attributes
                0x000000000000053d       0x34 /opt/st/stm32cubeide_1.11.0/plugins/com.st.stm32cube.ide.mcu.externaltools.gnu-tools-for-stm32.10.3-2021.10.linux64_1.0.100.202210260954/tools/bin/../lib/gcc/arm-none-eabi/10.3.1/thumb/v7e-m+fp/hard/libgcc.a(_udivmoddi4.o)
 .ARM.attributes
                0x0000000000000571       0x1e /opt/st/stm32cubeide_1.11.0/plugins/com.st.stm32cube.ide.mcu.externaltools.gnu-tools-for-stm32.10.3-2021.10.linux64_1.0.100.202210260954/tools/bin/../lib/gcc/arm-none-eabi/10.3.1/thumb/v7e-m+fp/hard/libgcc.a(_dvmd_tls.o)
 .ARM.attributes
                0x000000000000058f       0x1e /opt/st/stm32cubeide_1.11.0/plugins/com.st.stm32cube.ide.mcu.externaltools.gnu-tools-for-stm32.10.3-2021.10.linux64_1.0.100.202210260954/tools/bin/../lib/gcc/arm-none-eabi/10.3.1/thumb/v7e-m+fp/hard/crtn.o
OUTPUT(ProyectoTR.elf elf32-littlearm)
LOAD linker stubs
LOAD /opt/st/stm32cubeide_1.11.0/plugins/com.st.stm32cube.ide.mcu.externaltools.gnu-tools-for-stm32.10.3-2021.10.linux64_1.0.100.202210260954/tools/bin/../lib/gcc/arm-none-eabi/10.3.1/../../../../arm-none-eabi/lib/thumb/v7e-m+fp/hard/libc.a
LOAD /opt/st/stm32cubeide_1.11.0/plugins/com.st.stm32cube.ide.mcu.externaltools.gnu-tools-for-stm32.10.3-2021.10.linux64_1.0.100.202210260954/tools/bin/../lib/gcc/arm-none-eabi/10.3.1/../../../../arm-none-eabi/lib/thumb/v7e-m+fp/hard/libm.a
LOAD /opt/st/stm32cubeide_1.11.0/plugins/com.st.stm32cube.ide.mcu.externaltools.gnu-tools-for-stm32.10.3-2021.10.linux64_1.0.100.202210260954/tools/bin/../lib/gcc/arm-none-eabi/10.3.1/thumb/v7e-m+fp/hard/libgcc.a

.debug_info     0x0000000000000000    0x1442a
 .debug_info    0x0000000000000000      0x423 ./Core/Src/keyboard.o
 .debug_info    0x0000000000000423     0x17cc ./Core/Src/main.o
 .debug_info    0x0000000000001bef      0x3c3 ./Core/Src/semaforo.o
 .debug_info    0x0000000000001fb2      0xb73 ./Core/Src/stm32f4xx_hal_msp.o
 .debug_info    0x0000000000002b25      0x685 ./Core/Src/stm32f4xx_it.o
 .debug_info    0x00000000000031aa      0x54f ./Core/Src/system_stm32f4xx.o
 .debug_info    0x00000000000036f9       0x22 ./Core/Startup/startup_stm32f411retx.o
 .debug_info    0x000000000000371b      0x90d ./Drivers/STM32F4xx_HAL_Driver/Src/stm32f4xx_hal.o
 .debug_info    0x0000000000004028      0xd8b ./Drivers/STM32F4xx_HAL_Driver/Src/stm32f4xx_hal_cortex.o
 .debug_info    0x0000000000004db3      0x947 ./Drivers/STM32F4xx_HAL_Driver/Src/stm32f4xx_hal_dma.o
 .debug_info    0x00000000000056fa      0x78e ./Drivers/STM32F4xx_HAL_Driver/Src/stm32f4xx_hal_gpio.o
 .debug_info    0x0000000000005e88      0x98d ./Drivers/STM32F4xx_HAL_Driver/Src/stm32f4xx_hal_rcc.o
 .debug_info    0x0000000000006815     0x31b4 ./Drivers/STM32F4xx_HAL_Driver/Src/stm32f4xx_hal_uart.o
 .debug_info    0x00000000000099c9     0x3b86 ./Middlewares/Third_Party/FreeRTOS/Source/CMSIS_RTOS_V2/cmsis_os2.o
 .debug_info    0x000000000000d54f      0xc65 ./Middlewares/Third_Party/FreeRTOS/Source/event_groups.o
 .debug_info    0x000000000000e1b4      0x2d1 ./Middlewares/Third_Party/FreeRTOS/Source/list.o
 .debug_info    0x000000000000e485     0x1cbf ./Middlewares/Third_Party/FreeRTOS/Source/queue.o
 .debug_info    0x0000000000010144     0x2362 ./Middlewares/Third_Party/FreeRTOS/Source/tasks.o
 .debug_info    0x00000000000124a6     0x1572 ./Middlewares/Third_Party/FreeRTOS/Source/timers.o
 .debug_info    0x0000000000013a18      0x507 ./Middlewares/Third_Party/FreeRTOS/Source/portable/GCC/ARM_CM4F/port.o
 .debug_info    0x0000000000013f1f      0x50b ./Middlewares/Third_Party/FreeRTOS/Source/portable/MemMang/heap_4.o

.debug_abbrev   0x0000000000000000     0x323b
 .debug_abbrev  0x0000000000000000      0x226 ./Core/Src/keyboard.o
 .debug_abbrev  0x0000000000000226      0x334 ./Core/Src/main.o
 .debug_abbrev  0x000000000000055a      0x1c6 ./Core/Src/semaforo.o
 .debug_abbrev  0x0000000000000720      0x1b9 ./Core/Src/stm32f4xx_hal_msp.o
 .debug_abbrev  0x00000000000008d9      0x1a1 ./Core/Src/stm32f4xx_it.o
 .debug_abbrev  0x0000000000000a7a      0x116 ./Core/Src/system_stm32f4xx.o
 .debug_abbrev  0x0000000000000b90       0x12 ./Core/Startup/startup_stm32f411retx.o
 .debug_abbrev  0x0000000000000ba2      0x23e ./Drivers/STM32F4xx_HAL_Driver/Src/stm32f4xx_hal.o
 .debug_abbrev  0x0000000000000de0      0x316 ./Drivers/STM32F4xx_HAL_Driver/Src/stm32f4xx_hal_cortex.o
 .debug_abbrev  0x00000000000010f6      0x21b ./Drivers/STM32F4xx_HAL_Driver/Src/stm32f4xx_hal_dma.o
 .debug_abbrev  0x0000000000001311      0x1c4 ./Drivers/STM32F4xx_HAL_Driver/Src/stm32f4xx_hal_gpio.o
 .debug_abbrev  0x00000000000014d5      0x2aa ./Drivers/STM32F4xx_HAL_Driver/Src/stm32f4xx_hal_rcc.o
 .debug_abbrev  0x000000000000177f      0x305 ./Drivers/STM32F4xx_HAL_Driver/Src/stm32f4xx_hal_uart.o
 .debug_abbrev  0x0000000000001a84      0x4e6 ./Middlewares/Third_Party/FreeRTOS/Source/CMSIS_RTOS_V2/cmsis_os2.o
 .debug_abbrev  0x0000000000001f6a      0x310 ./Middlewares/Third_Party/FreeRTOS/Source/event_groups.o
 .debug_abbrev  0x000000000000227a       0xf2 ./Middlewares/Third_Party/FreeRTOS/Source/list.o
 .debug_abbrev  0x000000000000236c      0x3a1 ./Middlewares/Third_Party/FreeRTOS/Source/queue.o
 .debug_abbrev  0x000000000000270d      0x37d ./Middlewares/Third_Party/FreeRTOS/Source/tasks.o
 .debug_abbrev  0x0000000000002a8a      0x346 ./Middlewares/Third_Party/FreeRTOS/Source/timers.o
 .debug_abbrev  0x0000000000002dd0      0x259 ./Middlewares/Third_Party/FreeRTOS/Source/portable/GCC/ARM_CM4F/port.o
 .debug_abbrev  0x0000000000003029      0x212 ./Middlewares/Third_Party/FreeRTOS/Source/portable/MemMang/heap_4.o

.debug_aranges  0x0000000000000000     0x1060
 .debug_aranges
                0x0000000000000000       0x50 ./Core/Src/keyboard.o
 .debug_aranges
                0x0000000000000050       0xb8 ./Core/Src/main.o
 .debug_aranges
                0x0000000000000108       0x60 ./Core/Src/semaforo.o
 .debug_aranges
                0x0000000000000168       0x30 ./Core/Src/stm32f4xx_hal_msp.o
 .debug_aranges
                0x0000000000000198       0x60 ./Core/Src/stm32f4xx_it.o
 .debug_aranges
                0x00000000000001f8       0x28 ./Core/Src/system_stm32f4xx.o
 .debug_aranges
                0x0000000000000220       0x28 ./Core/Startup/startup_stm32f411retx.o
 .debug_aranges
                0x0000000000000248       0xf0 ./Drivers/STM32F4xx_HAL_Driver/Src/stm32f4xx_hal.o
 .debug_aranges
                0x0000000000000338      0x118 ./Drivers/STM32F4xx_HAL_Driver/Src/stm32f4xx_hal_cortex.o
 .debug_aranges
                0x0000000000000450       0x90 ./Drivers/STM32F4xx_HAL_Driver/Src/stm32f4xx_hal_dma.o
 .debug_aranges
                0x00000000000004e0       0x58 ./Drivers/STM32F4xx_HAL_Driver/Src/stm32f4xx_hal_gpio.o
 .debug_aranges
                0x0000000000000538       0x88 ./Drivers/STM32F4xx_HAL_Driver/Src/stm32f4xx_hal_rcc.o
 .debug_aranges
                0x00000000000005c0      0x200 ./Drivers/STM32F4xx_HAL_Driver/Src/stm32f4xx_hal_uart.o
 .debug_aranges
                0x00000000000007c0      0x2a8 ./Middlewares/Third_Party/FreeRTOS/Source/CMSIS_RTOS_V2/cmsis_os2.o
 .debug_aranges
                0x0000000000000a68       0x90 ./Middlewares/Third_Party/FreeRTOS/Source/event_groups.o
 .debug_aranges
                0x0000000000000af8       0x40 ./Middlewares/Third_Party/FreeRTOS/Source/list.o
 .debug_aranges
                0x0000000000000b38      0x158 ./Middlewares/Third_Party/FreeRTOS/Source/queue.o
 .debug_aranges
                0x0000000000000c90      0x208 ./Middlewares/Third_Party/FreeRTOS/Source/tasks.o
 .debug_aranges
                0x0000000000000e98       0xf0 ./Middlewares/Third_Party/FreeRTOS/Source/timers.o
 .debug_aranges
                0x0000000000000f88       0x80 ./Middlewares/Third_Party/FreeRTOS/Source/portable/GCC/ARM_CM4F/port.o
 .debug_aranges
                0x0000000000001008       0x58 ./Middlewares/Third_Party/FreeRTOS/Source/portable/MemMang/heap_4.o

.debug_ranges   0x0000000000000000      0xf48
 .debug_ranges  0x0000000000000000       0x40 ./Core/Src/keyboard.o
 .debug_ranges  0x0000000000000040       0xa8 ./Core/Src/main.o
 .debug_ranges  0x00000000000000e8       0x50 ./Core/Src/semaforo.o
 .debug_ranges  0x0000000000000138       0x20 ./Core/Src/stm32f4xx_hal_msp.o
 .debug_ranges  0x0000000000000158       0x50 ./Core/Src/stm32f4xx_it.o
 .debug_ranges  0x00000000000001a8       0x18 ./Core/Src/system_stm32f4xx.o
 .debug_ranges  0x00000000000001c0       0x20 ./Core/Startup/startup_stm32f411retx.o
 .debug_ranges  0x00000000000001e0       0xe0 ./Drivers/STM32F4xx_HAL_Driver/Src/stm32f4xx_hal.o
 .debug_ranges  0x00000000000002c0      0x108 ./Drivers/STM32F4xx_HAL_Driver/Src/stm32f4xx_hal_cortex.o
 .debug_ranges  0x00000000000003c8       0x80 ./Drivers/STM32F4xx_HAL_Driver/Src/stm32f4xx_hal_dma.o
 .debug_ranges  0x0000000000000448       0x48 ./Drivers/STM32F4xx_HAL_Driver/Src/stm32f4xx_hal_gpio.o
 .debug_ranges  0x0000000000000490       0x78 ./Drivers/STM32F4xx_HAL_Driver/Src/stm32f4xx_hal_rcc.o
 .debug_ranges  0x0000000000000508      0x220 ./Drivers/STM32F4xx_HAL_Driver/Src/stm32f4xx_hal_uart.o
 .debug_ranges  0x0000000000000728      0x298 ./Middlewares/Third_Party/FreeRTOS/Source/CMSIS_RTOS_V2/cmsis_os2.o
 .debug_ranges  0x00000000000009c0       0x80 ./Middlewares/Third_Party/FreeRTOS/Source/event_groups.o
 .debug_ranges  0x0000000000000a40       0x30 ./Middlewares/Third_Party/FreeRTOS/Source/list.o
 .debug_ranges  0x0000000000000a70      0x148 ./Middlewares/Third_Party/FreeRTOS/Source/queue.o
 .debug_ranges  0x0000000000000bb8      0x1f8 ./Middlewares/Third_Party/FreeRTOS/Source/tasks.o
 .debug_ranges  0x0000000000000db0       0xe0 ./Middlewares/Third_Party/FreeRTOS/Source/timers.o
 .debug_ranges  0x0000000000000e90       0x70 ./Middlewares/Third_Party/FreeRTOS/Source/portable/GCC/ARM_CM4F/port.o
 .debug_ranges  0x0000000000000f00       0x48 ./Middlewares/Third_Party/FreeRTOS/Source/portable/MemMang/heap_4.o

.debug_macro    0x0000000000000000     0x33bb
 .debug_macro   0x0000000000000000      0x262 ./Core/Src/keyboard.o
 .debug_macro   0x0000000000000262      0x169 ./Core/Src/keyboard.o
 .debug_macro   0x00000000000003cb       0x66 ./Core/Src/keyboard.o
 .debug_macro   0x0000000000000431       0x74 ./Core/Src/keyboard.o
 .debug_macro   0x00000000000004a5       0xdd ./Core/Src/keyboard.o
 .debug_macro   0x0000000000000582       0x52 ./Core/Src/keyboard.o
 .debug_macro   0x00000000000005d4       0x70 ./Core/Src/keyboard.o
 .debug_macro   0x0000000000000644      0x275 ./Core/Src/main.o
 .debug_macro   0x00000000000008b9       0x8e ./Core/Src/main.o
 .debug_macro   0x0000000000000947       0x76 ./Core/Src/main.o
 .debug_macro   0x00000000000009bd      0x262 ./Core/Src/semaforo.o
 .debug_macro   0x0000000000000c1f      0x1c9 ./Core/Src/stm32f4xx_hal_msp.o
 .debug_macro   0x0000000000000de8      0x23b ./Core/Src/stm32f4xx_it.o
 .debug_macro   0x0000000000001023      0x1ba ./Core/Src/system_stm32f4xx.o
 .debug_macro   0x00000000000011dd      0x21a ./Drivers/STM32F4xx_HAL_Driver/Src/stm32f4xx_hal.o
 .debug_macro   0x00000000000013f7      0x1ba ./Drivers/STM32F4xx_HAL_Driver/Src/stm32f4xx_hal_cortex.o
 .debug_macro   0x00000000000015b1      0x1c0 ./Drivers/STM32F4xx_HAL_Driver/Src/stm32f4xx_hal_dma.o
 .debug_macro   0x0000000000001771      0x1c0 ./Drivers/STM32F4xx_HAL_Driver/Src/stm32f4xx_hal_gpio.o
 .debug_macro   0x0000000000001931      0x1de ./Drivers/STM32F4xx_HAL_Driver/Src/stm32f4xx_hal_rcc.o
 .debug_macro   0x0000000000001b0f      0x1bb ./Drivers/STM32F4xx_HAL_Driver/Src/stm32f4xx_hal_uart.o
 .debug_macro   0x0000000000001cca      0x3b1 ./Middlewares/Third_Party/FreeRTOS/Source/CMSIS_RTOS_V2/cmsis_os2.o
 .debug_macro   0x000000000000207b       0x10 ./Middlewares/Third_Party/FreeRTOS/Source/CMSIS_RTOS_V2/cmsis_os2.o
 .debug_macro   0x000000000000208b       0x20 ./Middlewares/Third_Party/FreeRTOS/Source/CMSIS_RTOS_V2/cmsis_os2.o
 .debug_macro   0x00000000000020ab       0x10 ./Middlewares/Third_Party/FreeRTOS/Source/CMSIS_RTOS_V2/cmsis_os2.o
 .debug_macro   0x00000000000020bb       0xd3 ./Middlewares/Third_Party/FreeRTOS/Source/CMSIS_RTOS_V2/cmsis_os2.o
 .debug_macro   0x000000000000218e       0x91 ./Middlewares/Third_Party/FreeRTOS/Source/CMSIS_RTOS_V2/cmsis_os2.o
 .debug_macro   0x000000000000221f       0x8d ./Middlewares/Third_Party/FreeRTOS/Source/CMSIS_RTOS_V2/cmsis_os2.o
 .debug_macro   0x00000000000022ac       0x9a ./Middlewares/Third_Party/FreeRTOS/Source/CMSIS_RTOS_V2/cmsis_os2.o
 .debug_macro   0x0000000000002346       0x22 ./Middlewares/Third_Party/FreeRTOS/Source/CMSIS_RTOS_V2/cmsis_os2.o
 .debug_macro   0x0000000000002368       0x56 ./Middlewares/Third_Party/FreeRTOS/Source/CMSIS_RTOS_V2/cmsis_os2.o
 .debug_macro   0x00000000000023be      0x1e2 ./Middlewares/Third_Party/FreeRTOS/Source/event_groups.o
 .debug_macro   0x00000000000025a0      0x10e ./Middlewares/Third_Party/FreeRTOS/Source/event_groups.o
 .debug_macro   0x00000000000026ae       0x8d ./Middlewares/Third_Party/FreeRTOS/Source/event_groups.o
 .debug_macro   0x000000000000273b      0x187 ./Middlewares/Third_Party/FreeRTOS/Source/list.o
 .debug_macro   0x00000000000028c2      0x216 ./Middlewares/Third_Party/FreeRTOS/Source/queue.o
 .debug_macro   0x0000000000002ad8       0x16 ./Middlewares/Third_Party/FreeRTOS/Source/queue.o
 .debug_macro   0x0000000000002aee       0x87 ./Middlewares/Third_Party/FreeRTOS/Source/queue.o
 .debug_macro   0x0000000000002b75      0x27f ./Middlewares/Third_Party/FreeRTOS/Source/tasks.o
 .debug_macro   0x0000000000002df4       0x10 ./Middlewares/Third_Party/FreeRTOS/Source/tasks.o
 .debug_macro   0x0000000000002e04      0x1dc ./Middlewares/Third_Party/FreeRTOS/Source/timers.o
 .debug_macro   0x0000000000002fe0       0x97 ./Middlewares/Third_Party/FreeRTOS/Source/timers.o
 .debug_macro   0x0000000000003077      0x196 ./Middlewares/Third_Party/FreeRTOS/Source/portable/GCC/ARM_CM4F/port.o
 .debug_macro   0x000000000000320d      0x1ae ./Middlewares/Third_Party/FreeRTOS/Source/portable/MemMang/heap_4.o

.debug_line     0x0000000000000000    0x12009
 .debug_line    0x0000000000000000      0x952 ./Core/Src/keyboard.o
 .debug_line    0x0000000000000952      0xb1c ./Core/Src/main.o
 .debug_line    0x000000000000146e      0x8fc ./Core/Src/semaforo.o
 .debug_line    0x0000000000001d6a      0x6bf ./Core/Src/stm32f4xx_hal_msp.o
 .debug_line    0x0000000000002429      0x84b ./Core/Src/stm32f4xx_it.o
 .debug_line    0x0000000000002c74      0x6f0 ./Core/Src/system_stm32f4xx.o
 .debug_line    0x0000000000003364       0x88 ./Core/Startup/startup_stm32f411retx.o
 .debug_line    0x00000000000033ec      0x956 ./Drivers/STM32F4xx_HAL_Driver/Src/stm32f4xx_hal.o
 .debug_line    0x0000000000003d42      0xc05 ./Drivers/STM32F4xx_HAL_Driver/Src/stm32f4xx_hal_cortex.o
 .debug_line    0x0000000000004947      0xeba ./Drivers/STM32F4xx_HAL_Driver/Src/stm32f4xx_hal_dma.o
 .debug_line    0x0000000000005801      0xa8e ./Drivers/STM32F4xx_HAL_Driver/Src/stm32f4xx_hal_gpio.o
 .debug_line    0x000000000000628f      0xcd0 ./Drivers/STM32F4xx_HAL_Driver/Src/stm32f4xx_hal_rcc.o
 .debug_line    0x0000000000006f5f     0x29fb ./Drivers/STM32F4xx_HAL_Driver/Src/stm32f4xx_hal_uart.o
 .debug_line    0x000000000000995a     0x233e ./Middlewares/Third_Party/FreeRTOS/Source/CMSIS_RTOS_V2/cmsis_os2.o
 .debug_line    0x000000000000bc98      0xad4 ./Middlewares/Third_Party/FreeRTOS/Source/event_groups.o
 .debug_line    0x000000000000c76c      0x6da ./Middlewares/Third_Party/FreeRTOS/Source/list.o
 .debug_line    0x000000000000ce46     0x16a4 ./Middlewares/Third_Party/FreeRTOS/Source/queue.o
 .debug_line    0x000000000000e4ea     0x1d59 ./Middlewares/Third_Party/FreeRTOS/Source/tasks.o
 .debug_line    0x0000000000010243      0xd3a ./Middlewares/Third_Party/FreeRTOS/Source/timers.o
 .debug_line    0x0000000000010f7d      0x788 ./Middlewares/Third_Party/FreeRTOS/Source/portable/GCC/ARM_CM4F/port.o
 .debug_line    0x0000000000011705      0x904 ./Middlewares/Third_Party/FreeRTOS/Source/portable/MemMang/heap_4.o

.debug_str      0x0000000000000000    0x8fb4c
 .debug_str     0x0000000000000000    0x84325 ./Core/Src/keyboard.o
                                      0x845bd (size before relaxing)
 .debug_str     0x0000000000084325     0x153a ./Core/Src/main.o
                                      0x85af7 (size before relaxing)
 .debug_str     0x000000000008585f       0x90 ./Core/Src/semaforo.o
                                      0x8465b (size before relaxing)
 .debug_str     0x00000000000858ef       0x74 ./Core/Src/stm32f4xx_hal_msp.o
                                      0x8032e (size before relaxing)
 .debug_str     0x0000000000085963      0x12b ./Core/Src/stm32f4xx_it.o
                                      0x83c5c (size before relaxing)
 .debug_str     0x0000000000085a8e       0xdb ./Core/Src/system_stm32f4xx.o
                                      0x7fa4b (size before relaxing)
 .debug_str     0x0000000000085b69       0x36 ./Core/Startup/startup_stm32f411retx.o
                                         0x7e (size before relaxing)
 .debug_str     0x0000000000085b9f      0x60b ./Drivers/STM32F4xx_HAL_Driver/Src/stm32f4xx_hal.o
                                      0x80477 (size before relaxing)
 .debug_str     0x00000000000861aa      0x31d ./Drivers/STM32F4xx_HAL_Driver/Src/stm32f4xx_hal_cortex.o
                                      0x80198 (size before relaxing)
 .debug_str     0x00000000000864c7      0x322 ./Drivers/STM32F4xx_HAL_Driver/Src/stm32f4xx_hal_dma.o
                                      0x7fe53 (size before relaxing)
 .debug_str     0x00000000000867e9       0xc4 ./Drivers/STM32F4xx_HAL_Driver/Src/stm32f4xx_hal_gpio.o
                                      0x7fbc6 (size before relaxing)
 .debug_str     0x00000000000868ad      0x233 ./Drivers/STM32F4xx_HAL_Driver/Src/stm32f4xx_hal_rcc.o
                                      0x7fe7f (size before relaxing)
 .debug_str     0x0000000000086ae0      0x5b7 ./Drivers/STM32F4xx_HAL_Driver/Src/stm32f4xx_hal_uart.o
                                      0x8040c (size before relaxing)
 .debug_str     0x0000000000087097     0x5cc8 ./Middlewares/Third_Party/FreeRTOS/Source/CMSIS_RTOS_V2/cmsis_os2.o
                                      0x8a1c0 (size before relaxing)
 .debug_str     0x000000000008cd5f      0x548 ./Middlewares/Third_Party/FreeRTOS/Source/event_groups.o
                                       0xbb0b (size before relaxing)
 .debug_str     0x000000000008d2a7       0xaf ./Middlewares/Third_Party/FreeRTOS/Source/list.o
                                       0xa672 (size before relaxing)
 .debug_str     0x000000000008d356      0x7de ./Middlewares/Third_Party/FreeRTOS/Source/queue.o
                                       0xc1b2 (size before relaxing)
 .debug_str     0x000000000008db34      0xff1 ./Middlewares/Third_Party/FreeRTOS/Source/tasks.o
                                       0xcc6f (size before relaxing)
 .debug_str     0x000000000008eb25      0x580 ./Middlewares/Third_Party/FreeRTOS/Source/timers.o
                                       0xc6e4 (size before relaxing)
 .debug_str     0x000000000008f0a5      0x783 ./Middlewares/Third_Party/FreeRTOS/Source/portable/GCC/ARM_CM4F/port.o
                                       0x85e3 (size before relaxing)
 .debug_str     0x000000000008f828      0x324 ./Middlewares/Third_Party/FreeRTOS/Source/portable/MemMang/heap_4.o
                                       0xafb4 (size before relaxing)

.comment        0x0000000000000000       0x50
 .comment       0x0000000000000000       0x50 ./Core/Src/keyboard.o
                                         0x51 (size before relaxing)
 .comment       0x0000000000000050       0x51 ./Core/Src/main.o
 .comment       0x0000000000000050       0x51 ./Core/Src/semaforo.o
 .comment       0x0000000000000050       0x51 ./Core/Src/stm32f4xx_hal_msp.o
 .comment       0x0000000000000050       0x51 ./Core/Src/stm32f4xx_it.o
 .comment       0x0000000000000050       0x51 ./Core/Src/system_stm32f4xx.o
 .comment       0x0000000000000050       0x51 ./Drivers/STM32F4xx_HAL_Driver/Src/stm32f4xx_hal.o
 .comment       0x0000000000000050       0x51 ./Drivers/STM32F4xx_HAL_Driver/Src/stm32f4xx_hal_cortex.o
 .comment       0x0000000000000050       0x51 ./Drivers/STM32F4xx_HAL_Driver/Src/stm32f4xx_hal_dma.o
 .comment       0x0000000000000050       0x51 ./Drivers/STM32F4xx_HAL_Driver/Src/stm32f4xx_hal_gpio.o
 .comment       0x0000000000000050       0x51 ./Drivers/STM32F4xx_HAL_Driver/Src/stm32f4xx_hal_rcc.o
 .comment       0x0000000000000050       0x51 ./Drivers/STM32F4xx_HAL_Driver/Src/stm32f4xx_hal_uart.o
 .comment       0x0000000000000050       0x51 ./Middlewares/Third_Party/FreeRTOS/Source/CMSIS_RTOS_V2/cmsis_os2.o
 .comment       0x0000000000000050       0x51 ./Middlewares/Third_Party/FreeRTOS/Source/event_groups.o
 .comment       0x0000000000000050       0x51 ./Middlewares/Third_Party/FreeRTOS/Source/list.o
 .comment       0x0000000000000050       0x51 ./Middlewares/Third_Party/FreeRTOS/Source/queue.o
 .comment       0x0000000000000050       0x51 ./Middlewares/Third_Party/FreeRTOS/Source/tasks.o
 .comment       0x0000000000000050       0x51 ./Middlewares/Third_Party/FreeRTOS/Source/timers.o
 .comment       0x0000000000000050       0x51 ./Middlewares/Third_Party/FreeRTOS/Source/portable/GCC/ARM_CM4F/port.o
 .comment       0x0000000000000050       0x51 ./Middlewares/Third_Party/FreeRTOS/Source/portable/MemMang/heap_4.o

.debug_frame    0x0000000000000000     0x42a4
 .debug_frame   0x0000000000000000      0x10c ./Core/Src/keyboard.o
 .debug_frame   0x000000000000010c      0x28c ./Core/Src/main.o
 .debug_frame   0x0000000000000398      0x114 ./Core/Src/semaforo.o
 .debug_frame   0x00000000000004ac       0x7c ./Core/Src/stm32f4xx_hal_msp.o
 .debug_frame   0x0000000000000528       0xfc ./Core/Src/stm32f4xx_it.o
 .debug_frame   0x0000000000000624       0x58 ./Core/Src/system_stm32f4xx.o
 .debug_frame   0x000000000000067c      0x374 ./Drivers/STM32F4xx_HAL_Driver/Src/stm32f4xx_hal.o