../Core/Src/main.c:409:6:StartSemNormalTask	8	static
../Core/Src/main.c:422:6:StartSemGestionTask	16	static
../Core/Src/main.c:437:6:StartSirenaTask	8	static
../Core/Src/main.c:462:6:StartKeyboardTask	16	static
../Core/Src/main.c:87:6:HAL_GPIO_EXTI_Callback	8	static
../Core/Src/main.c:136:6:createOsObjects	8	static
../Core/Src/main.c:148:6:createOsThreads	8	static
../Core/Src/main.c:252:6:SystemClock_Config	88	static,ignoring_inline_asm
../Core/Src/main.c:170:5:main	56	static,ignoring_inline_asm
../Core/Src/main.c:392:6:StartSendUART	16	static
../Core/Src/main.c:447:8:isANumber	0	static
../Core/Src/main.c:451:8:isAnEmergencyType	0	static
../Core/Src/main.c:488:6:Error_Handler	0	static,ignoring_inline_asm
